Archive member included to satisfy reference by file (symbol)

c:/ac6/systemworkbench/plugins/fr.ac6.mcu.externaltools.arm-none.win32_1.17.0.201812190825/tools/compiler/bin/../lib/gcc/arm-none-eabi/7.3.1/../../../../arm-none-eabi/lib/thumb/v7e-m/fpv4-sp/hard\libm.a(lib_a-s_ceil.o)
                              Src/main.o (ceil)
c:/ac6/systemworkbench/plugins/fr.ac6.mcu.externaltools.arm-none.win32_1.17.0.201812190825/tools/compiler/bin/../lib/gcc/arm-none-eabi/7.3.1/thumb/v7e-m/fpv4-sp/hard\libgcc.a(_arm_addsubdf3.o)
                              c:/ac6/systemworkbench/plugins/fr.ac6.mcu.externaltools.arm-none.win32_1.17.0.201812190825/tools/compiler/bin/../lib/gcc/arm-none-eabi/7.3.1/../../../../arm-none-eabi/lib/thumb/v7e-m/fpv4-sp/hard\libm.a(lib_a-s_ceil.o) (__aeabi_dadd)
c:/ac6/systemworkbench/plugins/fr.ac6.mcu.externaltools.arm-none.win32_1.17.0.201812190825/tools/compiler/bin/../lib/gcc/arm-none-eabi/7.3.1/thumb/v7e-m/fpv4-sp/hard\libgcc.a(_arm_muldivdf3.o)
                              Src/main.o (__aeabi_dmul)
c:/ac6/systemworkbench/plugins/fr.ac6.mcu.externaltools.arm-none.win32_1.17.0.201812190825/tools/compiler/bin/../lib/gcc/arm-none-eabi/7.3.1/thumb/v7e-m/fpv4-sp/hard\libgcc.a(_arm_cmpdf2.o)
                              c:/ac6/systemworkbench/plugins/fr.ac6.mcu.externaltools.arm-none.win32_1.17.0.201812190825/tools/compiler/bin/../lib/gcc/arm-none-eabi/7.3.1/../../../../arm-none-eabi/lib/thumb/v7e-m/fpv4-sp/hard\libm.a(lib_a-s_ceil.o) (__aeabi_dcmpgt)
c:/ac6/systemworkbench/plugins/fr.ac6.mcu.externaltools.arm-none.win32_1.17.0.201812190825/tools/compiler/bin/../lib/gcc/arm-none-eabi/7.3.1/thumb/v7e-m/fpv4-sp/hard\libgcc.a(_arm_fixdfsi.o)
                              Src/main.o (__aeabi_d2iz)
c:/ac6/systemworkbench/plugins/fr.ac6.mcu.externaltools.arm-none.win32_1.17.0.201812190825/tools/compiler/bin/../lib/gcc/arm-none-eabi/7.3.1/thumb/v7e-m/fpv4-sp/hard\libgcc.a(_arm_fixunsdfsi.o)
                              Src/main.o (__aeabi_d2uiz)
c:/ac6/systemworkbench/plugins/fr.ac6.mcu.externaltools.arm-none.win32_1.17.0.201812190825/tools/compiler/bin/../lib/gcc/arm-none-eabi/7.3.1/thumb/v7e-m/fpv4-sp/hard\libgcc.a(_aeabi_uldivmod.o)
                              Drivers/STM32L4xx_HAL_Driver/Src/stm32l4xx_hal_uart.o (__aeabi_uldivmod)
c:/ac6/systemworkbench/plugins/fr.ac6.mcu.externaltools.arm-none.win32_1.17.0.201812190825/tools/compiler/bin/../lib/gcc/arm-none-eabi/7.3.1/thumb/v7e-m/fpv4-sp/hard\libgcc.a(_udivmoddi4.o)
                              c:/ac6/systemworkbench/plugins/fr.ac6.mcu.externaltools.arm-none.win32_1.17.0.201812190825/tools/compiler/bin/../lib/gcc/arm-none-eabi/7.3.1/thumb/v7e-m/fpv4-sp/hard\libgcc.a(_aeabi_uldivmod.o) (__udivmoddi4)
c:/ac6/systemworkbench/plugins/fr.ac6.mcu.externaltools.arm-none.win32_1.17.0.201812190825/tools/compiler/bin/../lib/gcc/arm-none-eabi/7.3.1/thumb/v7e-m/fpv4-sp/hard\libgcc.a(_dvmd_tls.o)
                              c:/ac6/systemworkbench/plugins/fr.ac6.mcu.externaltools.arm-none.win32_1.17.0.201812190825/tools/compiler/bin/../lib/gcc/arm-none-eabi/7.3.1/thumb/v7e-m/fpv4-sp/hard\libgcc.a(_aeabi_uldivmod.o) (__aeabi_ldiv0)
c:/ac6/systemworkbench/plugins/fr.ac6.mcu.externaltools.arm-none.win32_1.17.0.201812190825/tools/compiler/bin/../lib/gcc/arm-none-eabi/7.3.1/../../../../arm-none-eabi/lib/thumb/v7e-m/fpv4-sp/hard\libc_nano.a(lib_a-errno.o)
                              Src/syscalls.o (__errno)
c:/ac6/systemworkbench/plugins/fr.ac6.mcu.externaltools.arm-none.win32_1.17.0.201812190825/tools/compiler/bin/../lib/gcc/arm-none-eabi/7.3.1/../../../../arm-none-eabi/lib/thumb/v7e-m/fpv4-sp/hard\libc_nano.a(lib_a-exit.o)
                              c:/ac6/systemworkbench/plugins/fr.ac6.mcu.externaltools.arm-none.win32_1.17.0.201812190825/tools/compiler/bin/../lib/gcc/arm-none-eabi/7.3.1/../../../../arm-none-eabi/lib/thumb/v7e-m/fpv4-sp/hard/crt0.o (exit)
c:/ac6/systemworkbench/plugins/fr.ac6.mcu.externaltools.arm-none.win32_1.17.0.201812190825/tools/compiler/bin/../lib/gcc/arm-none-eabi/7.3.1/../../../../arm-none-eabi/lib/thumb/v7e-m/fpv4-sp/hard\libc_nano.a(lib_a-impure.o)
                              c:/ac6/systemworkbench/plugins/fr.ac6.mcu.externaltools.arm-none.win32_1.17.0.201812190825/tools/compiler/bin/../lib/gcc/arm-none-eabi/7.3.1/../../../../arm-none-eabi/lib/thumb/v7e-m/fpv4-sp/hard\libc_nano.a(lib_a-exit.o) (_global_impure_ptr)
c:/ac6/systemworkbench/plugins/fr.ac6.mcu.externaltools.arm-none.win32_1.17.0.201812190825/tools/compiler/bin/../lib/gcc/arm-none-eabi/7.3.1/../../../../arm-none-eabi/lib/thumb/v7e-m/fpv4-sp/hard\libc_nano.a(lib_a-init.o)
                              c:/ac6/systemworkbench/plugins/fr.ac6.mcu.externaltools.arm-none.win32_1.17.0.201812190825/tools/compiler/bin/../lib/gcc/arm-none-eabi/7.3.1/../../../../arm-none-eabi/lib/thumb/v7e-m/fpv4-sp/hard/crt0.o (__libc_init_array)
[...]
Memory Configuration

Name             Origin             Length             Attributes
RAM              0x20000000         0x00018000         xrw
RAM2             0x10000000         0x00008000         xrw
FLASH            0x08008000         0x00100000         xr
*default*        0x00000000         0xffffffff

Linker script and memory map

LOAD c:/ac6/systemworkbench/plugins/fr.ac6.mcu.externaltools.arm-none.win32_1.17.0.201812190825/tools/compiler/bin/../lib/gcc/arm-none-eabi/7.3.1/thumb/v7e-m/fpv4-sp/hard/crti.o
LOAD c:/ac6/systemworkbench/plugins/fr.ac6.mcu.externaltools.arm-none.win32_1.17.0.201812190825/tools/compiler/bin/../lib/gcc/arm-none-eabi/7.3.1/thumb/v7e-m/fpv4-sp/hard/crtbegin.o
LOAD c:/ac6/systemworkbench/plugins/fr.ac6.mcu.externaltools.arm-none.win32_1.17.0.201812190825/tools/compiler/bin/../lib/gcc/arm-none-eabi/7.3.1/../../../../arm-none-eabi/lib/thumb/v7e-m/fpv4-sp/hard/crt0.o
LOAD Drivers/STM32L4xx_HAL_Driver/Src/stm32l4xx_hal.o
LOAD Drivers/STM32L4xx_HAL_Driver/Src/stm32l4xx_hal_cortex.o
LOAD Drivers/STM32L4xx_HAL_Driver/Src/stm32l4xx_hal_dma.o
LOAD Drivers/STM32L4xx_HAL_Driver/Src/stm32l4xx_hal_dma_ex.o
LOAD Drivers/STM32L4xx_HAL_Driver/Src/stm32l4xx_hal_exti.o
LOAD Drivers/STM32L4xx_HAL_Driver/Src/stm32l4xx_hal_flash.o
LOAD Drivers/STM32L4xx_HAL_Driver/Src/stm32l4xx_hal_flash_ex.o
LOAD Drivers/STM32L4xx_HAL_Driver/Src/stm32l4xx_hal_flash_ramfunc.o
LOAD Drivers/STM32L4xx_HAL_Driver/Src/stm32l4xx_hal_gpio.o
LOAD Drivers/STM32L4xx_HAL_Driver/Src/stm32l4xx_hal_i2c.o
LOAD Drivers/STM32L4xx_HAL_Driver/Src/stm32l4xx_hal_i2c_ex.o
LOAD Drivers/STM32L4xx_HAL_Driver/Src/stm32l4xx_hal_pwr.o
LOAD Drivers/STM32L4xx_HAL_Driver/Src/stm32l4xx_hal_pwr_ex.o
LOAD Drivers/STM32L4xx_HAL_Driver/Src/stm32l4xx_hal_rcc.o
LOAD Drivers/STM32L4xx_HAL_Driver/Src/stm32l4xx_hal_rcc_ex.o
LOAD Drivers/STM32L4xx_HAL_Driver/Src/stm32l4xx_hal_rng.o
LOAD Drivers/STM32L4xx_HAL_Driver/Src/stm32l4xx_hal_tim.o
LOAD Drivers/STM32L4xx_HAL_Driver/Src/stm32l4xx_hal_tim_ex.o
LOAD Drivers/STM32L4xx_HAL_Driver/Src/stm32l4xx_hal_uart.o
LOAD Drivers/STM32L4xx_HAL_Driver/Src/stm32l4xx_hal_uart_ex.o
LOAD Src/aes.o
LOAD Src/main.o
LOAD Src/stm32l4xx_hal_msp.o
LOAD Src/stm32l4xx_it.o
LOAD Src/syscalls.o
LOAD Src/system_stm32l4xx.o
LOAD startup/startup_stm32l476xx.o
LOAD c:/ac6/systemworkbench/plugins/fr.ac6.mcu.externaltools.arm-none.win32_1.17.0.201812190825/tools/compiler/bin/../lib/gcc/arm-none-eabi/7.3.1/../../../../arm-none-eabi/lib/thumb/v7e-m/fpv4-sp/hard\libm.a
START GROUP
LOAD c:/ac6/systemworkbench/plugins/fr.ac6.mcu.externaltools.arm-none.win32_1.17.0.201812190825/tools/compiler/bin/../lib/gcc/arm-none-eabi/7.3.1/thumb/v7e-m/fpv4-sp/hard\libgcc.a
LOAD c:/ac6/systemworkbench/plugins/fr.ac6.mcu.externaltools.arm-none.win32_1.17.0.201812190825/tools/compiler/bin/../lib/gcc/arm-none-eabi/7.3.1/../../../../arm-none-eabi/lib/thumb/v7e-m/fpv4-sp/hard\libc_nano.a
END GROUP
START GROUP
LOAD c:/ac6/systemworkbench/plugins/fr.ac6.mcu.externaltools.arm-none.win32_1.17.0.201812190825/tools/compiler/bin/../lib/gcc/arm-none-eabi/7.3.1/thumb/v7e-m/fpv4-sp/hard\libgcc.a
LOAD c:/ac6/systemworkbench/plugins/fr.ac6.mcu.externaltools.arm-none.win32_1.17.0.201812190825/tools/compiler/bin/../lib/gcc/arm-none-eabi/7.3.1/../../../../arm-none-eabi/lib/thumb/v7e-m/fpv4-sp/hard\libc_nano.a
LOAD c:/ac6/systemworkbench/plugins/fr.ac6.mcu.externaltools.arm-none.win32_1.17.0.201812190825/tools/compiler/bin/../lib/gcc/arm-none-eabi/7.3.1/../../../../arm-none-eabi/lib/thumb/v7e-m/fpv4-sp/hard\libnosys.a
END GROUP
START GROUP
LOAD c:/ac6/systemworkbench/plugins/fr.ac6.mcu.externaltools.arm-none.win32_1.17.0.201812190825/tools/compiler/bin/../lib/gcc/arm-none-eabi/7.3.1/thumb/v7e-m/fpv4-sp/hard\libgcc.a
LOAD c:/ac6/systemworkbench/plugins/fr.ac6.mcu.externaltools.arm-none.win32_1.17.0.201812190825/tools/compiler/bin/../lib/gcc/arm-none-eabi/7.3.1/../../../../arm-none-eabi/lib/thumb/v7e-m/fpv4-sp/hard\libc_nano.a
LOAD c:/ac6/systemworkbench/plugins/fr.ac6.mcu.externaltools.arm-none.win32_1.17.0.201812190825/tools/compiler/bin/../lib/gcc/arm-none-eabi/7.3.1/../../../../arm-none-eabi/lib/thumb/v7e-m/fpv4-sp/hard\libnosys.a
END GROUP
LOAD c:/ac6/systemworkbench/plugins/fr.ac6.mcu.externaltools.arm-none.win32_1.17.0.201812190825/tools/compiler/bin/../lib/gcc/arm-none-eabi/7.3.1/thumb/v7e-m/fpv4-sp/hard/crtend.o
LOAD c:/ac6/systemworkbench/plugins/fr.ac6.mcu.externaltools.arm-none.win32_1.17.0.201812190825/tools/compiler/bin/../lib/gcc/arm-none-eabi/7.3.1/thumb/v7e-m/fpv4-sp/hard/crtn.o
                0x20018000                _estack = 0x20018000
                0x00000200                _Min_Heap_Size = 0x200
                0x00000400                _Min_Stack_Size = 0x400

.isr_vector     0x08008000      0x188
                0x08008000                . = ALIGN (0x8)
 *(.isr_vector)
 .isr_vector    0x08008000      0x188 startup/startup_stm32l476xx.o
                0x08008000                g_pfnVectors
                0x08008188                . = ALIGN (0x8)

.text           0x08008188     0x3430
                0x08008188                . = ALIGN (0x8)
 *(.text)
 .text          0x08008188       0x40 c:/ac6/systemworkbench/plugins/fr.ac6.mcu.externaltools.arm-none.win32_1.17.0.201812190825/tools/compiler/bin/../lib/gcc/arm-none-eabi/7.3.1/thumb/v7e-m/fpv4-sp/hard/crtbegin.o
 .text          0x080081c8      0x378 c:/ac6/systemworkbench/plugins/fr.ac6.mcu.externaltools.arm-none.win32_1.17.0.201812190825/tools/compiler/bin/../lib/gcc/arm-none-eabi/7.3.1/thumb/v7e-m/fpv4-sp/hard\libgcc.a(_arm_addsubdf3.o)
                0x080081c8                __aeabi_drsub
                0x080081d0                __aeabi_dsub
                0x080081d0                __subdf3
                0x080081d4                __aeabi_dadd
                0x080081d4                __adddf3
                0x0800844c                __floatunsidf
                0x0800844c                __aeabi_ui2d
                0x0800846c                __floatsidf
                0x0800846c                __aeabi_i2d
                0x08008490                __aeabi_f2d
                0x08008490                __extendsfdf2
                0x080084d4                __floatundidf
                0x080084d4                __aeabi_ul2d
                0x080084e4                __floatdidf
                0x080084e4                __aeabi_l2d
 .text          0x08008540      0x424 c:/ac6/systemworkbench/plugins/fr.ac6.mcu.externaltools.arm-none.win32_1.17.0.201812190825/tools/compiler/bin/../lib/gcc/arm-none-eabi/7.3.1/thumb/v7e-m/fpv4-sp/hard\libgcc.a(_arm_muldivdf3.o)
                0x08008540                __aeabi_dmul
                0x08008540                __muldf3
                0x08008794                __divdf3
                0x08008794                __aeabi_ddiv
 .text          0x08008964      0x110 c:/ac6/systemworkbench/plugins/fr.ac6.mcu.externaltools.arm-none.win32_1.17.0.201812190825/tools/compiler/bin/../lib/gcc/arm-none-eabi/7.3.1/thumb/v7e-m/fpv4-sp/hard\libgcc.a(_arm_cmpdf2.o)
                0x08008964                __gtdf2
                0x08008964                __gedf2
                0x0800896c                __ltdf2
                0x0800896c                __ledf2
                0x08008974                __nedf2
                0x08008974                __eqdf2
                0x08008974                __cmpdf2
                0x080089f0                __aeabi_cdrcmple
                0x08008a00                __aeabi_cdcmpeq
                0x08008a00                __aeabi_cdcmple
                0x08008a10                __aeabi_dcmpeq
                0x08008a24                __aeabi_dcmplt
                0x08008a38                __aeabi_dcmple
                0x08008a4c                __aeabi_dcmpge
                0x08008a60                __aeabi_dcmpgt
 .text          0x08008a74       0x50 c:/ac6/systemworkbench/plugins/fr.ac6.mcu.externaltools.arm-none.win32_1.17.0.201812190825/tools/compiler/bin/../lib/gcc/arm-none-eabi/7.3.1/thumb/v7e-m/fpv4-sp/hard\libgcc.a(_arm_fixdfsi.o)
                0x08008a74                __aeabi_d2iz
                0x08008a74                __fixdfsi
 .text          0x08008ac4       0x30 c:/ac6/systemworkbench/plugins/fr.ac6.mcu.externaltools.arm-none.win32_1.17.0.201812190825/tools/compiler/bin/../lib/gcc/arm-none-eabi/7.3.1/thumb/v7e-m/fpv4-sp/hard\libgcc.a(_aeabi_uldivmod.o)
                0x08008ac4                __aeabi_uldivmod
 .text          0x08008af4      0x2cc c:/ac6/systemworkbench/plugins/fr.ac6.mcu.externaltools.arm-none.win32_1.17.0.201812190825/tools/compiler/bin/../lib/gcc/arm-none-eabi/7.3.1/thumb/v7e-m/fpv4-sp/hard\libgcc.a(_udivmoddi4.o)
                0x08008af4                __udivmoddi4
 .text          0x08008dc0        0x4 c:/ac6/systemworkbench/plugins/fr.ac6.mcu.externaltools.arm-none.win32_1.17.0.201812190825/tools/compiler/bin/../lib/gcc/arm-none-eabi/7.3.1/thumb/v7e-m/fpv4-sp/hard\libgcc.a(_dvmd_tls.o)
                0x08008dc0                __aeabi_idiv0
                0x08008dc0                __aeabi_ldiv0
 *(.text*)
 .text.HAL_InitTick
                0x08008dc4       0x4c Drivers/STM32L4xx_HAL_Driver/Src/stm32l4xx_hal.o
                0x08008dc4                HAL_InitTick
 .text.HAL_Init
                0x08008e10       0x1e Drivers/STM32L4xx_HAL_Driver/Src/stm32l4xx_hal.o
                0x08008e10                HAL_Init
 *fill*         0x08008e2e        0x2 
 .text.HAL_IncTick
                0x08008e30       0x18 Drivers/STM32L4xx_HAL_Driver/Src/stm32l4xx_hal.o
                0x08008e30                HAL_IncTick
 .text.HAL_GetTick
                0x08008e48        0xc Drivers/STM32L4xx_HAL_Driver/Src/stm32l4xx_hal.o
                0x08008e48                HAL_GetTick
 .text.HAL_NVIC_SetPriorityGrouping
                0x08008e54       0x24 Drivers/STM32L4xx_HAL_Driver/Src/stm32l4xx_hal_cortex.o
                0x08008e54                HAL_NVIC_SetPriorityGrouping
 .text.HAL_NVIC_SetPriority
                0x08008e78       0x68 Drivers/STM32L4xx_HAL_Driver/Src/stm32l4xx_hal_cortex.o
                0x08008e78                HAL_NVIC_SetPriority
 .text.HAL_SYSTICK_Config
                0x08008ee0       0x2c Drivers/STM32L4xx_HAL_Driver/Src/stm32l4xx_hal_cortex.o
                0x08008ee0                HAL_SYSTICK_Config
 .text.HAL_GPIO_Init
                0x08008f0c      0x1d4 Drivers/STM32L4xx_HAL_Driver/Src/stm32l4xx_hal_gpio.o
                0x08008f0c                HAL_GPIO_Init
 .text.HAL_PWREx_GetVoltageRange
                0x080090e0       0x10 Drivers/STM32L4xx_HAL_Driver/Src/stm32l4xx_hal_pwr_ex.o
                0x080090e0                HAL_PWREx_GetVoltageRange
 .text.HAL_PWREx_ControlVoltageScaling
                0x080090f0       0x90 Drivers/STM32L4xx_HAL_Driver/Src/stm32l4xx_hal_pwr_ex.o
                0x080090f0                HAL_PWREx_ControlVoltageScaling
 .text.RCC_SetFlashLatencyFromMSIRange
                0x08009180       0x90 Drivers/STM32L4xx_HAL_Driver/Src/stm32l4xx_hal_rcc.o
 .text.HAL_RCC_GetSysClockFreq
                0x08009210       0xb4 Drivers/STM32L4xx_HAL_Driver/Src/stm32l4xx_hal_rcc.o
                0x08009210                HAL_RCC_GetSysClockFreq
 .text.HAL_RCC_OscConfig
                0x080092c4      0x5dc Drivers/STM32L4xx_HAL_Driver/Src/stm32l4xx_hal_rcc.o
                0x080092c4                HAL_RCC_OscConfig
 .text.HAL_RCC_ClockConfig
                0x080098a0      0x158 Drivers/STM32L4xx_HAL_Driver/Src/stm32l4xx_hal_rcc.o
                0x080098a0                HAL_RCC_ClockConfig
 .text.HAL_RCC_GetHCLKFreq
                0x080099f8        0xc Drivers/STM32L4xx_HAL_Driver/Src/stm32l4xx_hal_rcc.o
                0x080099f8                HAL_RCC_GetHCLKFreq
 .text.HAL_RCC_GetPCLK1Freq
                0x08009a04       0x24 Drivers/STM32L4xx_HAL_Driver/Src/stm32l4xx_hal_rcc.o
                0x08009a04                HAL_RCC_GetPCLK1Freq
 .text.HAL_RCC_GetPCLK2Freq
                0x08009a28       0x24 Drivers/STM32L4xx_HAL_Driver/Src/stm32l4xx_hal_rcc.o
                0x08009a28                HAL_RCC_GetPCLK2Freq
 .text.RCCEx_PLLSAI1_Config
                0x08009a4c      0x170 Drivers/STM32L4xx_HAL_Driver/Src/stm32l4xx_hal_rcc_ex.o
 .text.RCCEx_PLLSAI2_Config
                0x08009bbc      0x14c Drivers/STM32L4xx_HAL_Driver/Src/stm32l4xx_hal_rcc_ex.o
 .text.HAL_RCCEx_PeriphCLKConfig
                0x08009d08      0x450 Drivers/STM32L4xx_HAL_Driver/Src/stm32l4xx_hal_rcc_ex.o
                0x08009d08                HAL_RCCEx_PeriphCLKConfig
 .text.HAL_RNG_Init
                0x0800a158       0x2e Drivers/STM32L4xx_HAL_Driver/Src/stm32l4xx_hal_rng.o
                0x0800a158                HAL_RNG_Init
 *fill*         0x0800a186        0x2 
 .text.UART_SetConfig
                0x0800a188      0x424 Drivers/STM32L4xx_HAL_Driver/Src/stm32l4xx_hal_uart.o
                0x0800a188                UART_SetConfig
 .text.UART_AdvFeatureConfig
                0x0800a5ac       0xca Drivers/STM32L4xx_HAL_Driver/Src/stm32l4xx_hal_uart.o
                0x0800a5ac                UART_AdvFeatureConfig
 .text.UART_WaitOnFlagUntilTimeout
                0x0800a676       0x60 Drivers/STM32L4xx_HAL_Driver/Src/stm32l4xx_hal_uart.o
                0x0800a676                UART_WaitOnFlagUntilTimeout
 .text.HAL_UART_Transmit
                0x0800a6d6       0xd8 Drivers/STM32L4xx_HAL_Driver/Src/stm32l4xx_hal_uart.o
                0x0800a6d6                HAL_UART_Transmit
 .text.HAL_UART_Receive
                0x0800a7ae      0x11c Drivers/STM32L4xx_HAL_Driver/Src/stm32l4xx_hal_uart.o
                0x0800a7ae                HAL_UART_Receive
 .text.UART_CheckIdleState
                0x0800a8ca       0x6c Drivers/STM32L4xx_HAL_Driver/Src/stm32l4xx_hal_uart.o
                0x0800a8ca                UART_CheckIdleState
 .text.HAL_UART_Init
                0x0800a936       0x62 Drivers/STM32L4xx_HAL_Driver/Src/stm32l4xx_hal_uart.o
                0x0800a936                HAL_UART_Init
 .text.KeyExpansion
                0x0800a998       0xcc Src/aes.o
 .text.AddRoundKey
                0x0800aa64       0x32 Src/aes.o
 *fill*         0x0800aa96        0x2 
 .text.SubBytes
                0x0800aa98       0x40 Src/aes.o
 .text.ShiftRows
                0x0800aad8       0x32 Src/aes.o
 .text.xtime    0x0800ab0a       0x12 Src/aes.o
 .text.MixColumns
                0x0800ab1c       0x70 Src/aes.o
 .text.Cipher   0x0800ab8c       0x50 Src/aes.o
 .text.AES_init_ctx
                0x0800abdc        0x8 Src/aes.o
                0x0800abdc                AES_init_ctx
 .text.AES_ECB_encrypt
                0x0800abe4       0x2c Src/aes.o
                0x0800abe4                AES_ECB_encrypt
 .text.MX_GPIO_Init
                0x0800ac10       0x20 Src/main.o
 .text.MX_RNG_Init
                0x0800ac30       0x18 Src/main.o
 .text.MX_USART2_UART_Init
                0x0800ac48       0x30 Src/main.o
 .text.Receive_UART
                0x0800ac78       0x94 Src/main.o
                0x0800ac78                Receive_UART
 .text.padding  0x0800ad0c       0x2e Src/main.o
                0x0800ad0c                padding
 .text.XOR_16bytes
                0x0800ad3a       0x1c Src/main.o
                0x0800ad3a                XOR_16bytes
 .text.CMAC_Update
                0x0800ad56       0x2c Src/main.o
                0x0800ad56                CMAC_Update
 .text.CMAC_Finish
                0x0800ad82       0x54 Src/main.o
                0x0800ad82                CMAC_Finish
 .text.LeftShift_OneBit
                0x0800add6       0x22 Src/main.o
                0x0800add6                LeftShift_OneBit
 .text.Generate_Subkey
                0x0800adf8       0x70 Src/main.o
                0x0800adf8                Generate_Subkey
 .text.CMAC_Start
                0x0800ae68       0x26 Src/main.o
                0x0800ae68                CMAC_Start
 .text.splitting8to4
                0x0800ae8e        0xc Src/main.o
                0x0800ae8e                splitting8to4
 .text.Hex2string
                0x0800ae9a       0x48 Src/main.o
                0x0800ae9a                Hex2string
 *fill*         0x0800aee2        0x2 
 .text.SystemClock_Config
                0x0800aee4       0x84 Src/main.o
                0x0800aee4                SystemClock_Config
 .text.main     0x0800af68      0x31c Src/main.o
                0x0800af68                main
 .text.HAL_MspInit
                0x0800b284       0x30 Src/stm32l4xx_hal_msp.o
                0x0800b284                HAL_MspInit
 .text.HAL_RNG_MspInit
                0x0800b2b4       0x30 Src/stm32l4xx_hal_msp.o
                0x0800b2b4                HAL_RNG_MspInit
 .text.HAL_UART_MspInit
                0x0800b2e4       0x68 Src/stm32l4xx_hal_msp.o
                0x0800b2e4                HAL_UART_MspInit
 .text.NMI_Handler
                0x0800b34c        0x2 Src/stm32l4xx_it.o
                0x0800b34c                NMI_Handler
 .text.HardFault_Handler
                0x0800b34e        0x2 Src/stm32l4xx_it.o
                0x0800b34e                HardFault_Handler
 .text.MemManage_Handler
                0x0800b350        0x2 Src/stm32l4xx_it.o
                0x0800b350                MemManage_Handler
 .text.BusFault_Handler
                0x0800b352        0x2 Src/stm32l4xx_it.o
                0x0800b352                BusFault_Handler
 .text.UsageFault_Handler
                0x0800b354        0x2 Src/stm32l4xx_it.o
                0x0800b354                UsageFault_Handler
 .text.SVC_Handler
                0x0800b356        0x2 Src/stm32l4xx_it.o
                0x0800b356                SVC_Handler
 .text.DebugMon_Handler
                0x0800b358        0x2 Src/stm32l4xx_it.o
                0x0800b358                DebugMon_Handler
 .text.PendSV_Handler
                0x0800b35a        0x2 Src/stm32l4xx_it.o
                0x0800b35a                PendSV_Handler
 .text.SysTick_Handler
                0x0800b35c        0x8 Src/stm32l4xx_it.o
                0x0800b35c                SysTick_Handler
 .text.SystemInit
                0x0800b364       0x48 Src/system_stm32l4xx.o
                0x0800b364                SystemInit
 .text.Reset_Handler
                0x0800b3ac       0x50 startup/startup_stm32l476xx.o
                0x0800b3ac                Reset_Handler
 .text.Default_Handler
                0x0800b3fc        0x2 startup/startup_stm32l476xx.o
                0x0800b3fc                RTC_Alarm_IRQHandler
                0x0800b3fc                EXTI2_IRQHandler
                0x0800b3fc                TIM8_TRG_COM_IRQHandler
                0x0800b3fc                TIM8_CC_IRQHandler
                0x0800b3fc                TIM1_CC_IRQHandler
                0x0800b3fc                TSC_IRQHandler
                0x0800b3fc                TAMP_STAMP_IRQHandler
                0x0800b3fc                EXTI3_IRQHandler
                0x0800b3fc                LPTIM2_IRQHandler
                0x0800b3fc                DFSDM1_FLT1_IRQHandler
                0x0800b3fc                I2C3_ER_IRQHandler
                0x0800b3fc                DFSDM1_FLT2_IRQHandler
                0x0800b3fc                EXTI0_IRQHandler
                0x0800b3fc                I2C2_EV_IRQHandler
                0x0800b3fc                CAN1_RX0_IRQHandler
                0x0800b3fc                FPU_IRQHandler
                0x0800b3fc                TIM1_UP_TIM16_IRQHandler
                0x0800b3fc                ADC1_2_IRQHandler
                0x0800b3fc                SPI1_IRQHandler
                0x0800b3fc                TIM6_DAC_IRQHandler
                0x0800b3fc                TIM8_UP_IRQHandler
                0x0800b3fc                DMA2_Channel2_IRQHandler
                0x0800b3fc                DMA1_Channel4_IRQHandler
                0x0800b3fc                SAI2_IRQHandler
                0x0800b3fc                DFSDM1_FLT3_IRQHandler
                0x0800b3fc                USART3_IRQHandler
                0x0800b3fc                DMA1_Channel7_IRQHandler
                0x0800b3fc                CAN1_RX1_IRQHandler
                0x0800b3fc                LCD_IRQHandler
                0x0800b3fc                UART5_IRQHandler
                0x0800b3fc                ADC3_IRQHandler
                0x0800b3fc                TIM4_IRQHandler
                0x0800b3fc                DMA2_Channel1_IRQHandler
                0x0800b3fc                QUADSPI_IRQHandler
                0x0800b3fc                I2C1_EV_IRQHandler
                0x0800b3fc                DMA1_Channel6_IRQHandler
                0x0800b3fc                UART4_IRQHandler
                0x0800b3fc                DMA2_Channel4_IRQHandler
                0x0800b3fc                TIM3_IRQHandler
                0x0800b3fc                RCC_IRQHandler
                0x0800b3fc                DMA1_Channel1_IRQHandler
                0x0800b3fc                Default_Handler
                0x0800b3fc                DMA2_Channel7_IRQHandler
                0x0800b3fc                EXTI15_10_IRQHandler
                0x0800b3fc                TIM7_IRQHandler
                0x0800b3fc                SDMMC1_IRQHandler
                0x0800b3fc                TIM5_IRQHandler
                0x0800b3fc                I2C3_EV_IRQHandler
                0x0800b3fc                EXTI9_5_IRQHandler
                0x0800b3fc                RTC_WKUP_IRQHandler
                0x0800b3fc                PVD_PVM_IRQHandler
                0x0800b3fc                SPI2_IRQHandler
                0x0800b3fc                CAN1_TX_IRQHandler
                0x0800b3fc                DMA2_Channel5_IRQHandler
                0x0800b3fc                DMA1_Channel5_IRQHandler
                0x0800b3fc                EXTI4_IRQHandler
                0x0800b3fc                RNG_IRQHandler
                0x0800b3fc                TIM1_TRG_COM_TIM17_IRQHandler
                0x0800b3fc                DMA1_Channel3_IRQHandler
                0x0800b3fc                COMP_IRQHandler
                0x0800b3fc                WWDG_IRQHandler
                0x0800b3fc                LPUART1_IRQHandler
                0x0800b3fc                DMA2_Channel6_IRQHandler
                0x0800b3fc                TIM2_IRQHandler
                0x0800b3fc                EXTI1_IRQHandler
                0x0800b3fc                USART2_IRQHandler
                0x0800b3fc                DFSDM1_FLT0_IRQHandler
                0x0800b3fc                I2C2_ER_IRQHandler
                0x0800b3fc                DMA1_Channel2_IRQHandler
                0x0800b3fc                TIM8_BRK_IRQHandler
                0x0800b3fc                CAN1_SCE_IRQHandler
                0x0800b3fc                FLASH_IRQHandler
                0x0800b3fc                USART1_IRQHandler
                0x0800b3fc                OTG_FS_IRQHandler
                0x0800b3fc                SPI3_IRQHandler
                0x0800b3fc                I2C1_ER_IRQHandler
                0x0800b3fc                FMC_IRQHandler
                0x0800b3fc                SWPMI1_IRQHandler
                0x0800b3fc                LPTIM1_IRQHandler
                0x0800b3fc                SAI1_IRQHandler
                0x0800b3fc                DMA2_Channel3_IRQHandler
                0x0800b3fc                TIM1_BRK_TIM15_IRQHandler
 *fill*         0x0800b3fe        0x2 
 .text.ceil     0x0800b400      0x110 c:/ac6/systemworkbench/plugins/fr.ac6.mcu.externaltools.arm-none.win32_1.17.0.201812190825/tools/compiler/bin/../lib/gcc/arm-none-eabi/7.3.1/../../../../arm-none-eabi/lib/thumb/v7e-m/fpv4-sp/hard\libm.a(lib_a-s_ceil.o)
                0x0800b400                ceil
 .text.__libc_init_array
                0x0800b510       0x48 c:/ac6/systemworkbench/plugins/fr.ac6.mcu.externaltools.arm-none.win32_1.17.0.201812190825/tools/compiler/bin/../lib/gcc/arm-none-eabi/7.3.1/../../../../arm-none-eabi/lib/thumb/v7e-m/fpv4-sp/hard\libc_nano.a(lib_a-init.o)
                0x0800b510                __libc_init_array
 .text.memcmp   0x0800b558       0x1e c:/ac6/systemworkbench/plugins/fr.ac6.mcu.externaltools.arm-none.win32_1.17.0.201812190825/tools/compiler/bin/../lib/gcc/arm-none-eabi/7.3.1/../../../../arm-none-eabi/lib/thumb/v7e-m/fpv4-sp/hard\libc_nano.a(lib_a-memcmp.o)
                0x0800b558                memcmp
 .text.memcpy   0x0800b576       0x16 c:/ac6/systemworkbench/plugins/fr.ac6.mcu.externaltools.arm-none.win32_1.17.0.201812190825/tools/compiler/bin/../lib/gcc/arm-none-eabi/7.3.1/../../../../arm-none-eabi/lib/thumb/v7e-m/fpv4-sp/hard\libc_nano.a(lib_a-memcpy-stub.o)
                0x0800b576                memcpy
 .text.memset   0x0800b58c       0x10 c:/ac6/systemworkbench/plugins/fr.ac6.mcu.externaltools.arm-none.win32_1.17.0.201812190825/tools/compiler/bin/../lib/gcc/arm-none-eabi/7.3.1/../../../../arm-none-eabi/lib/thumb/v7e-m/fpv4-sp/hard\libc_nano.a(lib_a-memset.o)
                0x0800b58c                memset
 *(.glue_7)
 .glue_7        0x0800b59c        0x0 linker stubs
 *(.glue_7t)
 .glue_7t       0x0800b59c        0x0 linker stubs
 *(.eh_frame)
 .eh_frame      0x0800b59c        0x0 c:/ac6/systemworkbench/plugins/fr.ac6.mcu.externaltools.arm-none.win32_1.17.0.201812190825/tools/compiler/bin/../lib/gcc/arm-none-eabi/7.3.1/thumb/v7e-m/fpv4-sp/hard/crtbegin.o
 *(.init)
 .init          0x0800b59c        0x4 c:/ac6/systemworkbench/plugins/fr.ac6.mcu.externaltools.arm-none.win32_1.17.0.201812190825/tools/compiler/bin/../lib/gcc/arm-none-eabi/7.3.1/thumb/v7e-m/fpv4-sp/hard/crti.o
                0x0800b59c                _init
 .init          0x0800b5a0        0x8 c:/ac6/systemworkbench/plugins/fr.ac6.mcu.externaltools.arm-none.win32_1.17.0.201812190825/tools/compiler/bin/../lib/gcc/arm-none-eabi/7.3.1/thumb/v7e-m/fpv4-sp/hard/crtn.o
 *(.fini)
 .fini          0x0800b5a8        0x4 c:/ac6/systemworkbench/plugins/fr.ac6.mcu.externaltools.arm-none.win32_1.17.0.201812190825/tools/compiler/bin/../lib/gcc/arm-none-eabi/7.3.1/thumb/v7e-m/fpv4-sp/hard/crti.o
                0x0800b5a8                _fini
 .fini          0x0800b5ac        0x8 c:/ac6/systemworkbench/plugins/fr.ac6.mcu.externaltools.arm-none.win32_1.17.0.201812190825/tools/compiler/bin/../lib/gcc/arm-none-eabi/7.3.1/thumb/v7e-m/fpv4-sp/hard/crtn.o
                0x0800b5b8                . = ALIGN (0x8)
 *fill*         0x0800b5b4        0x4 
                0x0800b5b8                _etext = .

.vfp11_veneer   0x0800b5b8        0x0
 .vfp11_veneer  0x0800b5b8        0x0 linker stubs

.v4_bx          0x0800b5b8        0x0
 .v4_bx         0x0800b5b8        0x0 linker stubs

.iplt           0x0800b5b8        0x0
 .iplt          0x0800b5b8        0x0 c:/ac6/systemworkbench/plugins/fr.ac6.mcu.externaltools.arm-none.win32_1.17.0.201812190825/tools/compiler/bin/../lib/gcc/arm-none-eabi/7.3.1/thumb/v7e-m/fpv4-sp/hard/crtbegin.o

.rodata         0x0800b5b8      0x2b0
                0x0800b5b8                . = ALIGN (0x8)
 *(.rodata)
 .rodata        0x0800b5b8      0x20c Src/aes.o
 .rodata        0x0800b7c4        0x9 Src/main.o
 *fill*         0x0800b7cd        0x3 
 .rodata        0x0800b7d0       0x48 Src/system_stm32l4xx.o
                0x0800b7d0                MSIRangeTable
                0x0800b800                AHBPrescTable
                0x0800b810                APBPrescTable
 *(.rodata*)
 .rodata.str1.4
                0x0800b818       0x50 Src/main.o
                                 0x4f (size before relaxing)
                0x0800b868                . = ALIGN (0x8)

.ARM.extab      0x0800b868        0x0
                0x0800b868                . = ALIGN (0x8)
 *(.ARM.extab* .gnu.linkonce.armextab.*)
                0x0800b868                . = ALIGN (0x8)

.ARM            0x0800b868        0x8
                0x0800b868                . = ALIGN (0x8)
                0x0800b868                __exidx_start = .
 *(.ARM.exidx*)
 .ARM.exidx     0x0800b868        0x8 c:/ac6/systemworkbench/plugins/fr.ac6.mcu.externaltools.arm-none.win32_1.17.0.201812190825/tools/compiler/bin/../lib/gcc/arm-none-eabi/7.3.1/thumb/v7e-m/fpv4-sp/hard\libgcc.a(_udivmoddi4.o)
                0x0800b870                __exidx_end = .
                0x0800b870                . = ALIGN (0x8)

.rel.dyn        0x0800b870        0x0
 .rel.iplt      0x0800b870        0x0 c:/ac6/systemworkbench/plugins/fr.ac6.mcu.externaltools.arm-none.win32_1.17.0.201812190825/tools/compiler/bin/../lib/gcc/arm-none-eabi/7.3.1/thumb/v7e-m/fpv4-sp/hard/crtbegin.o

.preinit_array  0x0800b870        0x0
                0x0800b870                . = ALIGN (0x8)
                0x0800b870                PROVIDE (__preinit_array_start = .)
 *(.preinit_array*)
                0x0800b870                PROVIDE (__preinit_array_end = .)
                0x0800b870                . = ALIGN (0x8)

.init_array     0x0800b870        0x8
                0x0800b870                . = ALIGN (0x8)
                0x0800b870                PROVIDE (__init_array_start = .)
 *(SORT_BY_NAME(.init_array.*))
 *(.init_array*)
 .init_array    0x0800b870        0x4 c:/ac6/systemworkbench/plugins/fr.ac6.mcu.externaltools.arm-none.win32_1.17.0.201812190825/tools/compiler/bin/../lib/gcc/arm-none-eabi/7.3.1/thumb/v7e-m/fpv4-sp/hard/crtbegin.o
                0x0800b874                PROVIDE (__init_array_end = .)
                0x0800b878                . = ALIGN (0x8)
 *fill*         0x0800b874        0x4 

.fini_array     0x0800b878        0x8
                0x0800b878                . = ALIGN (0x8)
                [!provide]                PROVIDE (__fini_array_start = .)
 *(SORT_BY_NAME(.fini_array.*))
 *(.fini_array*)
 .fini_array    0x0800b878        0x4 c:/ac6/systemworkbench/plugins/fr.ac6.mcu.externaltools.arm-none.win32_1.17.0.201812190825/tools/compiler/bin/../lib/gcc/arm-none-eabi/7.3.1/thumb/v7e-m/fpv4-sp/hard/crtbegin.o
                [!provide]                PROVIDE (__fini_array_end = .)
                0x0800b880                . = ALIGN (0x8)
 *fill*         0x0800b87c        0x4 
                0x0800b880                _sidata = LOADADDR (.data)

.data           0x20000000       0xa8 load address 0x0800b880
                0x20000000                . = ALIGN (0x8)
                0x20000000                _sdata = .
 *(.data)
 .data          0x20000000        0x8 Drivers/STM32L4xx_HAL_Driver/Src/stm32l4xx_hal.o
                0x20000000                uwTickFreq
                0x20000004                uwTickPrio
 .data          0x20000008       0x98 Src/main.o
                0x20000008                const_Rb
                0x20000018                key_CMAC
                0x20000028                M4
                0x20000068                M3
                0x20000090                M2
 .data          0x200000a0        0x4 Src/system_stm32l4xx.o
                0x200000a0                SystemCoreClock
 *(.data*)
                0x200000a8                . = ALIGN (0x8)
 *fill*         0x200000a4        0x4 
                0x200000a8                _edata = .

.igot.plt       0x200000a8        0x0 load address 0x0800b928
 .igot.plt      0x200000a8        0x0 c:/ac6/systemworkbench/plugins/fr.ac6.mcu.externaltools.arm-none.win32_1.17.0.201812190825/tools/compiler/bin/../lib/gcc/arm-none-eabi/7.3.1/thumb/v7e-m/fpv4-sp/hard/crtbegin.o
                0x200000a8                . = ALIGN (0x4)

.bss            0x200000a8       0xd4 load address 0x0800b928
                0x200000a8                _sbss = .
                0x200000a8                __bss_start__ = _sbss
 *(.bss)
 .bss           0x200000a8       0x1c c:/ac6/systemworkbench/plugins/fr.ac6.mcu.externaltools.arm-none.win32_1.17.0.201812190825/tools/compiler/bin/../lib/gcc/arm-none-eabi/7.3.1/thumb/v7e-m/fpv4-sp/hard/crtbegin.o
 .bss           0x200000c4       0x14 Src/main.o
                0x200000c4                const_Zero
                0x200000d4                randomX
 *(.bss*)
 *(COMMON)
 COMMON         0x200000d8        0x4 Drivers/STM32L4xx_HAL_Driver/Src/stm32l4xx_hal.o
                0x200000d8                uwTick
 COMMON         0x200000dc       0xa0 Src/main.o
                0x200000dc                arr
                0x200000e8                hrng
                0x200000f8                huart2
                0x20000178                M1
                0x2000017c                . = ALIGN (0x4)
                0x2000017c                _ebss = .
                0x2000017c                __bss_end__ = _ebss

._user_heap_stack
                0x2000017c      0x604 load address 0x0800b928
                0x20000180                . = ALIGN (0x8)
 *fill*         0x2000017c        0x4 
                0x20000180                PROVIDE (end = .)
                [!provide]                PROVIDE (_end = .)
                0x20000380                . = (. + _Min_Heap_Size)
 *fill*         0x20000180      0x200 
                0x20000780                . = (. + _Min_Stack_Size)
 *fill*         0x20000380      0x400 
                0x20000780                . = ALIGN (0x8)

/DISCARD/
 libc.a(*)
 libm.a(*)
 libgcc.a(*)

.ARM.attributes
                0x00000000       0x30
 *(.ARM.attributes)
 .ARM.attributes
                0x00000000       0x22 c:/ac6/systemworkbench/plugins/fr.ac6.mcu.externaltools.arm-none.win32_1.17.0.201812190825/tools/compiler/bin/../lib/gcc/arm-none-eabi/7.3.1/thumb/v7e-m/fpv4-sp/hard/crti.o
 .ARM.attributes
                0x00000022       0x34 c:/ac6/systemworkbench/plugins/fr.ac6.mcu.externaltools.arm-none.win32_1.17.0.201812190825/tools/compiler/bin/../lib/gcc/arm-none-eabi/7.3.1/thumb/v7e-m/fpv4-sp/hard/crtbegin.o
 .ARM.attributes
                0x00000056       0x39 Drivers/STM32L4xx_HAL_Driver/Src/stm32l4xx_hal.o
 .ARM.attributes
                0x0000008f       0x39 Drivers/STM32L4xx_HAL_Driver/Src/stm32l4xx_hal_cortex.o
 .ARM.attributes
                0x000000c8       0x39 Drivers/STM32L4xx_HAL_Driver/Src/stm32l4xx_hal_gpio.o
 .ARM.attributes
                0x00000101       0x39 Drivers/STM32L4xx_HAL_Driver/Src/stm32l4xx_hal_pwr_ex.o
 .ARM.attributes
                0x0000013a       0x39 Drivers/STM32L4xx_HAL_Driver/Src/stm32l4xx_hal_rcc.o
 .ARM.attributes
                0x00000173       0x39 Drivers/STM32L4xx_HAL_Driver/Src/stm32l4xx_hal_rcc_ex.o
 .ARM.attributes
                0x000001ac       0x39 Drivers/STM32L4xx_HAL_Driver/Src/stm32l4xx_hal_rng.o
 .ARM.attributes
                0x000001e5       0x39 Drivers/STM32L4xx_HAL_Driver/Src/stm32l4xx_hal_uart.o
 .ARM.attributes
                0x0000021e       0x39 Src/aes.o
 .ARM.attributes
                0x00000257       0x39 Src/main.o
 .ARM.attributes
                0x00000290       0x39 Src/stm32l4xx_hal_msp.o
 .ARM.attributes
                0x000002c9       0x39 Src/stm32l4xx_it.o
 .ARM.attributes
                0x00000302       0x39 Src/system_stm32l4xx.o
 .ARM.attributes
                0x0000033b       0x21 startup/startup_stm32l476xx.o
 .ARM.attributes
                0x0000035c       0x34 c:/ac6/systemworkbench/plugins/fr.ac6.mcu.externaltools.arm-none.win32_1.17.0.201812190825/tools/compiler/bin/../lib/gcc/arm-none-eabi/7.3.1/../../../../arm-none-eabi/lib/thumb/v7e-m/fpv4-sp/hard\libm.a(lib_a-s_ceil.o)
 .ARM.attributes
                0x00000390       0x22 c:/ac6/systemworkbench/plugins/fr.ac6.mcu.externaltools.arm-none.win32_1.17.0.201812190825/tools/compiler/bin/../lib/gcc/arm-none-eabi/7.3.1/thumb/v7e-m/fpv4-sp/hard\libgcc.a(_arm_addsubdf3.o)
 .ARM.attributes
                0x000003b2       0x22 c:/ac6/systemworkbench/plugins/fr.ac6.mcu.externaltools.arm-none.win32_1.17.0.201812190825/tools/compiler/bin/../lib/gcc/arm-none-eabi/7.3.1/thumb/v7e-m/fpv4-sp/hard\libgcc.a(_arm_muldivdf3.o)
 .ARM.attributes
                0x000003d4       0x22 c:/ac6/systemworkbench/plugins/fr.ac6.mcu.externaltools.arm-none.win32_1.17.0.201812190825/tools/compiler/bin/../lib/gcc/arm-none-eabi/7.3.1/thumb/v7e-m/fpv4-sp/hard\libgcc.a(_arm_cmpdf2.o)
 .ARM.attributes
                0x000003f6       0x22 c:/ac6/systemworkbench/plugins/fr.ac6.mcu.externaltools.arm-none.win32_1.17.0.201812190825/tools/compiler/bin/../lib/gcc/arm-none-eabi/7.3.1/thumb/v7e-m/fpv4-sp/hard\libgcc.a(_arm_fixdfsi.o)
 .ARM.attributes
                0x00000418       0x22 c:/ac6/systemworkbench/plugins/fr.ac6.mcu.externaltools.arm-none.win32_1.17.0.201812190825/tools/compiler/bin/../lib/gcc/arm-none-eabi/7.3.1/thumb/v7e-m/fpv4-sp/hard\libgcc.a(_aeabi_uldivmod.o)
 .ARM.attributes
                0x0000043a       0x34 c:/ac6/systemworkbench/plugins/fr.ac6.mcu.externaltools.arm-none.win32_1.17.0.201812190825/tools/compiler/bin/../lib/gcc/arm-none-eabi/7.3.1/thumb/v7e-m/fpv4-sp/hard\libgcc.a(_udivmoddi4.o)
 .ARM.attributes
                0x0000046e       0x22 c:/ac6/systemworkbench/plugins/fr.ac6.mcu.externaltools.arm-none.win32_1.17.0.201812190825/tools/compiler/bin/../lib/gcc/arm-none-eabi/7.3.1/thumb/v7e-m/fpv4-sp/hard\libgcc.a(_dvmd_tls.o)
 .ARM.attributes
                0x00000490       0x34 c:/ac6/systemworkbench/plugins/fr.ac6.mcu.externaltools.arm-none.win32_1.17.0.201812190825/tools/compiler/bin/../lib/gcc/arm-none-eabi/7.3.1/../../../../arm-none-eabi/lib/thumb/v7e-m/fpv4-sp/hard\libc_nano.a(lib_a-init.o)
 .ARM.attributes
                0x000004c4       0x34 c:/ac6/systemworkbench/plugins/fr.ac6.mcu.externaltools.arm-none.win32_1.17.0.201812190825/tools/compiler/bin/../lib/gcc/arm-none-eabi/7.3.1/../../../../arm-none-eabi/lib/thumb/v7e-m/fpv4-sp/hard\libc_nano.a(lib_a-memcmp.o)
 .ARM.attributes
                0x000004f8       0x34 c:/ac6/systemworkbench/plugins/fr.ac6.mcu.externaltools.arm-none.win32_1.17.0.201812190825/tools/compiler/bin/../lib/gcc/arm-none-eabi/7.3.1/../../../../arm-none-eabi/lib/thumb/v7e-m/fpv4-sp/hard\libc_nano.a(lib_a-memcpy-stub.o)
 .ARM.attributes
                0x0000052c       0x34 c:/ac6/systemworkbench/plugins/fr.ac6.mcu.externaltools.arm-none.win32_1.17.0.201812190825/tools/compiler/bin/../lib/gcc/arm-none-eabi/7.3.1/../../../../arm-none-eabi/lib/thumb/v7e-m/fpv4-sp/hard\libc_nano.a(lib_a-memset.o)
 .ARM.attributes
                0x00000560       0x22 c:/ac6/systemworkbench/plugins/fr.ac6.mcu.externaltools.arm-none.win32_1.17.0.201812190825/tools/compiler/bin/../lib/gcc/arm-none-eabi/7.3.1/thumb/v7e-m/fpv4-sp/hard/crtn.o
OUTPUT(AES_CMAC.elf elf32-littlearm)

.debug_info     0x00000000     0xcbca
 .debug_info    0x00000000      0xca2 Drivers/STM32L4xx_HAL_Driver/Src/stm32l4xx_hal.o
 .debug_info    0x00000ca2     0x10a0 Drivers/STM32L4xx_HAL_Driver/Src/stm32l4xx_hal_cortex.o
 .debug_info    0x00001d42      0x989 Drivers/STM32L4xx_HAL_Driver/Src/stm32l4xx_hal_gpio.o
 .debug_info    0x000026cb      0xb27 Drivers/STM32L4xx_HAL_Driver/Src/stm32l4xx_hal_pwr_ex.o
 .debug_info    0x000031f2      0xf2a Drivers/STM32L4xx_HAL_Driver/Src/stm32l4xx_hal_rcc.o
 .debug_info    0x0000411c     0x12a3 Drivers/STM32L4xx_HAL_Driver/Src/stm32l4xx_hal_rcc_ex.o
 .debug_info    0x000053bf      0x6b6 Drivers/STM32L4xx_HAL_Driver/Src/stm32l4xx_hal_rng.o
 .debug_info    0x00005a75     0x1d7a Drivers/STM32L4xx_HAL_Driver/Src/stm32l4xx_hal_uart.o
 .debug_info    0x000077ef     0x134b Src/aes.o
 .debug_info    0x00008b3a     0x2947 Src/main.o
 .debug_info    0x0000b481      0xcf9 Src/stm32l4xx_hal_msp.o
 .debug_info    0x0000c17a      0x332 Src/stm32l4xx_it.o
 .debug_info    0x0000c4ac      0x6fc Src/system_stm32l4xx.o
 .debug_info    0x0000cba8       0x22 startup/startup_stm32l476xx.o

.debug_abbrev   0x00000000     0x1c24
 .debug_abbrev  0x00000000      0x209 Drivers/STM32L4xx_HAL_Driver/Src/stm32l4xx_hal.o
 .debug_abbrev  0x00000209      0x328 Drivers/STM32L4xx_HAL_Driver/Src/stm32l4xx_hal_cortex.o
 .debug_abbrev  0x00000531      0x1de Drivers/STM32L4xx_HAL_Driver/Src/stm32l4xx_hal_gpio.o
 .debug_abbrev  0x0000070f      0x1de Drivers/STM32L4xx_HAL_Driver/Src/stm32l4xx_hal_pwr_ex.o
 .debug_abbrev  0x000008ed      0x21f Drivers/STM32L4xx_HAL_Driver/Src/stm32l4xx_hal_rcc.o
 .debug_abbrev  0x00000b0c      0x24c Drivers/STM32L4xx_HAL_Driver/Src/stm32l4xx_hal_rcc_ex.o
 .debug_abbrev  0x00000d58      0x1ca Drivers/STM32L4xx_HAL_Driver/Src/stm32l4xx_hal_rng.o
 .debug_abbrev  0x00000f22      0x24d Drivers/STM32L4xx_HAL_Driver/Src/stm32l4xx_hal_uart.o
 .debug_abbrev  0x0000116f      0x2fb Src/aes.o
 .debug_abbrev  0x0000146a      0x3ad Src/main.o
 .debug_abbrev  0x00001817      0x1ab Src/stm32l4xx_hal_msp.o
 .debug_abbrev  0x000019c2      0x100 Src/stm32l4xx_it.o
 .debug_abbrev  0x00001ac2      0x150 Src/system_stm32l4xx.o
 .debug_abbrev  0x00001c12       0x12 startup/startup_stm32l476xx.o

.debug_loc      0x00000000     0x620e
 .debug_loc     0x00000000      0x1f1 Drivers/STM32L4xx_HAL_Driver/Src/stm32l4xx_hal.o
 .debug_loc     0x000001f1      0x5ce Drivers/STM32L4xx_HAL_Driver/Src/stm32l4xx_hal_cortex.o
 .debug_loc     0x000007bf      0x2d3 Drivers/STM32L4xx_HAL_Driver/Src/stm32l4xx_hal_gpio.o
 .debug_loc     0x00000a92      0x960 Drivers/STM32L4xx_HAL_Driver/Src/stm32l4xx_hal_pwr_ex.o
 .debug_loc     0x000013f2      0x63a Drivers/STM32L4xx_HAL_Driver/Src/stm32l4xx_hal_rcc.o
 .debug_loc     0x00001a2c     0x1c00 Drivers/STM32L4xx_HAL_Driver/Src/stm32l4xx_hal_rcc_ex.o
 .debug_loc     0x0000362c      0x2f5 Drivers/STM32L4xx_HAL_Driver/Src/stm32l4xx_hal_rng.o
 .debug_loc     0x00003921     0x1840 Drivers/STM32L4xx_HAL_Driver/Src/stm32l4xx_hal_uart.o
 .debug_loc     0x00005161      0x86d Src/aes.o
 .debug_loc     0x000059ce      0x614 Src/main.o
 .debug_loc     0x00005fe2       0x74 Src/stm32l4xx_hal_msp.o
 .debug_loc     0x00006056      0x1b8 Src/system_stm32l4xx.o

.debug_aranges  0x00000000      0x998
 .debug_aranges
                0x00000000      0x130 Drivers/STM32L4xx_HAL_Driver/Src/stm32l4xx_hal.o
 .debug_aranges
                0x00000130       0xa8 Drivers/STM32L4xx_HAL_Driver/Src/stm32l4xx_hal_cortex.o
 .debug_aranges
                0x000001d8       0x58 Drivers/STM32L4xx_HAL_Driver/Src/stm32l4xx_hal_gpio.o
 .debug_aranges
                0x00000230      0x148 Drivers/STM32L4xx_HAL_Driver/Src/stm32l4xx_hal_pwr_ex.o
 .debug_aranges
                0x00000378       0x88 Drivers/STM32L4xx_HAL_Driver/Src/stm32l4xx_hal_rcc.o
 .debug_aranges
                0x00000400       0xc0 Drivers/STM32L4xx_HAL_Driver/Src/stm32l4xx_hal_rcc_ex.o
 .debug_aranges
                0x000004c0       0x88 Drivers/STM32L4xx_HAL_Driver/Src/stm32l4xx_hal_rng.o
 .debug_aranges
                0x00000548      0x1f8 Drivers/STM32L4xx_HAL_Driver/Src/stm32l4xx_hal_uart.o
 .debug_aranges
                0x00000740       0xb8 Src/aes.o
 .debug_aranges
                0x000007f8       0xb0 Src/main.o
 .debug_aranges
                0x000008a8       0x40 Src/stm32l4xx_hal_msp.o
 .debug_aranges
                0x000008e8       0x60 Src/stm32l4xx_it.o
 .debug_aranges
                0x00000948       0x28 Src/system_stm32l4xx.o
 .debug_aranges
                0x00000970       0x28 startup/startup_stm32l476xx.o

.debug_ranges   0x00000000      0xa00
 .debug_ranges  0x00000000      0x120 Drivers/STM32L4xx_HAL_Driver/Src/stm32l4xx_hal.o
 .debug_ranges  0x00000120       0xf8 Drivers/STM32L4xx_HAL_Driver/Src/stm32l4xx_hal_cortex.o
 .debug_ranges  0x00000218       0x48 Drivers/STM32L4xx_HAL_Driver/Src/stm32l4xx_hal_gpio.o
 .debug_ranges  0x00000260      0x138 Drivers/STM32L4xx_HAL_Driver/Src/stm32l4xx_hal_pwr_ex.o
 .debug_ranges  0x00000398       0x90 Drivers/STM32L4xx_HAL_Driver/Src/stm32l4xx_hal_rcc.o
 .debug_ranges  0x00000428       0xd0 Drivers/STM32L4xx_HAL_Driver/Src/stm32l4xx_hal_rcc_ex.o
 .debug_ranges  0x000004f8       0x78 Drivers/STM32L4xx_HAL_Driver/Src/stm32l4xx_hal_rng.o
 .debug_ranges  0x00000570      0x1e8 Drivers/STM32L4xx_HAL_Driver/Src/stm32l4xx_hal_uart.o
 .debug_ranges  0x00000758       0xa8 Src/aes.o
 .debug_ranges  0x00000800      0x148 Src/main.o
 .debug_ranges  0x00000948       0x30 Src/stm32l4xx_hal_msp.o
 .debug_ranges  0x00000978       0x50 Src/stm32l4xx_it.o
 .debug_ranges  0x000009c8       0x18 Src/system_stm32l4xx.o
 .debug_ranges  0x000009e0       0x20 startup/startup_stm32l476xx.o

.debug_macro    0x00000000    0x26372
 .debug_macro   0x00000000      0x22d Drivers/STM32L4xx_HAL_Driver/Src/stm32l4xx_hal.o
 .debug_macro   0x0000022d      0xa60 Drivers/STM32L4xx_HAL_Driver/Src/stm32l4xx_hal.o
 .debug_macro   0x00000c8d       0xc0 Drivers/STM32L4xx_HAL_Driver/Src/stm32l4xx_hal.o
 .debug_macro   0x00000d4d       0x2e Drivers/STM32L4xx_HAL_Driver/Src/stm32l4xx_hal.o
 .debug_macro   0x00000d7b       0x28 Drivers/STM32L4xx_HAL_Driver/Src/stm32l4xx_hal.o
 .debug_macro   0x00000da3       0x22 Drivers/STM32L4xx_HAL_Driver/Src/stm32l4xx_hal.o
 .debug_macro   0x00000dc5       0x8e Drivers/STM32L4xx_HAL_Driver/Src/stm32l4xx_hal.o
 .debug_macro   0x00000e53       0x51 Drivers/STM32L4xx_HAL_Driver/Src/stm32l4xx_hal.o
 .debug_macro   0x00000ea4       0xef Drivers/STM32L4xx_HAL_Driver/Src/stm32l4xx_hal.o
 .debug_macro   0x00000f93       0x6a Drivers/STM32L4xx_HAL_Driver/Src/stm32l4xx_hal.o
 .debug_macro   0x00000ffd      0x1df Drivers/STM32L4xx_HAL_Driver/Src/stm32l4xx_hal.o
 .debug_macro   0x000011dc       0x1c Drivers/STM32L4xx_HAL_Driver/Src/stm32l4xx_hal.o
 .debug_macro   0x000011f8       0x22 Drivers/STM32L4xx_HAL_Driver/Src/stm32l4xx_hal.o
 .debug_macro   0x0000121a       0xdf Drivers/STM32L4xx_HAL_Driver/Src/stm32l4xx_hal.o
 .debug_macro   0x000012f9     0x102d Drivers/STM32L4xx_HAL_Driver/Src/stm32l4xx_hal.o
 .debug_macro   0x00002326      0x11f Drivers/STM32L4xx_HAL_Driver/Src/stm32l4xx_hal.o
 .debug_macro   0x00002445    0x1a11f Drivers/STM32L4xx_HAL_Driver/Src/stm32l4xx_hal.o
 .debug_macro   0x0001c564       0x43 Drivers/STM32L4xx_HAL_Driver/Src/stm32l4xx_hal.o
 .debug_macro   0x0001c5a7     0x3820 Drivers/STM32L4xx_HAL_Driver/Src/stm32l4xx_hal.o
 .debug_macro   0x0001fdc7      0x174 Drivers/STM32L4xx_HAL_Driver/Src/stm32l4xx_hal.o
 .debug_macro   0x0001ff3b       0x4e Drivers/STM32L4xx_HAL_Driver/Src/stm32l4xx_hal.o
 .debug_macro   0x0001ff89     0x155f Drivers/STM32L4xx_HAL_Driver/Src/stm32l4xx_hal.o
 .debug_macro   0x000214e8      0x59e Drivers/STM32L4xx_HAL_Driver/Src/stm32l4xx_hal.o
 .debug_macro   0x00021a86      0x241 Drivers/STM32L4xx_HAL_Driver/Src/stm32l4xx_hal.o
 .debug_macro   0x00021cc7      0x13d Drivers/STM32L4xx_HAL_Driver/Src/stm32l4xx_hal.o
 .debug_macro   0x00021e04      0x18b Drivers/STM32L4xx_HAL_Driver/Src/stm32l4xx_hal.o
 .debug_macro   0x00021f8f      0x26b Drivers/STM32L4xx_HAL_Driver/Src/stm32l4xx_hal.o
 .debug_macro   0x000221fa      0x236 Drivers/STM32L4xx_HAL_Driver/Src/stm32l4xx_hal.o
 .debug_macro   0x00022430      0x36e Drivers/STM32L4xx_HAL_Driver/Src/stm32l4xx_hal.o
 .debug_macro   0x0002279e       0xe4 Drivers/STM32L4xx_HAL_Driver/Src/stm32l4xx_hal.o
 .debug_macro   0x00022882      0x22c Drivers/STM32L4xx_HAL_Driver/Src/stm32l4xx_hal.o
 .debug_macro   0x00022aae       0x5e Drivers/STM32L4xx_HAL_Driver/Src/stm32l4xx_hal.o
 .debug_macro   0x00022b0c       0xa5 Drivers/STM32L4xx_HAL_Driver/Src/stm32l4xx_hal.o
 .debug_macro   0x00022bb1      0x122 Drivers/STM32L4xx_HAL_Driver/Src/stm32l4xx_hal.o
 .debug_macro   0x00022cd3      0x3d4 Drivers/STM32L4xx_HAL_Driver/Src/stm32l4xx_hal.o
 .debug_macro   0x000230a7       0x7a Drivers/STM32L4xx_HAL_Driver/Src/stm32l4xx_hal.o
 .debug_macro   0x00023121      0x57b Drivers/STM32L4xx_HAL_Driver/Src/stm32l4xx_hal.o
 .debug_macro   0x0002369c       0x44 Drivers/STM32L4xx_HAL_Driver/Src/stm32l4xx_hal.o
 .debug_macro   0x000236e0      0x349 Drivers/STM32L4xx_HAL_Driver/Src/stm32l4xx_hal.o
 .debug_macro   0x00023a29      0x1df Drivers/STM32L4xx_HAL_Driver/Src/stm32l4xx_hal_cortex.o
 .debug_macro   0x00023c08      0x21e Drivers/STM32L4xx_HAL_Driver/Src/stm32l4xx_hal_gpio.o
 .debug_macro   0x00023e26      0x203 Drivers/STM32L4xx_HAL_Driver/Src/stm32l4xx_hal_pwr_ex.o
 .debug_macro   0x00024029      0x221 Drivers/STM32L4xx_HAL_Driver/Src/stm32l4xx_hal_rcc.o
 .debug_macro   0x0002424a      0x215 Drivers/STM32L4xx_HAL_Driver/Src/stm32l4xx_hal_rcc_ex.o
 .debug_macro   0x0002445f      0x1e5 Drivers/STM32L4xx_HAL_Driver/Src/stm32l4xx_hal_rng.o
 .debug_macro   0x00024644      0x20a Drivers/STM32L4xx_HAL_Driver/Src/stm32l4xx_hal_uart.o
 .debug_macro   0x0002484e      0x15a Src/aes.o
 .debug_macro   0x000249a8       0x5e Src/aes.o
 .debug_macro   0x00024a06       0x18 Src/aes.o
 .debug_macro   0x00024a1e       0x35 Src/aes.o
 .debug_macro   0x00024a53       0x34 Src/aes.o
 .debug_macro   0x00024a87       0x58 Src/aes.o
 .debug_macro   0x00024adf       0x1f Src/aes.o
 .debug_macro   0x00024afe       0x43 Src/aes.o
 .debug_macro   0x00024b41       0x20 Src/aes.o
 .debug_macro   0x00024b61      0x18e Src/aes.o
 .debug_macro   0x00024cef      0x330 Src/aes.o
 .debug_macro   0x0002501f       0x10 Src/aes.o
 .debug_macro   0x0002502f       0x35 Src/aes.o
 .debug_macro   0x00025064       0x34 Src/aes.o
 .debug_macro   0x00025098      0x3b4 Src/main.o
 .debug_macro   0x0002544c       0x16 Src/main.o
 .debug_macro   0x00025462      0x32a Src/main.o
 .debug_macro   0x0002578c       0x16 Src/main.o
 .debug_macro   0x000257a2       0x29 Src/main.o
 .debug_macro   0x000257cb       0x1c Src/main.o
 .debug_macro   0x000257e7       0x10 Src/main.o
 .debug_macro   0x000257f7       0x10 Src/main.o
 .debug_macro   0x00025807       0x1c Src/main.o
 .debug_macro   0x00025823       0x52 Src/main.o
 .debug_macro   0x00025875       0x40 Src/main.o
 .debug_macro   0x000258b5       0x10 Src/main.o
 .debug_macro   0x000258c5       0x40 Src/main.o
 .debug_macro   0x00025905       0xd7 Src/main.o
 .debug_macro   0x000259dc       0x1c Src/main.o
 .debug_macro   0x000259f8       0x3d Src/main.o
 .debug_macro   0x00025a35       0x16 Src/main.o
 .debug_macro   0x00025a4b      0x16f Src/main.o
 .debug_macro   0x00025bba       0x16 Src/main.o
 .debug_macro   0x00025bd0      0x1e1 Src/main.o
 .debug_macro   0x00025db1      0x1e9 Src/stm32l4xx_hal_msp.o
 .debug_macro   0x00025f9a      0x1f3 Src/stm32l4xx_it.o
 .debug_macro   0x0002618d      0x1e5 Src/system_stm32l4xx.o

.debug_line     0x00000000     0x7e01
 .debug_line    0x00000000      0x947 Drivers/STM32L4xx_HAL_Driver/Src/stm32l4xx_hal.o
 .debug_line    0x00000947      0x8f5 Drivers/STM32L4xx_HAL_Driver/Src/stm32l4xx_hal_cortex.o
 .debug_line    0x0000123c      0x821 Drivers/STM32L4xx_HAL_Driver/Src/stm32l4xx_hal_gpio.o
 .debug_line    0x00001a5d      0xafc Drivers/STM32L4xx_HAL_Driver/Src/stm32l4xx_hal_pwr_ex.o
 .debug_line    0x00002559      0xa39 Drivers/STM32L4xx_HAL_Driver/Src/stm32l4xx_hal_rcc.o
 .debug_line    0x00002f92      0xc9d Drivers/STM32L4xx_HAL_Driver/Src/stm32l4xx_hal_rcc_ex.o
 .debug_line    0x00003c2f      0x82f Drivers/STM32L4xx_HAL_Driver/Src/stm32l4xx_hal_rng.o
 .debug_line    0x0000445e     0x1244 Drivers/STM32L4xx_HAL_Driver/Src/stm32l4xx_hal_uart.o
 .debug_line    0x000056a2      0x6cf Src/aes.o
 .debug_line    0x00005d71      0xb06 Src/main.o
 .debug_line    0x00006877      0x704 Src/stm32l4xx_hal_msp.o
 .debug_line    0x00006f7b      0x730 Src/stm32l4xx_it.o
 .debug_line    0x000076ab      0x6d8 Src/system_stm32l4xx.o
 .debug_line    0x00007d83       0x7e startup/startup_stm32l476xx.o

.debug_str      0x00000000    0xe93f0
 .debug_str     0x00000000    0xe22d8 Drivers/STM32L4xx_HAL_Driver/Src/stm32l4xx_hal.o
                              0xe2720 (size before relaxing)
 .debug_str     0x000e22d8      0x3a1 Drivers/STM32L4xx_HAL_Driver/Src/stm32l4xx_hal_cortex.o
                              0xe2457 (size before relaxing)
 .debug_str     0x000e2679      0x2c1 Drivers/STM32L4xx_HAL_Driver/Src/stm32l4xx_hal_gpio.o
                              0xe1e83 (size before relaxing)
 .debug_str     0x000e293a      0x49b Drivers/STM32L4xx_HAL_Driver/Src/stm32l4xx_hal_pwr_ex.o
                              0xe2106 (size before relaxing)
 .debug_str     0x000e2dd5      0x52d Drivers/STM32L4xx_HAL_Driver/Src/stm32l4xx_hal_rcc.o
                              0xe2207 (size before relaxing)
 .debug_str     0x000e3302      0x633 Drivers/STM32L4xx_HAL_Driver/Src/stm32l4xx_hal_rcc_ex.o
                              0xe23e6 (size before relaxing)
 .debug_str     0x000e3935      0x230 Drivers/STM32L4xx_HAL_Driver/Src/stm32l4xx_hal_rng.o
                              0xe1c98 (size before relaxing)
 .debug_str     0x000e3b65      0xb96 Drivers/STM32L4xx_HAL_Driver/Src/stm32l4xx_hal_uart.o
                              0xe2806 (size before relaxing)
 .debug_str     0x000e46fb     0x2dc6 Src/aes.o
                               0x6dad (size before relaxing)
 .debug_str     0x000e74c1     0x1ddd Src/main.o
                              0xe6e6d (size before relaxing)
 .debug_str     0x000e929e       0x1b Src/stm32l4xx_hal_msp.o
                              0xe2096 (size before relaxing)
 .debug_str     0x000e92b9       0xb8 Src/stm32l4xx_it.o
                              0xe1ab6 (size before relaxing)
 .debug_str     0x000e9371       0x50 Src/system_stm32l4xx.o
                              0xe1bff (size before relaxing)
 .debug_str     0x000e93c1       0x2f startup/startup_stm32l476xx.o
                                 0x4f (size before relaxing)

.comment        0x00000000       0x7f
 .comment       0x00000000       0x7f Drivers/STM32L4xx_HAL_Driver/Src/stm32l4xx_hal.o
                                 0x80 (size before relaxing)
 .comment       0x0000007f       0x80 Drivers/STM32L4xx_HAL_Driver/Src/stm32l4xx_hal_cortex.o
 .comment       0x0000007f       0x80 Drivers/STM32L4xx_HAL_Driver/Src/stm32l4xx_hal_gpio.o
 .comment       0x0000007f       0x80 Drivers/STM32L4xx_HAL_Driver/Src/stm32l4xx_hal_pwr_ex.o
 .comment       0x0000007f       0x80 Drivers/STM32L4xx_HAL_Driver/Src/stm32l4xx_hal_rcc.o
 .comment       0x0000007f       0x80 Drivers/STM32L4xx_HAL_Driver/Src/stm32l4xx_hal_rcc_ex.o
 .comment       0x0000007f       0x80 Drivers/STM32L4xx_HAL_Driver/Src/stm32l4xx_hal_rng.o
 .comment       0x0000007f       0x80 Drivers/STM32L4xx_HAL_Driver/Src/stm32l4xx_hal_uart.o
 .comment       0x0000007f       0x80 Src/aes.o
 .comment       0x0000007f       0x80 Src/main.o
 .comment       0x0000007f       0x80 Src/stm32l4xx_hal_msp.o
 .comment       0x0000007f       0x80 Src/stm32l4xx_it.o
 .comment       0x0000007f       0x80 Src/system_stm32l4xx.o

.debug_frame    0x00000000     0x1a74
 .debug_frame   0x00000000      0x278 Drivers/STM32L4xx_HAL_Driver/Src/stm32l4xx_hal.o
 .debug_frame   0x00000278      0x15c Drivers/STM32L4xx_HAL_Driver/Src/stm32l4xx_hal_cortex.o
 .debug_frame   0x000003d4       0xd8 Drivers/STM32L4xx_HAL_Driver/Src/stm32l4xx_hal_gpio.o
 .debug_frame   0x000004ac      0x278 Drivers/STM32L4xx_HAL_Driver/Src/stm32l4xx_hal_pwr_ex.o
 .debug_frame   0x00000724      0x18c Drivers/STM32L4xx_HAL_Driver/Src/stm32l4xx_hal_rcc.o
 .debug_frame   0x000008b0      0x204 Drivers/STM32L4xx_HAL_Driver/Src/stm32l4xx_hal_rcc_ex.o
 .debug_frame   0x00000ab4      0x12c Drivers/STM32L4xx_HAL_Driver/Src/stm32l4xx_hal_rng.o
 .debug_frame   0x00000be0      0x57c Drivers/STM32L4xx_HAL_Driver/Src/stm32l4xx_hal_uart.o
 .debug_frame   0x0000115c      0x25c Src/aes.o
 .debug_frame   0x000013b8      0x248 Src/main.o
 .debug_frame   0x00001600       0x88 Src/stm32l4xx_hal_msp.o
 .debug_frame   0x00001688       0xa8 Src/stm32l4xx_it.o
 .debug_frame   0x00001730       0x30 Src/system_stm32l4xx.o
 .debug_frame   0x00001760       0x30 c:/ac6/systemworkbench/plugins/fr.ac6.mcu.externaltools.arm-none.win32_1.17.0.201812190825/tools/compiler/bin/../lib/gcc/arm-none-eabi/7.3.1/../../../../arm-none-eabi/lib/thumb/v7e-m/fpv4-sp/hard\libm.a(lib_a-s_ceil.o)
 .debug_frame   0x00001790       0xac c:/ac6/systemworkbench/plugins/fr.ac6.mcu.externaltools.arm-none.win32_1.17.0.201812190825/tools/compiler/bin/../lib/gcc/arm-none-eabi/7.3.1/thumb/v7e-m/fpv4-sp/hard\libgcc.a(_arm_addsubdf3.o)
 .debug_frame   0x0000183c       0x50 c:/ac6/systemworkbench/plugins/fr.ac6.mcu.externaltools.arm-none.win32_1.17.0.201812190825/tools/compiler/bin/../lib/gcc/arm-none-eabi/7.3.1/thumb/v7e-m/fpv4-sp/hard\libgcc.a(_arm_muldivdf3.o)
 .debug_frame   0x0000188c       0xc4 c:/ac6/systemworkbench/plugins/fr.ac6.mcu.externaltools.arm-none.win32_1.17.0.201812190825/tools/compiler/bin/../lib/gcc/arm-none-eabi/7.3.1/thumb/v7e-m/fpv4-sp/hard\libgcc.a(_arm_cmpdf2.o)
 .debug_frame   0x00001950       0x24 c:/ac6/systemworkbench/plugins/fr.ac6.mcu.externaltools.arm-none.win32_1.17.0.201812190825/tools/compiler/bin/../lib/gcc/arm-none-eabi/7.3.1/thumb/v7e-m/fpv4-sp/hard\libgcc.a(_arm_fixdfsi.o)
 .debug_frame   0x00001974       0x2c c:/ac6/systemworkbench/plugins/fr.ac6.mcu.externaltools.arm-none.win32_1.17.0.201812190825/tools/compiler/bin/../lib/gcc/arm-none-eabi/7.3.1/thumb/v7e-m/fpv4-sp/hard\libgcc.a(_aeabi_uldivmod.o)
 .debug_frame   0x000019a0       0x34 c:/ac6/systemworkbench/plugins/fr.ac6.mcu.externaltools.arm-none.win32_1.17.0.201812190825/tools/compiler/bin/../lib/gcc/arm-none-eabi/7.3.1/thumb/v7e-m/fpv4-sp/hard\libgcc.a(_udivmoddi4.o)
 .debug_frame   0x000019d4       0x2c c:/ac6/systemworkbench/plugins/fr.ac6.mcu.externaltools.arm-none.win32_1.17.0.201812190825/tools/compiler/bin/../lib/gcc/arm-none-eabi/7.3.1/../../../../arm-none-eabi/lib/thumb/v7e-m/fpv4-sp/hard\libc_nano.a(lib_a-init.o)
 .debug_frame   0x00001a00       0x2c c:/ac6/systemworkbench/plugins/fr.ac6.mcu.externaltools.arm-none.win32_1.17.0.201812190825/tools/compiler/bin/../lib/gcc/arm-none-eabi/7.3.1/../../../../arm-none-eabi/lib/thumb/v7e-m/fpv4-sp/hard\libc_nano.a(lib_a-memcmp.o)
 .debug_frame   0x00001a2c       0x28 c:/ac6/systemworkbench/plugins/fr.ac6.mcu.externaltools.arm-none.win32_1.17.0.201812190825/tools/compiler/bin/../lib/gcc/arm-none-eabi/7.3.1/../../../../arm-none-eabi/lib/thumb/v7e-m/fpv4-sp/hard\libc_nano.a(lib_a-memcpy-stub.o)
 .debug_frame   0x00001a54       0x20 c:/ac6/systemworkbench/plugins/fr.ac6.mcu.externaltools.arm-none.win32_1.17.0.201812190825/tools/compiler/bin/../lib/gcc/arm-none-eabi/7.3.1/../../../../arm-none-eabi/lib/thumb/v7e-m/fpv4-sp/hard\libc_nano.a(lib_a-memset.o)
