Archive member included to satisfy reference by file (symbol)

c:/ac6/systemworkbench/plugins/fr.ac6.mcu.externaltools.arm-none.win32_1.17.0.201812190825/tools/compiler/bin/../lib/gcc/arm-none-eabi/7.3.1/thumb/v7e-m/fpv4-sp/hard\libgcc.a(_aeabi_uldivmod.o)
                              Drivers/STM32L4xx_HAL_Driver/Src/stm32l4xx_hal_uart.o (__aeabi_uldivmod)
c:/ac6/systemworkbench/plugins/fr.ac6.mcu.externaltools.arm-none.win32_1.17.0.201812190825/tools/compiler/bin/../lib/gcc/arm-none-eabi/7.3.1/thumb/v7e-m/fpv4-sp/hard\libgcc.a(_udivmoddi4.o)
                              c:/ac6/systemworkbench/plugins/fr.ac6.mcu.externaltools.arm-none.win32_1.17.0.201812190825/tools/compiler/bin/../lib/gcc/arm-none-eabi/7.3.1/thumb/v7e-m/fpv4-sp/hard\libgcc.a(_aeabi_uldivmod.o) (__udivmoddi4)
c:/ac6/systemworkbench/plugins/fr.ac6.mcu.externaltools.arm-none.win32_1.17.0.201812190825/tools/compiler/bin/../lib/gcc/arm-none-eabi/7.3.1/thumb/v7e-m/fpv4-sp/hard\libgcc.a(_dvmd_tls.o)
                              c:/ac6/systemworkbench/plugins/fr.ac6.mcu.externaltools.arm-none.win32_1.17.0.201812190825/tools/compiler/bin/../lib/gcc/arm-none-eabi/7.3.1/thumb/v7e-m/fpv4-sp/hard\libgcc.a(_aeabi_uldivmod.o) (__aeabi_ldiv0)
c:/ac6/systemworkbench/plugins/fr.ac6.mcu.externaltools.arm-none.win32_1.17.0.201812190825/tools/compiler/bin/../lib/gcc/arm-none-eabi/7.3.1/../../../../arm-none-eabi/lib/thumb/v7e-m/fpv4-sp/hard\libc_nano.a(lib_a-errno.o)
                              Src/syscalls.o (__errno)
c:/ac6/systemworkbench/plugins/fr.ac6.mcu.externaltools.arm-none.win32_1.17.0.201812190825/tools/compiler/bin/../lib/gcc/arm-none-eabi/7.3.1/../../../../arm-none-eabi/lib/thumb/v7e-m/fpv4-sp/hard\libc_nano.a(lib_a-exit.o)
                              c:/ac6/systemworkbench/plugins/fr.ac6.mcu.externaltools.arm-none.win32_1.17.0.201812190825/tools/compiler/bin/../lib/gcc/arm-none-eabi/7.3.1/../../../../arm-none-eabi/lib/thumb/v7e-m/fpv4-sp/hard/crt0.o (exit)
c:/ac6/systemworkbench/plugins/fr.ac6.mcu.externaltools.arm-none.win32_1.17.0.201812190825/tools/compiler/bin/../lib/gcc/arm-none-eabi/7.3.1/../../../../arm-none-eabi/lib/thumb/v7e-m/fpv4-sp/hard\libc_nano.a(lib_a-impure.o)
                              c:/ac6/systemworkbench/plugins/fr.ac6.mcu.externaltools.arm-none.win32_1.17.0.201812190825/tools/compiler/bin/../lib/gcc/arm-none-eabi/7.3.1/../../../../arm-none-eabi/lib/thumb/v7e-m/fpv4-sp/hard\libc_nano.a(lib_a-exit.o) (_global_impure_ptr)
c:/ac6/systemworkbench/plugins/fr.ac6.mcu.externaltools.arm-none.win32_1.17.0.201812190825/tools/compiler/bin/../lib/gcc/arm-none-eabi/7.3.1/../../../../arm-none-eabi/lib/thumb/v7e-m/fpv4-sp/hard\libc_nano.a(lib_a-init.o)
                              c:/ac6/systemworkbench/plugins/fr.ac6.mcu.externaltools.arm-none.win32_1.17.0.201812190825/tools/compiler/bin/../lib/gcc/arm-none-eabi/7.3.1/../../../../arm-none-eabi/lib/thumb/v7e-m/fpv4-sp/hard/crt0.o (__libc_init_array)
c:/ac6/systemworkbench/plugins/fr.ac6.mcu.externaltools.arm-none.win32_1.17.0.201812190825/tools/compiler/bin/../lib/gcc/arm-none-eabi/7.3.1/../../../../arm-none-eabi/lib/thumb/v7e-m/fpv4-sp/hard\libc_nano.a(lib_a-memset.o)
                              c:/ac6/systemworkbench/plugins/fr.ac6.mcu.externaltools.arm-none.win32_1.17.0.201812190825/tools/compiler/bin/../lib/gcc/arm-none-eabi/7.3.1/../../../../arm-none-eabi/lib/thumb/v7e-m/fpv4-sp/hard/crt0.o (memset)

Allocating common symbols
Common symbol       size              file

hcrc                0x24              Src/common.o
JumpAddress         0x4               Src/menu.o
heval_I2c           0x4c              Src/stm32l476g_eval.o
uwTick              0x4               Drivers/STM32L4xx_HAL_Driver/Src/stm32l4xx_hal.o
aPacketData         0x406             Src/ymodem.o
huart2              0x80              Src/common.o
JumpToApplication   0x4               Src/menu.o
aFileName           0x40              Src/menu.o

Discarded input sections

 .text          0x00000000        0x0 c:/ac6/systemworkbench/plugins/fr.ac6.mcu.externaltools.arm-none.win32_1.17.0.201812190825/tools/compiler/bin/../lib/gcc/arm-none-eabi/7.3.1/thumb/v7e-m/fpv4-sp/hard/crti.o
 .data          0x00000000        0x0 c:/ac6/systemworkbench/plugins/fr.ac6.mcu.externaltools.arm-none.win32_1.17.0.201812190825/tools/compiler/bin/../lib/gcc/arm-none-eabi/7.3.1/thumb/v7e-m/fpv4-sp/hard/crti.o
 .bss           0x00000000        0x0 c:/ac6/systemworkbench/plugins/fr.ac6.mcu.externaltools.arm-none.win32_1.17.0.201812190825/tools/compiler/bin/../lib/gcc/arm-none-eabi/7.3.1/thumb/v7e-m/fpv4-sp/hard/crti.o
 .data          0x00000000        0x4 c:/ac6/systemworkbench/plugins/fr.ac6.mcu.externaltools.arm-none.win32_1.17.0.201812190825/tools/compiler/bin/../lib/gcc/arm-none-eabi/7.3.1/thumb/v7e-m/fpv4-sp/hard/crtbegin.o
[...]
Memory Configuration

Name             Origin             Length             Attributes
RAM              0x20000000         0x00018000         xrw
RAM2             0x10000000         0x00008000         xrw
FLASH            0x08000000         0x00100000         xr
*default*        0x00000000         0xffffffff

Linker script and memory map

LOAD c:/ac6/systemworkbench/plugins/fr.ac6.mcu.externaltools.arm-none.win32_1.17.0.201812190825/tools/compiler/bin/../lib/gcc/arm-none-eabi/7.3.1/thumb/v7e-m/fpv4-sp/hard/crti.o
LOAD c:/ac6/systemworkbench/plugins/fr.ac6.mcu.externaltools.arm-none.win32_1.17.0.201812190825/tools/compiler/bin/../lib/gcc/arm-none-eabi/7.3.1/thumb/v7e-m/fpv4-sp/hard/crtbegin.o
LOAD c:/ac6/systemworkbench/plugins/fr.ac6.mcu.externaltools.arm-none.win32_1.17.0.201812190825/tools/compiler/bin/../lib/gcc/arm-none-eabi/7.3.1/../../../../arm-none-eabi/lib/thumb/v7e-m/fpv4-sp/hard/crt0.o
LOAD Drivers/STM32L4xx_HAL_Driver/Src/stm32l4xx_hal.o
LOAD Drivers/STM32L4xx_HAL_Driver/Src/stm32l4xx_hal_cortex.o
LOAD Drivers/STM32L4xx_HAL_Driver/Src/stm32l4xx_hal_crc.o
LOAD Drivers/STM32L4xx_HAL_Driver/Src/stm32l4xx_hal_crc_ex.o
LOAD Drivers/STM32L4xx_HAL_Driver/Src/stm32l4xx_hal_dma.o
LOAD Drivers/STM32L4xx_HAL_Driver/Src/stm32l4xx_hal_dma_ex.o
LOAD Drivers/STM32L4xx_HAL_Driver/Src/stm32l4xx_hal_exti.o
LOAD Drivers/STM32L4xx_HAL_Driver/Src/stm32l4xx_hal_flash.o
LOAD Drivers/STM32L4xx_HAL_Driver/Src/stm32l4xx_hal_flash_ex.o
LOAD Drivers/STM32L4xx_HAL_Driver/Src/stm32l4xx_hal_flash_ramfunc.o
LOAD Drivers/STM32L4xx_HAL_Driver/Src/stm32l4xx_hal_gpio.o
LOAD Drivers/STM32L4xx_HAL_Driver/Src/stm32l4xx_hal_i2c.o
LOAD Drivers/STM32L4xx_HAL_Driver/Src/stm32l4xx_hal_i2c_ex.o
LOAD Drivers/STM32L4xx_HAL_Driver/Src/stm32l4xx_hal_pwr.o
LOAD Drivers/STM32L4xx_HAL_Driver/Src/stm32l4xx_hal_pwr_ex.o
LOAD Drivers/STM32L4xx_HAL_Driver/Src/stm32l4xx_hal_rcc.o
LOAD Drivers/STM32L4xx_HAL_Driver/Src/stm32l4xx_hal_rcc_ex.o
LOAD Drivers/STM32L4xx_HAL_Driver/Src/stm32l4xx_hal_tim.o
LOAD Drivers/STM32L4xx_HAL_Driver/Src/stm32l4xx_hal_tim_ex.o
LOAD Drivers/STM32L4xx_HAL_Driver/Src/stm32l4xx_hal_uart.o
LOAD Drivers/STM32L4xx_HAL_Driver/Src/stm32l4xx_hal_uart_ex.o
LOAD Src/common.o
LOAD Src/flash_if.o
LOAD Src/main.o
LOAD Src/menu.o
LOAD Src/stm32l476g_eval.o
LOAD Src/stm32l4xx_hal_msp.o
LOAD Src/stm32l4xx_it.o
LOAD Src/syscalls.o
LOAD Src/system_stm32l4xx.o
LOAD Src/ymodem.o
LOAD startup/startup_stm32l476xx.o
LOAD c:/ac6/systemworkbench/plugins/fr.ac6.mcu.externaltools.arm-none.win32_1.17.0.201812190825/tools/compiler/bin/../lib/gcc/arm-none-eabi/7.3.1/../../../../arm-none-eabi/lib/thumb/v7e-m/fpv4-sp/hard\libm.a
START GROUP
LOAD c:/ac6/systemworkbench/plugins/fr.ac6.mcu.externaltools.arm-none.win32_1.17.0.201812190825/tools/compiler/bin/../lib/gcc/arm-none-eabi/7.3.1/thumb/v7e-m/fpv4-sp/hard\libgcc.a
LOAD c:/ac6/systemworkbench/plugins/fr.ac6.mcu.externaltools.arm-none.win32_1.17.0.201812190825/tools/compiler/bin/../lib/gcc/arm-none-eabi/7.3.1/../../../../arm-none-eabi/lib/thumb/v7e-m/fpv4-sp/hard\libc_nano.a
END GROUP
START GROUP
LOAD c:/ac6/systemworkbench/plugins/fr.ac6.mcu.externaltools.arm-none.win32_1.17.0.201812190825/tools/compiler/bin/../lib/gcc/arm-none-eabi/7.3.1/thumb/v7e-m/fpv4-sp/hard\libgcc.a
LOAD c:/ac6/systemworkbench/plugins/fr.ac6.mcu.externaltools.arm-none.win32_1.17.0.201812190825/tools/compiler/bin/../lib/gcc/arm-none-eabi/7.3.1/../../../../arm-none-eabi/lib/thumb/v7e-m/fpv4-sp/hard\libc_nano.a
LOAD c:/ac6/systemworkbench/plugins/fr.ac6.mcu.externaltools.arm-none.win32_1.17.0.201812190825/tools/compiler/bin/../lib/gcc/arm-none-eabi/7.3.1/../../../../arm-none-eabi/lib/thumb/v7e-m/fpv4-sp/hard\libnosys.a
END GROUP
START GROUP
LOAD c:/ac6/systemworkbench/plugins/fr.ac6.mcu.externaltools.arm-none.win32_1.17.0.201812190825/tools/compiler/bin/../lib/gcc/arm-none-eabi/7.3.1/thumb/v7e-m/fpv4-sp/hard\libgcc.a
LOAD c:/ac6/systemworkbench/plugins/fr.ac6.mcu.externaltools.arm-none.win32_1.17.0.201812190825/tools/compiler/bin/../lib/gcc/arm-none-eabi/7.3.1/../../../../arm-none-eabi/lib/thumb/v7e-m/fpv4-sp/hard\libc_nano.a
LOAD c:/ac6/systemworkbench/plugins/fr.ac6.mcu.externaltools.arm-none.win32_1.17.0.201812190825/tools/compiler/bin/../lib/gcc/arm-none-eabi/7.3.1/../../../../arm-none-eabi/lib/thumb/v7e-m/fpv4-sp/hard\libnosys.a
END GROUP
LOAD c:/ac6/systemworkbench/plugins/fr.ac6.mcu.externaltools.arm-none.win32_1.17.0.201812190825/tools/compiler/bin/../lib/gcc/arm-none-eabi/7.3.1/thumb/v7e-m/fpv4-sp/hard/crtend.o
LOAD c:/ac6/systemworkbench/plugins/fr.ac6.mcu.externaltools.arm-none.win32_1.17.0.201812190825/tools/compiler/bin/../lib/gcc/arm-none-eabi/7.3.1/thumb/v7e-m/fpv4-sp/hard/crtn.o
                0x20018000                _estack = 0x20018000
                0x00000200                _Min_Heap_Size = 0x200
                0x00000400                _Min_Stack_Size = 0x400

.isr_vector     0x08000000      0x188
                0x08000000                . = ALIGN (0x8)
 *(.isr_vector)
 .isr_vector    0x08000000      0x188 startup/startup_stm32l476xx.o
                0x08000000                g_pfnVectors
                0x08000188                . = ALIGN (0x8)

.text           0x08000188     0x3258
                0x08000188                . = ALIGN (0x8)
 *(.text)
 .text          0x08000188       0x40 c:/ac6/systemworkbench/plugins/fr.ac6.mcu.externaltools.arm-none.win32_1.17.0.201812190825/tools/compiler/bin/../lib/gcc/arm-none-eabi/7.3.1/thumb/v7e-m/fpv4-sp/hard/crtbegin.o
 .text          0x080001c8       0x30 c:/ac6/systemworkbench/plugins/fr.ac6.mcu.externaltools.arm-none.win32_1.17.0.201812190825/tools/compiler/bin/../lib/gcc/arm-none-eabi/7.3.1/thumb/v7e-m/fpv4-sp/hard\libgcc.a(_aeabi_uldivmod.o)
                0x080001c8                __aeabi_uldivmod
 .text          0x080001f8      0x2cc c:/ac6/systemworkbench/plugins/fr.ac6.mcu.externaltools.arm-none.win32_1.17.0.201812190825/tools/compiler/bin/../lib/gcc/arm-none-eabi/7.3.1/thumb/v7e-m/fpv4-sp/hard\libgcc.a(_udivmoddi4.o)
                0x080001f8                __udivmoddi4
 .text          0x080004c4        0x4 c:/ac6/systemworkbench/plugins/fr.ac6.mcu.externaltools.arm-none.win32_1.17.0.201812190825/tools/compiler/bin/../lib/gcc/arm-none-eabi/7.3.1/thumb/v7e-m/fpv4-sp/hard\libgcc.a(_dvmd_tls.o)
                0x080004c4                __aeabi_idiv0
                0x080004c4                __aeabi_ldiv0
 *(.text*)
 .text.HAL_InitTick
                0x080004c8       0x4c Drivers/STM32L4xx_HAL_Driver/Src/stm32l4xx_hal.o
                0x080004c8                HAL_InitTick
 .text.HAL_Init
                0x08000514       0x1e Drivers/STM32L4xx_HAL_Driver/Src/stm32l4xx_hal.o
                0x08000514                HAL_Init
 *fill*         0x08000532        0x2 
 .text.HAL_IncTick
                0x08000534       0x18 Drivers/STM32L4xx_HAL_Driver/Src/stm32l4xx_hal.o
                0x08000534                HAL_IncTick
 .text.HAL_GetTick
                0x0800054c        0xc Drivers/STM32L4xx_HAL_Driver/Src/stm32l4xx_hal.o
                0x0800054c                HAL_GetTick
 .text.HAL_Delay
                0x08000558       0x28 Drivers/STM32L4xx_HAL_Driver/Src/stm32l4xx_hal.o
                0x08000558                HAL_Delay
 .text.HAL_NVIC_SetPriorityGrouping
                0x08000580       0x24 Drivers/STM32L4xx_HAL_Driver/Src/stm32l4xx_hal_cortex.o
                0x08000580                HAL_NVIC_SetPriorityGrouping
 .text.HAL_NVIC_SetPriority
                0x080005a4       0x68 Drivers/STM32L4xx_HAL_Driver/Src/stm32l4xx_hal_cortex.o
                0x080005a4                HAL_NVIC_SetPriority
 .text.HAL_SYSTICK_Config
                0x0800060c       0x2c Drivers/STM32L4xx_HAL_Driver/Src/stm32l4xx_hal_cortex.o
                0x0800060c                HAL_SYSTICK_Config
 .text.CRC_Handle_8
                0x08000638       0x7e Drivers/STM32L4xx_HAL_Driver/Src/stm32l4xx_hal_crc.o
 .text.CRC_Handle_16
                0x080006b6       0x4e Drivers/STM32L4xx_HAL_Driver/Src/stm32l4xx_hal_crc.o
 .text.HAL_CRC_Init
                0x08000704       0x80 Drivers/STM32L4xx_HAL_Driver/Src/stm32l4xx_hal_crc.o
                0x08000704                HAL_CRC_Init
 .text.HAL_CRC_Calculate
                0x08000784       0x50 Drivers/STM32L4xx_HAL_Driver/Src/stm32l4xx_hal_crc.o
                0x08000784                HAL_CRC_Calculate
 .text.HAL_CRCEx_Polynomial_Set
                0x080007d4       0x6c Drivers/STM32L4xx_HAL_Driver/Src/stm32l4xx_hal_crc_ex.o
                0x080007d4                HAL_CRCEx_Polynomial_Set
 .text.FLASH_Program_DoubleWord
                0x08000840       0x20 Drivers/STM32L4xx_HAL_Driver/Src/stm32l4xx_hal_flash.o
 .text.FLASH_Program_Fast
                0x08000860       0x34 Drivers/STM32L4xx_HAL_Driver/Src/stm32l4xx_hal_flash.o
 .text.HAL_FLASH_Unlock
                0x08000894       0x30 Drivers/STM32L4xx_HAL_Driver/Src/stm32l4xx_hal_flash.o
                0x08000894                HAL_FLASH_Unlock
 .text.HAL_FLASH_Lock
                0x080008c4       0x14 Drivers/STM32L4xx_HAL_Driver/Src/stm32l4xx_hal_flash.o
                0x080008c4                HAL_FLASH_Lock
 .text.FLASH_WaitForLastOperation
                0x080008d8       0x8c Drivers/STM32L4xx_HAL_Driver/Src/stm32l4xx_hal_flash.o
                0x080008d8                FLASH_WaitForLastOperation
 .text.HAL_FLASH_Program
                0x08000964       0xb0 Drivers/STM32L4xx_HAL_Driver/Src/stm32l4xx_hal_flash.o
                0x08000964                HAL_FLASH_Program
 .text.FLASH_MassErase
                0x08000a14       0x30 Drivers/STM32L4xx_HAL_Driver/Src/stm32l4xx_hal_flash_ex.o
 .text.FLASH_PageErase
                0x08000a44       0x44 Drivers/STM32L4xx_HAL_Driver/Src/stm32l4xx_hal_flash_ex.o
                0x08000a44                FLASH_PageErase
 .text.FLASH_FlushCaches
                0x08000a88       0x5c Drivers/STM32L4xx_HAL_Driver/Src/stm32l4xx_hal_flash_ex.o
                0x08000a88                FLASH_FlushCaches
 .text.HAL_FLASHEx_Erase
                0x08000ae4       0xfc Drivers/STM32L4xx_HAL_Driver/Src/stm32l4xx_hal_flash_ex.o
                0x08000ae4                HAL_FLASHEx_Erase
 .text.HAL_GPIO_Init
                0x08000be0      0x1d4 Drivers/STM32L4xx_HAL_Driver/Src/stm32l4xx_hal_gpio.o
                0x08000be0                HAL_GPIO_Init
 .text.HAL_PWREx_GetVoltageRange
                0x08000db4       0x10 Drivers/STM32L4xx_HAL_Driver/Src/stm32l4xx_hal_pwr_ex.o
                0x08000db4                HAL_PWREx_GetVoltageRange
 .text.HAL_PWREx_ControlVoltageScaling
                0x08000dc4       0x90 Drivers/STM32L4xx_HAL_Driver/Src/stm32l4xx_hal_pwr_ex.o
                0x08000dc4                HAL_PWREx_ControlVoltageScaling
 .text.RCC_SetFlashLatencyFromMSIRange
                0x08000e54       0x90 Drivers/STM32L4xx_HAL_Driver/Src/stm32l4xx_hal_rcc.o
 .text.HAL_RCC_GetSysClockFreq
                0x08000ee4       0xb4 Drivers/STM32L4xx_HAL_Driver/Src/stm32l4xx_hal_rcc.o
                0x08000ee4                HAL_RCC_GetSysClockFreq
 .text.HAL_RCC_OscConfig
                0x08000f98      0x5dc Drivers/STM32L4xx_HAL_Driver/Src/stm32l4xx_hal_rcc.o
                0x08000f98                HAL_RCC_OscConfig
 .text.HAL_RCC_ClockConfig
                0x08001574      0x158 Drivers/STM32L4xx_HAL_Driver/Src/stm32l4xx_hal_rcc.o
                0x08001574                HAL_RCC_ClockConfig
 .text.HAL_RCC_GetHCLKFreq
                0x080016cc        0xc Drivers/STM32L4xx_HAL_Driver/Src/stm32l4xx_hal_rcc.o
                0x080016cc                HAL_RCC_GetHCLKFreq
 .text.HAL_RCC_GetPCLK1Freq
                0x080016d8       0x24 Drivers/STM32L4xx_HAL_Driver/Src/stm32l4xx_hal_rcc.o
                0x080016d8                HAL_RCC_GetPCLK1Freq
 .text.HAL_RCC_GetPCLK2Freq
                0x080016fc       0x24 Drivers/STM32L4xx_HAL_Driver/Src/stm32l4xx_hal_rcc.o
                0x080016fc                HAL_RCC_GetPCLK2Freq
 .text.RCCEx_PLLSAI1_Config
                0x08001720      0x170 Drivers/STM32L4xx_HAL_Driver/Src/stm32l4xx_hal_rcc_ex.o
 .text.RCCEx_PLLSAI2_Config
                0x08001890      0x14c Drivers/STM32L4xx_HAL_Driver/Src/stm32l4xx_hal_rcc_ex.o
 .text.HAL_RCCEx_PeriphCLKConfig
                0x080019dc      0x450 Drivers/STM32L4xx_HAL_Driver/Src/stm32l4xx_hal_rcc_ex.o
                0x080019dc                HAL_RCCEx_PeriphCLKConfig
 .text.UART_SetConfig
                0x08001e2c      0x424 Drivers/STM32L4xx_HAL_Driver/Src/stm32l4xx_hal_uart.o
                0x08001e2c                UART_SetConfig
 .text.UART_AdvFeatureConfig
                0x08002250       0xca Drivers/STM32L4xx_HAL_Driver/Src/stm32l4xx_hal_uart.o
                0x08002250                UART_AdvFeatureConfig
 .text.UART_WaitOnFlagUntilTimeout
                0x0800231a       0x60 Drivers/STM32L4xx_HAL_Driver/Src/stm32l4xx_hal_uart.o
                0x0800231a                UART_WaitOnFlagUntilTimeout
 .text.HAL_UART_Transmit
                0x0800237a       0xd8 Drivers/STM32L4xx_HAL_Driver/Src/stm32l4xx_hal_uart.o
                0x0800237a                HAL_UART_Transmit
 .text.HAL_UART_Receive
                0x08002452      0x11c Drivers/STM32L4xx_HAL_Driver/Src/stm32l4xx_hal_uart.o
                0x08002452                HAL_UART_Receive
 .text.UART_CheckIdleState
                0x0800256e       0x6c Drivers/STM32L4xx_HAL_Driver/Src/stm32l4xx_hal_uart.o
                0x0800256e                UART_CheckIdleState
 .text.HAL_UART_Init
                0x080025da       0x62 Drivers/STM32L4xx_HAL_Driver/Src/stm32l4xx_hal_uart.o
                0x080025da                HAL_UART_Init
 .text.Int2Str  0x0800263c       0x4c Src/common.o
                0x0800263c                Int2Str
 .text.Str2Int  0x08002688       0xd8 Src/common.o
                0x08002688                Str2Int
 .text.Serial_PutString
                0x08002760       0x20 Src/common.o
                0x08002760                Serial_PutString
 .text.Serial_PutByte
                0x08002780       0x20 Src/common.o
                0x08002780                Serial_PutByte
 .text.FLASH_If_Init
                0x080027a0       0x18 Src/flash_if.o
                0x080027a0                FLASH_If_Init
 .text.FLASH_If_Erase
                0x080027b8       0x8c Src/flash_if.o
                0x080027b8                FLASH_If_Erase
 .text.FLASH_If_Write
                0x08002844       0x60 Src/flash_if.o
                0x08002844                FLASH_If_Write
 .text.MX_GPIO_Init
                0x080028a4       0x60 Src/main.o
 .text.MX_CRC_Init
                0x08002904       0x30 Src/main.o
 .text.MX_USART2_UART_Init
                0x08002934       0x30 Src/main.o
 .text.SystemClock_Config
                0x08002964       0x7a Src/main.o
                0x08002964                SystemClock_Config
 .text.main     0x080029de       0x20 Src/main.o
                0x080029de                main
 *fill*         0x080029fe        0x2 
 .text.SerialDownload
                0x08002a00       0xa8 Src/menu.o
                0x08002a00                SerialDownload
 .text.SerialUpload
                0x08002aa8       0x68 Src/menu.o
                0x08002aa8                SerialUpload
 .text.Main_Menu
                0x08002b10      0x104 Src/menu.o
                0x08002b10                Main_Menu
 .text.HAL_MspInit
                0x08002c14       0x30 Src/stm32l4xx_hal_msp.o
                0x08002c14                HAL_MspInit
 .text.HAL_CRC_MspInit
                0x08002c44       0x2c Src/stm32l4xx_hal_msp.o
                0x08002c44                HAL_CRC_MspInit
 .text.HAL_UART_MspInit
                0x08002c70       0x68 Src/stm32l4xx_hal_msp.o
                0x08002c70                HAL_UART_MspInit
 .text.NMI_Handler
                0x08002cd8        0x2 Src/stm32l4xx_it.o
                0x08002cd8                NMI_Handler
 .text.HardFault_Handler
                0x08002cda        0x2 Src/stm32l4xx_it.o
                0x08002cda                HardFault_Handler
 .text.MemManage_Handler
                0x08002cdc        0x2 Src/stm32l4xx_it.o
                0x08002cdc                MemManage_Handler
 .text.BusFault_Handler
                0x08002cde        0x2 Src/stm32l4xx_it.o
                0x08002cde                BusFault_Handler
 .text.UsageFault_Handler
                0x08002ce0        0x2 Src/stm32l4xx_it.o
                0x08002ce0                UsageFault_Handler
 .text.SVC_Handler
                0x08002ce2        0x2 Src/stm32l4xx_it.o
                0x08002ce2                SVC_Handler
 .text.DebugMon_Handler
                0x08002ce4        0x2 Src/stm32l4xx_it.o
                0x08002ce4                DebugMon_Handler
 .text.PendSV_Handler
                0x08002ce6        0x2 Src/stm32l4xx_it.o
                0x08002ce6                PendSV_Handler
 .text.SysTick_Handler
                0x08002ce8        0x8 Src/stm32l4xx_it.o
                0x08002ce8                SysTick_Handler
 .text.SystemInit
                0x08002cf0       0x48 Src/system_stm32l4xx.o
                0x08002cf0                SystemInit
 .text.PreparePacket
                0x08002d38       0x56 Src/ymodem.o
 *fill*         0x08002d8e        0x2 
 .text.ReceivePacket
                0x08002d90       0xf0 Src/ymodem.o
 .text.PrepareIntialPacket
                0x08002e80       0x56 Src/ymodem.o
 *fill*         0x08002ed6        0x2 
 .text.Ymodem_Receive
                0x08002ed8      0x1ac Src/ymodem.o
                0x08002ed8                Ymodem_Receive
 .text.Ymodem_Transmit
                0x08003084      0x298 Src/ymodem.o
                0x08003084                Ymodem_Transmit
 .text.Reset_Handler
                0x0800331c       0x50 startup/startup_stm32l476xx.o
                0x0800331c                Reset_Handler
 .text.Default_Handler
                0x0800336c        0x2 startup/startup_stm32l476xx.o
                0x0800336c                RTC_Alarm_IRQHandler
                0x0800336c                EXTI2_IRQHandler
                0x0800336c                TIM8_TRG_COM_IRQHandler
                0x0800336c                TIM8_CC_IRQHandler
                0x0800336c                TIM1_CC_IRQHandler
                0x0800336c                TSC_IRQHandler
                0x0800336c                TAMP_STAMP_IRQHandler
                0x0800336c                EXTI3_IRQHandler
                0x0800336c                LPTIM2_IRQHandler
                0x0800336c                DFSDM1_FLT1_IRQHandler
                0x0800336c                I2C3_ER_IRQHandler
                0x0800336c                DFSDM1_FLT2_IRQHandler
                0x0800336c                EXTI0_IRQHandler
                0x0800336c                I2C2_EV_IRQHandler
                0x0800336c                CAN1_RX0_IRQHandler
                0x0800336c                FPU_IRQHandler
                0x0800336c                TIM1_UP_TIM16_IRQHandler
                0x0800336c                ADC1_2_IRQHandler
                0x0800336c                SPI1_IRQHandler
                0x0800336c                TIM6_DAC_IRQHandler
                0x0800336c                TIM8_UP_IRQHandler
                0x0800336c                DMA2_Channel2_IRQHandler
                0x0800336c                DMA1_Channel4_IRQHandler
                0x0800336c                SAI2_IRQHandler
                0x0800336c                DFSDM1_FLT3_IRQHandler
                0x0800336c                USART3_IRQHandler
                0x0800336c                DMA1_Channel7_IRQHandler
                0x0800336c                CAN1_RX1_IRQHandler
                0x0800336c                LCD_IRQHandler
                0x0800336c                UART5_IRQHandler
                0x0800336c                ADC3_IRQHandler
                0x0800336c                TIM4_IRQHandler
                0x0800336c                DMA2_Channel1_IRQHandler
                0x0800336c                QUADSPI_IRQHandler
                0x0800336c                I2C1_EV_IRQHandler
                0x0800336c                DMA1_Channel6_IRQHandler
                0x0800336c                UART4_IRQHandler
                0x0800336c                DMA2_Channel4_IRQHandler
                0x0800336c                TIM3_IRQHandler
                0x0800336c                RCC_IRQHandler
                0x0800336c                DMA1_Channel1_IRQHandler
                0x0800336c                Default_Handler
                0x0800336c                DMA2_Channel7_IRQHandler
                0x0800336c                EXTI15_10_IRQHandler
                0x0800336c                TIM7_IRQHandler
                0x0800336c                SDMMC1_IRQHandler
                0x0800336c                TIM5_IRQHandler
                0x0800336c                I2C3_EV_IRQHandler
                0x0800336c                EXTI9_5_IRQHandler
                0x0800336c                RTC_WKUP_IRQHandler
                0x0800336c                PVD_PVM_IRQHandler
                0x0800336c                SPI2_IRQHandler
                0x0800336c                CAN1_TX_IRQHandler
                0x0800336c                DMA2_Channel5_IRQHandler
                0x0800336c                DMA1_Channel5_IRQHandler
                0x0800336c                EXTI4_IRQHandler
                0x0800336c                RNG_IRQHandler
                0x0800336c                TIM1_TRG_COM_TIM17_IRQHandler
                0x0800336c                DMA1_Channel3_IRQHandler
                0x0800336c                COMP_IRQHandler
                0x0800336c                WWDG_IRQHandler
                0x0800336c                LPUART1_IRQHandler
                0x0800336c                DMA2_Channel6_IRQHandler
                0x0800336c                TIM2_IRQHandler
                0x0800336c                EXTI1_IRQHandler
                0x0800336c                USART2_IRQHandler
                0x0800336c                DFSDM1_FLT0_IRQHandler
                0x0800336c                I2C2_ER_IRQHandler
                0x0800336c                DMA1_Channel2_IRQHandler
                0x0800336c                TIM8_BRK_IRQHandler
                0x0800336c                CAN1_SCE_IRQHandler
                0x0800336c                FLASH_IRQHandler
                0x0800336c                USART1_IRQHandler
                0x0800336c                OTG_FS_IRQHandler
                0x0800336c                SPI3_IRQHandler
                0x0800336c                I2C1_ER_IRQHandler
                0x0800336c                FMC_IRQHandler
                0x0800336c                SWPMI1_IRQHandler
                0x0800336c                LPTIM1_IRQHandler
                0x0800336c                SAI1_IRQHandler
                0x0800336c                DMA2_Channel3_IRQHandler
                0x0800336c                TIM1_BRK_TIM15_IRQHandler
 *fill*         0x0800336e        0x2 
 .text.__libc_init_array
                0x08003370       0x48 c:/ac6/systemworkbench/plugins/fr.ac6.mcu.externaltools.arm-none.win32_1.17.0.201812190825/tools/compiler/bin/../lib/gcc/arm-none-eabi/7.3.1/../../../../arm-none-eabi/lib/thumb/v7e-m/fpv4-sp/hard\libc_nano.a(lib_a-init.o)
                0x08003370                __libc_init_array
 .text.memset   0x080033b8       0x10 c:/ac6/systemworkbench/plugins/fr.ac6.mcu.externaltools.arm-none.win32_1.17.0.201812190825/tools/compiler/bin/../lib/gcc/arm-none-eabi/7.3.1/../../../../arm-none-eabi/lib/thumb/v7e-m/fpv4-sp/hard\libc_nano.a(lib_a-memset.o)
                0x080033b8                memset
 *(.glue_7)
 .glue_7        0x080033c8        0x0 linker stubs
 *(.glue_7t)
 .glue_7t       0x080033c8        0x0 linker stubs
 *(.eh_frame)
 .eh_frame      0x080033c8        0x0 c:/ac6/systemworkbench/plugins/fr.ac6.mcu.externaltools.arm-none.win32_1.17.0.201812190825/tools/compiler/bin/../lib/gcc/arm-none-eabi/7.3.1/thumb/v7e-m/fpv4-sp/hard/crtbegin.o
 *(.init)
 .init          0x080033c8        0x4 c:/ac6/systemworkbench/plugins/fr.ac6.mcu.externaltools.arm-none.win32_1.17.0.201812190825/tools/compiler/bin/../lib/gcc/arm-none-eabi/7.3.1/thumb/v7e-m/fpv4-sp/hard/crti.o
                0x080033c8                _init
 .init          0x080033cc        0x8 c:/ac6/systemworkbench/plugins/fr.ac6.mcu.externaltools.arm-none.win32_1.17.0.201812190825/tools/compiler/bin/../lib/gcc/arm-none-eabi/7.3.1/thumb/v7e-m/fpv4-sp/hard/crtn.o
 *(.fini)
 .fini          0x080033d4        0x4 c:/ac6/systemworkbench/plugins/fr.ac6.mcu.externaltools.arm-none.win32_1.17.0.201812190825/tools/compiler/bin/../lib/gcc/arm-none-eabi/7.3.1/thumb/v7e-m/fpv4-sp/hard/crti.o
                0x080033d4                _fini
 .fini          0x080033d8        0x8 c:/ac6/systemworkbench/plugins/fr.ac6.mcu.externaltools.arm-none.win32_1.17.0.201812190825/tools/compiler/bin/../lib/gcc/arm-none-eabi/7.3.1/thumb/v7e-m/fpv4-sp/hard/crtn.o
                0x080033e0                . = ALIGN (0x8)
                0x080033e0                _etext = .

.vfp11_veneer   0x080033e0        0x0
 .vfp11_veneer  0x080033e0        0x0 linker stubs

.v4_bx          0x080033e0        0x0
 .v4_bx         0x080033e0        0x0 linker stubs

.iplt           0x080033e0        0x0
 .iplt          0x080033e0        0x0 c:/ac6/systemworkbench/plugins/fr.ac6.mcu.externaltools.arm-none.win32_1.17.0.201812190825/tools/compiler/bin/../lib/gcc/arm-none-eabi/7.3.1/thumb/v7e-m/fpv4-sp/hard/crtbegin.o

.rodata         0x080033e0      0x548
                0x080033e0                . = ALIGN (0x8)
 *(.rodata)
 .rodata        0x080033e0       0x48 Src/system_stm32l4xx.o
                0x080033e0                MSIRangeTable
                0x08003410                AHBPrescTable
                0x08003420                APBPrescTable
 *(.rodata*)
 .rodata.str1.4
                0x08003428      0x4fc Src/menu.o
                                0x4fb (size before relaxing)
                0x08003928                . = ALIGN (0x8)
 *fill*         0x08003924        0x4 

.ARM.extab      0x08003928        0x0
                0x08003928                . = ALIGN (0x8)
 *(.ARM.extab* .gnu.linkonce.armextab.*)
                0x08003928                . = ALIGN (0x8)

.ARM            0x08003928        0x8
                0x08003928                . = ALIGN (0x8)
                0x08003928                __exidx_start = .
 *(.ARM.exidx*)
 .ARM.exidx     0x08003928        0x8 c:/ac6/systemworkbench/plugins/fr.ac6.mcu.externaltools.arm-none.win32_1.17.0.201812190825/tools/compiler/bin/../lib/gcc/arm-none-eabi/7.3.1/thumb/v7e-m/fpv4-sp/hard\libgcc.a(_udivmoddi4.o)
                0x08003930                __exidx_end = .
                0x08003930                . = ALIGN (0x8)

.rel.dyn        0x08003930        0x0
 .rel.iplt      0x08003930        0x0 c:/ac6/systemworkbench/plugins/fr.ac6.mcu.externaltools.arm-none.win32_1.17.0.201812190825/tools/compiler/bin/../lib/gcc/arm-none-eabi/7.3.1/thumb/v7e-m/fpv4-sp/hard/crtbegin.o

.preinit_array  0x08003930        0x0
                0x08003930                . = ALIGN (0x8)
                0x08003930                PROVIDE (__preinit_array_start = .)
 *(.preinit_array*)
                0x08003930                PROVIDE (__preinit_array_end = .)
                0x08003930                . = ALIGN (0x8)

.init_array     0x08003930        0x8
                0x08003930                . = ALIGN (0x8)
                0x08003930                PROVIDE (__init_array_start = .)
 *(SORT_BY_NAME(.init_array.*))
 *(.init_array*)
 .init_array    0x08003930        0x4 c:/ac6/systemworkbench/plugins/fr.ac6.mcu.externaltools.arm-none.win32_1.17.0.201812190825/tools/compiler/bin/../lib/gcc/arm-none-eabi/7.3.1/thumb/v7e-m/fpv4-sp/hard/crtbegin.o
                0x08003934                PROVIDE (__init_array_end = .)
                0x08003938                . = ALIGN (0x8)
 *fill*         0x08003934        0x4 

.fini_array     0x08003938        0x8
                0x08003938                . = ALIGN (0x8)
                [!provide]                PROVIDE (__fini_array_start = .)
 *(SORT_BY_NAME(.fini_array.*))
 *(.fini_array*)
 .fini_array    0x08003938        0x4 c:/ac6/systemworkbench/plugins/fr.ac6.mcu.externaltools.arm-none.win32_1.17.0.201812190825/tools/compiler/bin/../lib/gcc/arm-none-eabi/7.3.1/thumb/v7e-m/fpv4-sp/hard/crtbegin.o
                [!provide]                PROVIDE (__fini_array_end = .)
                0x08003940                . = ALIGN (0x8)
 *fill*         0x0800393c        0x4 
                0x08003940                _sidata = LOADADDR (.data)

.data           0x20000000       0x30 load address 0x08003940
                0x20000000                . = ALIGN (0x8)
                0x20000000                _sdata = .
 *(.data)
 .data          0x20000000        0x8 Drivers/STM32L4xx_HAL_Driver/Src/stm32l4xx_hal.o
                0x20000000                uwTickFreq
                0x20000004                uwTickPrio
 .data          0x20000008       0x20 Drivers/STM32L4xx_HAL_Driver/Src/stm32l4xx_hal_flash.o
                0x20000008                pFlash
 .data          0x20000028        0x4 Src/system_stm32l4xx.o
                0x20000028                SystemCoreClock
 *(.data*)
                0x20000030                . = ALIGN (0x8)
 *fill*         0x2000002c        0x4 
                0x20000030                _edata = .

.igot.plt       0x20000030        0x0 load address 0x08003970
 .igot.plt      0x20000030        0x0 c:/ac6/systemworkbench/plugins/fr.ac6.mcu.externaltools.arm-none.win32_1.17.0.201812190825/tools/compiler/bin/../lib/gcc/arm-none-eabi/7.3.1/thumb/v7e-m/fpv4-sp/hard/crtbegin.o
                0x20000030                . = ALIGN (0x4)

.bss            0x20000030      0x51c load address 0x08003970
                0x20000030                _sbss = .
                0x20000030                __bss_start__ = _sbss
 *(.bss)
 .bss           0x20000030       0x1c c:/ac6/systemworkbench/plugins/fr.ac6.mcu.externaltools.arm-none.win32_1.17.0.201812190825/tools/compiler/bin/../lib/gcc/arm-none-eabi/7.3.1/thumb/v7e-m/fpv4-sp/hard/crtbegin.o
 .bss           0x2000004c        0x8 Src/menu.o
                0x2000004c                key
                0x20000050                FlashProtection
 *(.bss*)
 *(COMMON)
 COMMON         0x20000054        0x4 Drivers/STM32L4xx_HAL_Driver/Src/stm32l4xx_hal.o
                0x20000054                uwTick
 COMMON         0x20000058       0xa4 Src/common.o
                0x20000058                hcrc
                0x2000007c                huart2
 COMMON         0x200000fc       0x48 Src/menu.o
                0x200000fc                JumpAddress
                0x20000100                JumpToApplication
                0x20000104                aFileName
 COMMON         0x20000144      0x406 Src/ymodem.o
                0x20000144                aPacketData
                0x2000054c                . = ALIGN (0x4)
 *fill*         0x2000054a        0x2 
                0x2000054c                _ebss = .
                0x2000054c                __bss_end__ = _ebss

._user_heap_stack
                0x2000054c      0x604 load address 0x08003970
                0x20000550                . = ALIGN (0x8)
 *fill*         0x2000054c        0x4 
                0x20000550                PROVIDE (end = .)
                [!provide]                PROVIDE (_end = .)
                0x20000750                . = (. + _Min_Heap_Size)
 *fill*         0x20000550      0x200 
                0x20000b50                . = (. + _Min_Stack_Size)
 *fill*         0x20000750      0x400 
                0x20000b50                . = ALIGN (0x8)

/DISCARD/
 libc.a(*)
 libm.a(*)
 libgcc.a(*)

.ARM.attributes
                0x00000000       0x30
 *(.ARM.attributes)
 .ARM.attributes
                0x00000000       0x22 c:/ac6/systemworkbench/plugins/fr.ac6.mcu.externaltools.arm-none.win32_1.17.0.201812190825/tools/compiler/bin/../lib/gcc/arm-none-eabi/7.3.1/thumb/v7e-m/fpv4-sp/hard/crti.o
 .ARM.attributes
                0x00000022       0x34 c:/ac6/systemworkbench/plugins/fr.ac6.mcu.externaltools.arm-none.win32_1.17.0.201812190825/tools/compiler/bin/../lib/gcc/arm-none-eabi/7.3.1/thumb/v7e-m/fpv4-sp/hard/crtbegin.o
 .ARM.attributes
                0x00000056       0x39 Drivers/STM32L4xx_HAL_Driver/Src/stm32l4xx_hal.o
 .ARM.attributes
                0x0000008f       0x39 Drivers/STM32L4xx_HAL_Driver/Src/stm32l4xx_hal_cortex.o
 .ARM.attributes
                0x000000c8       0x39 Drivers/STM32L4xx_HAL_Driver/Src/stm32l4xx_hal_crc.o
 .ARM.attributes
                0x00000101       0x39 Drivers/STM32L4xx_HAL_Driver/Src/stm32l4xx_hal_crc_ex.o
 .ARM.attributes
                0x0000013a       0x39 Drivers/STM32L4xx_HAL_Driver/Src/stm32l4xx_hal_flash.o
 .ARM.attributes
                0x00000173       0x39 Drivers/STM32L4xx_HAL_Driver/Src/stm32l4xx_hal_flash_ex.o
 .ARM.attributes
                0x000001ac       0x39 Drivers/STM32L4xx_HAL_Driver/Src/stm32l4xx_hal_gpio.o
 .ARM.attributes
                0x000001e5       0x39 Drivers/STM32L4xx_HAL_Driver/Src/stm32l4xx_hal_pwr_ex.o
 .ARM.attributes
                0x0000021e       0x39 Drivers/STM32L4xx_HAL_Driver/Src/stm32l4xx_hal_rcc.o
 .ARM.attributes
                0x00000257       0x39 Drivers/STM32L4xx_HAL_Driver/Src/stm32l4xx_hal_rcc_ex.o
 .ARM.attributes
                0x00000290       0x39 Drivers/STM32L4xx_HAL_Driver/Src/stm32l4xx_hal_uart.o
 .ARM.attributes
                0x000002c9       0x39 Src/common.o
 .ARM.attributes
                0x00000302       0x39 Src/flash_if.o
 .ARM.attributes
                0x0000033b       0x39 Src/main.o
 .ARM.attributes
                0x00000374       0x39 Src/menu.o
 .ARM.attributes
                0x000003ad       0x39 Src/stm32l4xx_hal_msp.o
 .ARM.attributes
                0x000003e6       0x39 Src/stm32l4xx_it.o
 .ARM.attributes
                0x0000041f       0x39 Src/system_stm32l4xx.o
 .ARM.attributes
                0x00000458       0x39 Src/ymodem.o
 .ARM.attributes
                0x00000491       0x21 startup/startup_stm32l476xx.o
 .ARM.attributes
                0x000004b2       0x22 c:/ac6/systemworkbench/plugins/fr.ac6.mcu.externaltools.arm-none.win32_1.17.0.201812190825/tools/compiler/bin/../lib/gcc/arm-none-eabi/7.3.1/thumb/v7e-m/fpv4-sp/hard\libgcc.a(_aeabi_uldivmod.o)
 .ARM.attributes
                0x000004d4       0x34 c:/ac6/systemworkbench/plugins/fr.ac6.mcu.externaltools.arm-none.win32_1.17.0.201812190825/tools/compiler/bin/../lib/gcc/arm-none-eabi/7.3.1/thumb/v7e-m/fpv4-sp/hard\libgcc.a(_udivmoddi4.o)
 .ARM.attributes
                0x00000508       0x22 c:/ac6/systemworkbench/plugins/fr.ac6.mcu.externaltools.arm-none.win32_1.17.0.201812190825/tools/compiler/bin/../lib/gcc/arm-none-eabi/7.3.1/thumb/v7e-m/fpv4-sp/hard\libgcc.a(_dvmd_tls.o)
 .ARM.attributes
                0x0000052a       0x34 c:/ac6/systemworkbench/plugins/fr.ac6.mcu.externaltools.arm-none.win32_1.17.0.201812190825/tools/compiler/bin/../lib/gcc/arm-none-eabi/7.3.1/../../../../arm-none-eabi/lib/thumb/v7e-m/fpv4-sp/hard\libc_nano.a(lib_a-init.o)
 .ARM.attributes
                0x0000055e       0x34 c:/ac6/systemworkbench/plugins/fr.ac6.mcu.externaltools.arm-none.win32_1.17.0.201812190825/tools/compiler/bin/../lib/gcc/arm-none-eabi/7.3.1/../../../../arm-none-eabi/lib/thumb/v7e-m/fpv4-sp/hard\libc_nano.a(lib_a-memset.o)
 .ARM.attributes
                0x00000592       0x22 c:/ac6/systemworkbench/plugins/fr.ac6.mcu.externaltools.arm-none.win32_1.17.0.201812190825/tools/compiler/bin/../lib/gcc/arm-none-eabi/7.3.1/thumb/v7e-m/fpv4-sp/hard/crtn.o
OUTPUT(DEMO1.elf elf32-littlearm)

.debug_info     0x00000000    0x10119
 .debug_info    0x00000000      0xca2 Drivers/STM32L4xx_HAL_Driver/Src/stm32l4xx_hal.o
 .debug_info    0x00000ca2     0x10a0 Drivers/STM32L4xx_HAL_Driver/Src/stm32l4xx_hal_cortex.o
 .debug_info    0x00001d42      0x752 Drivers/STM32L4xx_HAL_Driver/Src/stm32l4xx_hal_crc.o
 .debug_info    0x00002494      0x515 Drivers/STM32L4xx_HAL_Driver/Src/stm32l4xx_hal_crc_ex.o
 .debug_info    0x000029a9      0x8a3 Drivers/STM32L4xx_HAL_Driver/Src/stm32l4xx_hal_flash.o
 .debug_info    0x0000324c      0xab5 Drivers/STM32L4xx_HAL_Driver/Src/stm32l4xx_hal_flash_ex.o
 .debug_info    0x00003d01      0x989 Drivers/STM32L4xx_HAL_Driver/Src/stm32l4xx_hal_gpio.o
 .debug_info    0x0000468a      0xb27 Drivers/STM32L4xx_HAL_Driver/Src/stm32l4xx_hal_pwr_ex.o
 .debug_info    0x000051b1      0xf2a Drivers/STM32L4xx_HAL_Driver/Src/stm32l4xx_hal_rcc.o
 .debug_info    0x000060db     0x12a3 Drivers/STM32L4xx_HAL_Driver/Src/stm32l4xx_hal_rcc_ex.o
 .debug_info    0x0000737e     0x1d7a Drivers/STM32L4xx_HAL_Driver/Src/stm32l4xx_hal_uart.o
 .debug_info    0x000090f8      0xb1f Src/common.o
 .debug_info    0x00009c17      0x836 Src/flash_if.o
 .debug_info    0x0000a44d     0x128d Src/main.o
 .debug_info    0x0000b6da      0xe1f Src/menu.o
 .debug_info    0x0000c4f9      0xe09 Src/stm32l4xx_hal_msp.o
 .debug_info    0x0000d302      0xa21 Src/stm32l4xx_it.o
 .debug_info    0x0000dd23      0x6fc Src/system_stm32l4xx.o
 .debug_info    0x0000e41f     0x1cd8 Src/ymodem.o
 .debug_info    0x000100f7       0x22 startup/startup_stm32l476xx.o

.debug_abbrev   0x00000000     0x2815
 .debug_abbrev  0x00000000      0x209 Drivers/STM32L4xx_HAL_Driver/Src/stm32l4xx_hal.o
 .debug_abbrev  0x00000209      0x328 Drivers/STM32L4xx_HAL_Driver/Src/stm32l4xx_hal_cortex.o
 .debug_abbrev  0x00000531      0x1f9 Drivers/STM32L4xx_HAL_Driver/Src/stm32l4xx_hal_crc.o
 .debug_abbrev  0x0000072a      0x165 Drivers/STM32L4xx_HAL_Driver/Src/stm32l4xx_hal_crc_ex.o
 .debug_abbrev  0x0000088f      0x2e2 Drivers/STM32L4xx_HAL_Driver/Src/stm32l4xx_hal_flash.o
 .debug_abbrev  0x00000b71      0x211 Drivers/STM32L4xx_HAL_Driver/Src/stm32l4xx_hal_flash_ex.o
 .debug_abbrev  0x00000d82      0x1de Drivers/STM32L4xx_HAL_Driver/Src/stm32l4xx_hal_gpio.o
 .debug_abbrev  0x00000f60      0x1de Drivers/STM32L4xx_HAL_Driver/Src/stm32l4xx_hal_pwr_ex.o
 .debug_abbrev  0x0000113e      0x21f Drivers/STM32L4xx_HAL_Driver/Src/stm32l4xx_hal_rcc.o
 .debug_abbrev  0x0000135d      0x24c Drivers/STM32L4xx_HAL_Driver/Src/stm32l4xx_hal_rcc_ex.o
 .debug_abbrev  0x000015a9      0x24d Drivers/STM32L4xx_HAL_Driver/Src/stm32l4xx_hal_uart.o
 .debug_abbrev  0x000017f6      0x1cb Src/common.o
 .debug_abbrev  0x000019c1      0x1ff Src/flash_if.o
 .debug_abbrev  0x00001bc0      0x24b Src/main.o
 .debug_abbrev  0x00001e0b      0x22a Src/menu.o
 .debug_abbrev  0x00002035      0x1c3 Src/stm32l4xx_hal_msp.o
 .debug_abbrev  0x000021f8      0x17f Src/stm32l4xx_it.o
 .debug_abbrev  0x00002377      0x150 Src/system_stm32l4xx.o
 .debug_abbrev  0x000024c7      0x33c Src/ymodem.o
 .debug_abbrev  0x00002803       0x12 startup/startup_stm32l476xx.o

.debug_loc      0x00000000     0x745d
 .debug_loc     0x00000000      0x1f1 Drivers/STM32L4xx_HAL_Driver/Src/stm32l4xx_hal.o
 .debug_loc     0x000001f1      0x5ce Drivers/STM32L4xx_HAL_Driver/Src/stm32l4xx_hal_cortex.o
 .debug_loc     0x000007bf      0x4f0 Drivers/STM32L4xx_HAL_Driver/Src/stm32l4xx_hal_crc.o
 .debug_loc     0x00000caf      0x1a2 Drivers/STM32L4xx_HAL_Driver/Src/stm32l4xx_hal_crc_ex.o
 .debug_loc     0x00000e51      0x4ca Drivers/STM32L4xx_HAL_Driver/Src/stm32l4xx_hal_flash.o
 .debug_loc     0x0000131b      0x802 Drivers/STM32L4xx_HAL_Driver/Src/stm32l4xx_hal_flash_ex.o
 .debug_loc     0x00001b1d      0x2d3 Drivers/STM32L4xx_HAL_Driver/Src/stm32l4xx_hal_gpio.o
 .debug_loc     0x00001df0      0x960 Drivers/STM32L4xx_HAL_Driver/Src/stm32l4xx_hal_pwr_ex.o
 .debug_loc     0x00002750      0x63a Drivers/STM32L4xx_HAL_Driver/Src/stm32l4xx_hal_rcc.o
 .debug_loc     0x00002d8a     0x1c00 Drivers/STM32L4xx_HAL_Driver/Src/stm32l4xx_hal_rcc_ex.o
 .debug_loc     0x0000498a     0x1840 Drivers/STM32L4xx_HAL_Driver/Src/stm32l4xx_hal_uart.o
 .debug_loc     0x000061ca      0x2a1 Src/common.o
 .debug_loc     0x0000646b      0x25e Src/flash_if.o
 .debug_loc     0x000066c9       0x52 Src/menu.o
 .debug_loc     0x0000671b       0x74 Src/stm32l4xx_hal_msp.o
 .debug_loc     0x0000678f      0x1b8 Src/system_stm32l4xx.o
 .debug_loc     0x00006947      0xb16 Src/ymodem.o

.debug_aranges  0x00000000      0xa98
 .debug_aranges
                0x00000000      0x130 Drivers/STM32L4xx_HAL_Driver/Src/stm32l4xx_hal.o
 .debug_aranges
                0x00000130       0xa8 Drivers/STM32L4xx_HAL_Driver/Src/stm32l4xx_hal_cortex.o
 .debug_aranges
                0x000001d8       0x60 Drivers/STM32L4xx_HAL_Driver/Src/stm32l4xx_hal_crc.o
 .debug_aranges
                0x00000238       0x30 Drivers/STM32L4xx_HAL_Driver/Src/stm32l4xx_hal_crc_ex.o
 .debug_aranges
                0x00000268       0x88 Drivers/STM32L4xx_HAL_Driver/Src/stm32l4xx_hal_flash.o
 .debug_aranges
                0x000002f0       0x90 Drivers/STM32L4xx_HAL_Driver/Src/stm32l4xx_hal_flash_ex.o
 .debug_aranges
                0x00000380       0x58 Drivers/STM32L4xx_HAL_Driver/Src/stm32l4xx_hal_gpio.o
 .debug_aranges
                0x000003d8      0x148 Drivers/STM32L4xx_HAL_Driver/Src/stm32l4xx_hal_pwr_ex.o
 .debug_aranges
                0x00000520       0x88 Drivers/STM32L4xx_HAL_Driver/Src/stm32l4xx_hal_rcc.o
 .debug_aranges
                0x000005a8       0xc0 Drivers/STM32L4xx_HAL_Driver/Src/stm32l4xx_hal_rcc_ex.o
 .debug_aranges
                0x00000668      0x1f8 Drivers/STM32L4xx_HAL_Driver/Src/stm32l4xx_hal_uart.o
 .debug_aranges
                0x00000860       0x38 Src/common.o
 .debug_aranges
                0x00000898       0x40 Src/flash_if.o
 .debug_aranges
                0x000008d8       0x48 Src/main.o
 .debug_aranges
                0x00000920       0x30 Src/menu.o
 .debug_aranges
                0x00000950       0x40 Src/stm32l4xx_hal_msp.o
 .debug_aranges
                0x00000990       0x60 Src/stm32l4xx_it.o
 .debug_aranges
                0x000009f0       0x28 Src/system_stm32l4xx.o
 .debug_aranges
                0x00000a18       0x58 Src/ymodem.o
 .debug_aranges
                0x00000a70       0x28 startup/startup_stm32l476xx.o

.debug_ranges   0x00000000      0x9f8
 .debug_ranges  0x00000000      0x120 Drivers/STM32L4xx_HAL_Driver/Src/stm32l4xx_hal.o
 .debug_ranges  0x00000120       0xf8 Drivers/STM32L4xx_HAL_Driver/Src/stm32l4xx_hal_cortex.o
 .debug_ranges  0x00000218       0x50 Drivers/STM32L4xx_HAL_Driver/Src/stm32l4xx_hal_crc.o
 .debug_ranges  0x00000268       0x20 Drivers/STM32L4xx_HAL_Driver/Src/stm32l4xx_hal_crc_ex.o
 .debug_ranges  0x00000288       0x78 Drivers/STM32L4xx_HAL_Driver/Src/stm32l4xx_hal_flash.o
 .debug_ranges  0x00000300       0x80 Drivers/STM32L4xx_HAL_Driver/Src/stm32l4xx_hal_flash_ex.o
 .debug_ranges  0x00000380       0x48 Drivers/STM32L4xx_HAL_Driver/Src/stm32l4xx_hal_gpio.o
 .debug_ranges  0x000003c8      0x138 Drivers/STM32L4xx_HAL_Driver/Src/stm32l4xx_hal_pwr_ex.o
 .debug_ranges  0x00000500       0x90 Drivers/STM32L4xx_HAL_Driver/Src/stm32l4xx_hal_rcc.o
 .debug_ranges  0x00000590       0xd0 Drivers/STM32L4xx_HAL_Driver/Src/stm32l4xx_hal_rcc_ex.o
 .debug_ranges  0x00000660      0x1e8 Drivers/STM32L4xx_HAL_Driver/Src/stm32l4xx_hal_uart.o
 .debug_ranges  0x00000848       0x28 Src/common.o
 .debug_ranges  0x00000870       0x30 Src/flash_if.o
 .debug_ranges  0x000008a0       0x38 Src/main.o
 .debug_ranges  0x000008d8       0x20 Src/menu.o
 .debug_ranges  0x000008f8       0x30 Src/stm32l4xx_hal_msp.o
 .debug_ranges  0x00000928       0x50 Src/stm32l4xx_it.o
 .debug_ranges  0x00000978       0x18 Src/system_stm32l4xx.o
 .debug_ranges  0x00000990       0x48 Src/ymodem.o
 .debug_ranges  0x000009d8       0x20 startup/startup_stm32l476xx.o

.debug_macro    0x00000000    0x2657c
 .debug_macro   0x00000000      0x237 Drivers/STM32L4xx_HAL_Driver/Src/stm32l4xx_hal.o
 .debug_macro   0x00000237      0xa60 Drivers/STM32L4xx_HAL_Driver/Src/stm32l4xx_hal.o
 .debug_macro   0x00000c97       0xc0 Drivers/STM32L4xx_HAL_Driver/Src/stm32l4xx_hal.o
 .debug_macro   0x00000d57       0x2e Drivers/STM32L4xx_HAL_Driver/Src/stm32l4xx_hal.o
 .debug_macro   0x00000d85       0x28 Drivers/STM32L4xx_HAL_Driver/Src/stm32l4xx_hal.o
 .debug_macro   0x00000dad       0x22 Drivers/STM32L4xx_HAL_Driver/Src/stm32l4xx_hal.o
 .debug_macro   0x00000dcf       0x8e Drivers/STM32L4xx_HAL_Driver/Src/stm32l4xx_hal.o
 .debug_macro   0x00000e5d       0x51 Drivers/STM32L4xx_HAL_Driver/Src/stm32l4xx_hal.o
 .debug_macro   0x00000eae       0xef Drivers/STM32L4xx_HAL_Driver/Src/stm32l4xx_hal.o
 .debug_macro   0x00000f9d       0x6a Drivers/STM32L4xx_HAL_Driver/Src/stm32l4xx_hal.o
 .debug_macro   0x00001007      0x1df Drivers/STM32L4xx_HAL_Driver/Src/stm32l4xx_hal.o
 .debug_macro   0x000011e6       0x1c Drivers/STM32L4xx_HAL_Driver/Src/stm32l4xx_hal.o
 .debug_macro   0x00001202       0x22 Drivers/STM32L4xx_HAL_Driver/Src/stm32l4xx_hal.o
 .debug_macro   0x00001224       0xdf Drivers/STM32L4xx_HAL_Driver/Src/stm32l4xx_hal.o
 .debug_macro   0x00001303     0x102d Drivers/STM32L4xx_HAL_Driver/Src/stm32l4xx_hal.o
 .debug_macro   0x00002330      0x11f Drivers/STM32L4xx_HAL_Driver/Src/stm32l4xx_hal.o
 .debug_macro   0x0000244f    0x1a11f Drivers/STM32L4xx_HAL_Driver/Src/stm32l4xx_hal.o
 .debug_macro   0x0001c56e       0x43 Drivers/STM32L4xx_HAL_Driver/Src/stm32l4xx_hal.o
 .debug_macro   0x0001c5b1     0x3820 Drivers/STM32L4xx_HAL_Driver/Src/stm32l4xx_hal.o
 .debug_macro   0x0001fdd1      0x174 Drivers/STM32L4xx_HAL_Driver/Src/stm32l4xx_hal.o
 .debug_macro   0x0001ff45       0x4e Drivers/STM32L4xx_HAL_Driver/Src/stm32l4xx_hal.o
 .debug_macro   0x0001ff93     0x155f Drivers/STM32L4xx_HAL_Driver/Src/stm32l4xx_hal.o
 .debug_macro   0x000214f2      0x59e Drivers/STM32L4xx_HAL_Driver/Src/stm32l4xx_hal.o
 .debug_macro   0x00021a90      0x241 Drivers/STM32L4xx_HAL_Driver/Src/stm32l4xx_hal.o
 .debug_macro   0x00021cd1      0x13d Drivers/STM32L4xx_HAL_Driver/Src/stm32l4xx_hal.o
 .debug_macro   0x00021e0e      0x18b Drivers/STM32L4xx_HAL_Driver/Src/stm32l4xx_hal.o
 .debug_macro   0x00021f99      0x26b Drivers/STM32L4xx_HAL_Driver/Src/stm32l4xx_hal.o
 .debug_macro   0x00022204      0x236 Drivers/STM32L4xx_HAL_Driver/Src/stm32l4xx_hal.o
 .debug_macro   0x0002243a       0xd5 Drivers/STM32L4xx_HAL_Driver/Src/stm32l4xx_hal.o
 .debug_macro   0x0002250f       0x4c Drivers/STM32L4xx_HAL_Driver/Src/stm32l4xx_hal.o
 .debug_macro   0x0002255b      0x36e Drivers/STM32L4xx_HAL_Driver/Src/stm32l4xx_hal.o
 .debug_macro   0x000228c9       0xe4 Drivers/STM32L4xx_HAL_Driver/Src/stm32l4xx_hal.o
 .debug_macro   0x000229ad      0x22c Drivers/STM32L4xx_HAL_Driver/Src/stm32l4xx_hal.o
 .debug_macro   0x00022bd9       0x5e Drivers/STM32L4xx_HAL_Driver/Src/stm32l4xx_hal.o
 .debug_macro   0x00022c37       0xa5 Drivers/STM32L4xx_HAL_Driver/Src/stm32l4xx_hal.o
 .debug_macro   0x00022cdc      0x122 Drivers/STM32L4xx_HAL_Driver/Src/stm32l4xx_hal.o
 .debug_macro   0x00022dfe      0x3d4 Drivers/STM32L4xx_HAL_Driver/Src/stm32l4xx_hal.o
 .debug_macro   0x000231d2      0x57b Drivers/STM32L4xx_HAL_Driver/Src/stm32l4xx_hal.o
 .debug_macro   0x0002374d       0x44 Drivers/STM32L4xx_HAL_Driver/Src/stm32l4xx_hal.o
 .debug_macro   0x00023791      0x349 Drivers/STM32L4xx_HAL_Driver/Src/stm32l4xx_hal.o
 .debug_macro   0x00023ada      0x1e9 Drivers/STM32L4xx_HAL_Driver/Src/stm32l4xx_hal_cortex.o
 .debug_macro   0x00023cc3      0x1e9 Drivers/STM32L4xx_HAL_Driver/Src/stm32l4xx_hal_crc.o
 .debug_macro   0x00023eac      0x1e9 Drivers/STM32L4xx_HAL_Driver/Src/stm32l4xx_hal_crc_ex.o
 .debug_macro   0x00024095      0x1ef Drivers/STM32L4xx_HAL_Driver/Src/stm32l4xx_hal_flash.o
 .debug_macro   0x00024284      0x1e9 Drivers/STM32L4xx_HAL_Driver/Src/stm32l4xx_hal_flash_ex.o
 .debug_macro   0x0002446d      0x228 Drivers/STM32L4xx_HAL_Driver/Src/stm32l4xx_hal_gpio.o
 .debug_macro   0x00024695      0x20d Drivers/STM32L4xx_HAL_Driver/Src/stm32l4xx_hal_pwr_ex.o
 .debug_macro   0x000248a2      0x22b Drivers/STM32L4xx_HAL_Driver/Src/stm32l4xx_hal_rcc.o
 .debug_macro   0x00024acd      0x21f Drivers/STM32L4xx_HAL_Driver/Src/stm32l4xx_hal_rcc_ex.o
 .debug_macro   0x00024cec      0x214 Drivers/STM32L4xx_HAL_Driver/Src/stm32l4xx_hal_uart.o
 .debug_macro   0x00024f00      0x21e Src/common.o
 .debug_macro   0x0002511e       0x40 Src/common.o
 .debug_macro   0x0002515e       0x34 Src/common.o
 .debug_macro   0x00025192       0x9a Src/common.o
 .debug_macro   0x0002522c      0x20a Src/flash_if.o
 .debug_macro   0x00025436       0x2e Src/flash_if.o
 .debug_macro   0x00025464      0x213 Src/main.o
 .debug_macro   0x00025677      0x224 Src/menu.o
 .debug_macro   0x0002589b       0x46 Src/menu.o
 .debug_macro   0x000258e1      0x20f Src/stm32l4xx_hal_msp.o
 .debug_macro   0x00025af0      0x219 Src/stm32l4xx_it.o
 .debug_macro   0x00025d09      0x1ef Src/system_stm32l4xx.o
 .debug_macro   0x00025ef8      0x2ec Src/ymodem.o
 .debug_macro   0x000261e4       0x5e Src/ymodem.o
 .debug_macro   0x00026242      0x32a Src/ymodem.o
 .debug_macro   0x0002656c       0x10 Src/ymodem.o

.debug_line     0x00000000     0xae00
 .debug_line    0x00000000      0x952 Drivers/STM32L4xx_HAL_Driver/Src/stm32l4xx_hal.o
 .debug_line    0x00000952      0x900 Drivers/STM32L4xx_HAL_Driver/Src/stm32l4xx_hal_cortex.o
 .debug_line    0x00001252      0x82c Drivers/STM32L4xx_HAL_Driver/Src/stm32l4xx_hal_crc.o
 .debug_line    0x00001a7e      0x707 Drivers/STM32L4xx_HAL_Driver/Src/stm32l4xx_hal_crc_ex.o
 .debug_line    0x00002185      0x8d3 Drivers/STM32L4xx_HAL_Driver/Src/stm32l4xx_hal_flash.o
 .debug_line    0x00002a58      0x980 Drivers/STM32L4xx_HAL_Driver/Src/stm32l4xx_hal_flash_ex.o
 .debug_line    0x000033d8      0x82c Drivers/STM32L4xx_HAL_Driver/Src/stm32l4xx_hal_gpio.o
 .debug_line    0x00003c04      0xb07 Drivers/STM32L4xx_HAL_Driver/Src/stm32l4xx_hal_pwr_ex.o
 .debug_line    0x0000470b      0xa44 Drivers/STM32L4xx_HAL_Driver/Src/stm32l4xx_hal_rcc.o
 .debug_line    0x0000514f      0xca8 Drivers/STM32L4xx_HAL_Driver/Src/stm32l4xx_hal_rcc_ex.o
 .debug_line    0x00005df7     0x124f Drivers/STM32L4xx_HAL_Driver/Src/stm32l4xx_hal_uart.o
 .debug_line    0x00007046      0x7a7 Src/common.o
 .debug_line    0x000077ed      0x787 Src/flash_if.o
 .debug_line    0x00007f74      0x762 Src/main.o
 .debug_line    0x000086d6      0x747 Src/menu.o
 .debug_line    0x00008e1d      0x733 Src/stm32l4xx_hal_msp.o
 .debug_line    0x00009550      0x75f Src/stm32l4xx_it.o
 .debug_line    0x00009caf      0x6e3 Src/system_stm32l4xx.o
 .debug_line    0x0000a392      0x9f0 Src/ymodem.o
 .debug_line    0x0000ad82       0x7e startup/startup_stm32l476xx.o

.debug_str      0x00000000    0xe8b6b
 .debug_str     0x00000000    0xe29a9 Drivers/STM32L4xx_HAL_Driver/Src/stm32l4xx_hal.o
                              0xe2df1 (size before relaxing)
 .debug_str     0x000e29a9      0x3a1 Drivers/STM32L4xx_HAL_Driver/Src/stm32l4xx_hal_cortex.o
                              0xe2b28 (size before relaxing)
 .debug_str     0x000e2d4a      0x24c Drivers/STM32L4xx_HAL_Driver/Src/stm32l4xx_hal_crc.o
                              0xe2384 (size before relaxing)
 .debug_str     0x000e2f96       0x69 Drivers/STM32L4xx_HAL_Driver/Src/stm32l4xx_hal_crc_ex.o
                              0xe233e (size before relaxing)
 .debug_str     0x000e2fff      0x2c1 Drivers/STM32L4xx_HAL_Driver/Src/stm32l4xx_hal_flash.o
                              0xe240b (size before relaxing)
 .debug_str     0x000e32c0      0x272 Drivers/STM32L4xx_HAL_Driver/Src/stm32l4xx_hal_flash_ex.o
                              0xe247b (size before relaxing)
 .debug_str     0x000e3532      0x2b6 Drivers/STM32L4xx_HAL_Driver/Src/stm32l4xx_hal_gpio.o
                              0xe2554 (size before relaxing)
 .debug_str     0x000e37e8      0x49b Drivers/STM32L4xx_HAL_Driver/Src/stm32l4xx_hal_pwr_ex.o
                              0xe27d7 (size before relaxing)
 .debug_str     0x000e3c83      0x4c6 Drivers/STM32L4xx_HAL_Driver/Src/stm32l4xx_hal_rcc.o
                              0xe28d8 (size before relaxing)
 .debug_str     0x000e4149      0x633 Drivers/STM32L4xx_HAL_Driver/Src/stm32l4xx_hal_rcc_ex.o
                              0xe2ab7 (size before relaxing)
 .debug_str     0x000e477c      0xb8b Drivers/STM32L4xx_HAL_Driver/Src/stm32l4xx_hal_uart.o
                              0xe2ed7 (size before relaxing)
 .debug_str     0x000e5307      0x6b9 Src/common.o
                              0xe2ce8 (size before relaxing)
 .debug_str     0x000e59c0      0x251 Src/flash_if.o
                              0xe26c1 (size before relaxing)
 .debug_str     0x000e5c11       0x7c Src/main.o
                              0xe3103 (size before relaxing)
 .debug_str     0x000e5c8d       0xbe Src/menu.o
                              0xe2d24 (size before relaxing)
 .debug_str     0x000e5d4b       0x1b Src/stm32l4xx_hal_msp.o
                              0xe2c6e (size before relaxing)
 .debug_str     0x000e5d66       0xb8 Src/stm32l4xx_it.o
                              0xe2b20 (size before relaxing)
 .debug_str     0x000e5e1e       0x50 Src/system_stm32l4xx.o
                              0xe22d0 (size before relaxing)
 .debug_str     0x000e5e6e     0x2cce Src/ymodem.o
                              0xe5ada (size before relaxing)
 .debug_str     0x000e8b3c       0x2f startup/startup_stm32l476xx.o
                                 0x4c (size before relaxing)

.comment        0x00000000       0x7f
 .comment       0x00000000       0x7f Drivers/STM32L4xx_HAL_Driver/Src/stm32l4xx_hal.o
                                 0x80 (size before relaxing)
 .comment       0x0000007f       0x80 Drivers/STM32L4xx_HAL_Driver/Src/stm32l4xx_hal_cortex.o
 .comment       0x0000007f       0x80 Drivers/STM32L4xx_HAL_Driver/Src/stm32l4xx_hal_crc.o
 .comment       0x0000007f       0x80 Drivers/STM32L4xx_HAL_Driver/Src/stm32l4xx_hal_crc_ex.o
 .comment       0x0000007f       0x80 Drivers/STM32L4xx_HAL_Driver/Src/stm32l4xx_hal_flash.o
 .comment       0x0000007f       0x80 Drivers/STM32L4xx_HAL_Driver/Src/stm32l4xx_hal_flash_ex.o
 .comment       0x0000007f       0x80 Drivers/STM32L4xx_HAL_Driver/Src/stm32l4xx_hal_gpio.o
 .comment       0x0000007f       0x80 Drivers/STM32L4xx_HAL_Driver/Src/stm32l4xx_hal_pwr_ex.o
 .comment       0x0000007f       0x80 Drivers/STM32L4xx_HAL_Driver/Src/stm32l4xx_hal_rcc.o
 .comment       0x0000007f       0x80 Drivers/STM32L4xx_HAL_Driver/Src/stm32l4xx_hal_rcc_ex.o
 .comment       0x0000007f       0x80 Drivers/STM32L4xx_HAL_Driver/Src/stm32l4xx_hal_uart.o
 .comment       0x0000007f       0x80 Src/common.o
 .comment       0x0000007f       0x80 Src/flash_if.o
 .comment       0x0000007f       0x80 Src/main.o
 .comment       0x0000007f       0x80 Src/menu.o
 .comment       0x0000007f       0x80 Src/stm32l4xx_hal_msp.o
 .comment       0x0000007f       0x80 Src/stm32l4xx_it.o
 .comment       0x0000007f       0x80 Src/system_stm32l4xx.o
 .comment       0x0000007f       0x80 Src/ymodem.o

.debug_frame    0x00000000     0x19a0
 .debug_frame   0x00000000      0x278 Drivers/STM32L4xx_HAL_Driver/Src/stm32l4xx_hal.o
 .debug_frame   0x00000278      0x15c Drivers/STM32L4xx_HAL_Driver/Src/stm32l4xx_hal_cortex.o
 .debug_frame   0x000003d4      0x108 Drivers/STM32L4xx_HAL_Driver/Src/stm32l4xx_hal_crc.o
 .debug_frame   0x000004dc       0x50 Drivers/STM32L4xx_HAL_Driver/Src/stm32l4xx_hal_crc_ex.o
 .debug_frame   0x0000052c      0x140 Drivers/STM32L4xx_HAL_Driver/Src/stm32l4xx_hal_flash.o
 .debug_frame   0x0000066c      0x170 Drivers/STM32L4xx_HAL_Driver/Src/stm32l4xx_hal_flash_ex.o
 .debug_frame   0x000007dc       0xd8 Drivers/STM32L4xx_HAL_Driver/Src/stm32l4xx_hal_gpio.o
 .debug_frame   0x000008b4      0x278 Drivers/STM32L4xx_HAL_Driver/Src/stm32l4xx_hal_pwr_ex.o
 .debug_frame   0x00000b2c      0x18c Drivers/STM32L4xx_HAL_Driver/Src/stm32l4xx_hal_rcc.o
 .debug_frame   0x00000cb8      0x204 Drivers/STM32L4xx_HAL_Driver/Src/stm32l4xx_hal_rcc_ex.o
 .debug_frame   0x00000ebc      0x57c Drivers/STM32L4xx_HAL_Driver/Src/stm32l4xx_hal_uart.o
 .debug_frame   0x00001438       0x88 Src/common.o
 .debug_frame   0x000014c0       0xb0 Src/flash_if.o
 .debug_frame   0x00001570       0xa8 Src/main.o
 .debug_frame   0x00001618       0x68 Src/menu.o
 .debug_frame   0x00001680       0x88 Src/stm32l4xx_hal_msp.o
 .debug_frame   0x00001708       0xa8 Src/stm32l4xx_it.o
 .debug_frame   0x000017b0       0x30 Src/system_stm32l4xx.o
 .debug_frame   0x000017e0      0x114 Src/ymodem.o
 .debug_frame   0x000018f4       0x2c c:/ac6/systemworkbench/plugins/fr.ac6.mcu.externaltools.arm-none.win32_1.17.0.201812190825/tools/compiler/bin/../lib/gcc/arm-none-eabi/7.3.1/thumb/v7e-m/fpv4-sp/hard\libgcc.a(_aeabi_uldivmod.o)
 .debug_frame   0x00001920       0x34 c:/ac6/systemworkbench/plugins/fr.ac6.mcu.externaltools.arm-none.win32_1.17.0.201812190825/tools/compiler/bin/../lib/gcc/arm-none-eabi/7.3.1/thumb/v7e-m/fpv4-sp/hard\libgcc.a(_udivmoddi4.o)
 .debug_frame   0x00001954       0x2c c:/ac6/systemworkbench/plugins/fr.ac6.mcu.externaltools.arm-none.win32_1.17.0.201812190825/tools/compiler/bin/../lib/gcc/arm-none-eabi/7.3.1/../../../../arm-none-eabi/lib/thumb/v7e-m/fpv4-sp/hard\libc_nano.a(lib_a-init.o)
 .debug_frame   0x00001980       0x20 c:/ac6/systemworkbench/plugins/fr.ac6.mcu.externaltools.arm-none.win32_1.17.0.201812190825/tools/compiler/bin/../lib/gcc/arm-none-eabi/7.3.1/../../../../arm-none-eabi/lib/thumb/v7e-m/fpv4-sp/hard\libc_nano.a(lib_a-memset.o)
