Archive member included to satisfy reference by file (symbol)

c:/ac6/systemworkbench/plugins/fr.ac6.mcu.externaltools.arm-none.win32_1.17.0.201812190825/tools/compiler/bin/../lib/gcc/arm-none-eabi/7.3.1/../../../../arm-none-eabi/lib/thumb/v7e-m/fpv4-sp/hard\libm.a(lib_a-s_ceil.o)
                              Src/cmac.o (ceil)
c:/ac6/systemworkbench/plugins/fr.ac6.mcu.externaltools.arm-none.win32_1.17.0.201812190825/tools/compiler/bin/../lib/gcc/arm-none-eabi/7.3.1/thumb/v7e-m/fpv4-sp/hard\libgcc.a(_arm_addsubdf3.o)
                              c:/ac6/systemworkbench/plugins/fr.ac6.mcu.externaltools.arm-none.win32_1.17.0.201812190825/tools/compiler/bin/../lib/gcc/arm-none-eabi/7.3.1/../../../../arm-none-eabi/lib/thumb/v7e-m/fpv4-sp/hard\libm.a(lib_a-s_ceil.o) (__aeabi_dadd)
c:/ac6/systemworkbench/plugins/fr.ac6.mcu.externaltools.arm-none.win32_1.17.0.201812190825/tools/compiler/bin/../lib/gcc/arm-none-eabi/7.3.1/thumb/v7e-m/fpv4-sp/hard\libgcc.a(_arm_muldivdf3.o)
                              Src/cmac.o (__aeabi_dmul)
c:/ac6/systemworkbench/plugins/fr.ac6.mcu.externaltools.arm-none.win32_1.17.0.201812190825/tools/compiler/bin/../lib/gcc/arm-none-eabi/7.3.1/thumb/v7e-m/fpv4-sp/hard\libgcc.a(_arm_cmpdf2.o)
                              c:/ac6/systemworkbench/plugins/fr.ac6.mcu.externaltools.arm-none.win32_1.17.0.201812190825/tools/compiler/bin/../lib/gcc/arm-none-eabi/7.3.1/../../../../arm-none-eabi/lib/thumb/v7e-m/fpv4-sp/hard\libm.a(lib_a-s_ceil.o) (__aeabi_dcmpgt)
c:/ac6/systemworkbench/plugins/fr.ac6.mcu.externaltools.arm-none.win32_1.17.0.201812190825/tools/compiler/bin/../lib/gcc/arm-none-eabi/7.3.1/thumb/v7e-m/fpv4-sp/hard\libgcc.a(_arm_fixunsdfsi.o)
                              Src/cmac.o (__aeabi_d2uiz)
c:/ac6/systemworkbench/plugins/fr.ac6.mcu.externaltools.arm-none.win32_1.17.0.201812190825/tools/compiler/bin/../lib/gcc/arm-none-eabi/7.3.1/thumb/v7e-m/fpv4-sp/hard\libgcc.a(_aeabi_uldivmod.o)
                              Drivers/STM32L4xx_HAL_Driver/Src/stm32l4xx_hal_uart.o (__aeabi_uldivmod)
c:/ac6/systemworkbench/plugins/fr.ac6.mcu.externaltools.arm-none.win32_1.17.0.201812190825/tools/compiler/bin/../lib/gcc/arm-none-eabi/7.3.1/thumb/v7e-m/fpv4-sp/hard\libgcc.a(_udivmoddi4.o)
                              c:/ac6/systemworkbench/plugins/fr.ac6.mcu.externaltools.arm-none.win32_1.17.0.201812190825/tools/compiler/bin/../lib/gcc/arm-none-eabi/7.3.1/thumb/v7e-m/fpv4-sp/hard\libgcc.a(_aeabi_uldivmod.o) (__udivmoddi4)
c:/ac6/systemworkbench/plugins/fr.ac6.mcu.externaltools.arm-none.win32_1.17.0.201812190825/tools/compiler/bin/../lib/gcc/arm-none-eabi/7.3.1/thumb/v7e-m/fpv4-sp/hard\libgcc.a(_dvmd_tls.o)
                              c:/ac6/systemworkbench/plugins/fr.ac6.mcu.externaltools.arm-none.win32_1.17.0.201812190825/tools/compiler/bin/../lib/gcc/arm-none-eabi/7.3.1/thumb/v7e-m/fpv4-sp/hard\libgcc.a(_aeabi_uldivmod.o) (__aeabi_ldiv0)
c:/ac6/systemworkbench/plugins/fr.ac6.mcu.externaltools.arm-none.win32_1.17.0.201812190825/tools/compiler/bin/../lib/gcc/arm-none-eabi/7.3.1/../../../../arm-none-eabi/lib/thumb/v7e-m/fpv4-sp/hard\libc_nano.a(lib_a-errno.o)
                              Src/syscalls.o (__errno)
c:/ac6/systemworkbench/plugins/fr.ac6.mcu.externaltools.arm-none.win32_1.17.0.201812190825/tools/compiler/bin/../lib/gcc/arm-none-eabi/7.3.1/../../../../arm-none-eabi/lib/thumb/v7e-m/fpv4-sp/hard\libc_nano.a(lib_a-exit.o)
                              c:/ac6/systemworkbench/plugins/fr.ac6.mcu.externaltools.arm-none.win32_1.17.0.201812190825/tools/compiler/bin/../lib/gcc/arm-none-eabi/7.3.1/../../../../arm-none-eabi/lib/thumb/v7e-m/fpv4-sp/hard/crt0.o (exit)
c:/ac6/systemworkbench/plugins/fr.ac6.mcu.externaltools.arm-none.win32_1.17.0.201812190825/tools/compiler/bin/../lib/gcc/arm-none-eabi/7.3.1/../../../../arm-none-eabi/lib/thumb/v7e-m/fpv4-sp/hard\libc_nano.a(lib_a-impure.o)
                              c:/ac6/systemworkbench/plugins/fr.ac6.mcu.externaltools.arm-none.win32_1.17.0.201812190825/tools/compiler/bin/../lib/gcc/arm-none-eabi/7.3.1/../../../../arm-none-eabi/lib/thumb/v7e-m/fpv4-sp/hard\libc_nano.a(lib_a-exit.o) (_global_impure_ptr)
c:/ac6/systemworkbench/plugins/fr.ac6.mcu.externaltools.arm-none.win32_1.17.0.201812190825/tools/compiler/bin/../lib/gcc/arm-none-eabi/7.3.1/../../../../arm-none-eabi/lib/thumb/v7e-m/fpv4-sp/hard\libc_nano.a(lib_a-init.o)
                              c:/ac6/systemworkbench/plugins/fr.ac6.mcu.externaltools.arm-none.win32_1.17.0.201812190825/tools/compiler/bin/../lib/gcc/arm-none-eabi/7.3.1/../../../../arm-none-eabi/lib/thumb/v7e-m/fpv4-sp/hard/crt0.o (__libc_init_array)
c:/ac6/systemworkbench/plugins/fr.ac6.mcu.externaltools.arm-none.win32_1.17.0.201812190825/tools/compiler/bin/../lib/gcc/arm-none-eabi/7.3.1/../../../../arm-none-eabi/lib/thumb/v7e-m/fpv4-sp/hard\libc_nano.a(lib_a-memcmp.o)
                              Src/cmac.o (memcmp)
[...]
Memory Configuration

Name             Origin             Length             Attributes
RAM              0x20000000         0x00018000         xrw
RAM2             0x10000000         0x00008000         xrw
FLASH            0x08000000         0x00100000         xr
*default*        0x00000000         0xffffffff

Linker script and memory map

LOAD c:/ac6/systemworkbench/plugins/fr.ac6.mcu.externaltools.arm-none.win32_1.17.0.201812190825/tools/compiler/bin/../lib/gcc/arm-none-eabi/7.3.1/thumb/v7e-m/fpv4-sp/hard/crti.o
LOAD c:/ac6/systemworkbench/plugins/fr.ac6.mcu.externaltools.arm-none.win32_1.17.0.201812190825/tools/compiler/bin/../lib/gcc/arm-none-eabi/7.3.1/thumb/v7e-m/fpv4-sp/hard/crtbegin.o
LOAD c:/ac6/systemworkbench/plugins/fr.ac6.mcu.externaltools.arm-none.win32_1.17.0.201812190825/tools/compiler/bin/../lib/gcc/arm-none-eabi/7.3.1/../../../../arm-none-eabi/lib/thumb/v7e-m/fpv4-sp/hard/crt0.o
LOAD Drivers/STM32L4xx_HAL_Driver/Src/stm32l4xx_hal.o
LOAD Drivers/STM32L4xx_HAL_Driver/Src/stm32l4xx_hal_cortex.o
LOAD Drivers/STM32L4xx_HAL_Driver/Src/stm32l4xx_hal_crc.o
LOAD Drivers/STM32L4xx_HAL_Driver/Src/stm32l4xx_hal_crc_ex.o
LOAD Drivers/STM32L4xx_HAL_Driver/Src/stm32l4xx_hal_dma.o
LOAD Drivers/STM32L4xx_HAL_Driver/Src/stm32l4xx_hal_dma_ex.o
LOAD Drivers/STM32L4xx_HAL_Driver/Src/stm32l4xx_hal_exti.o
LOAD Drivers/STM32L4xx_HAL_Driver/Src/stm32l4xx_hal_flash.o
LOAD Drivers/STM32L4xx_HAL_Driver/Src/stm32l4xx_hal_flash_ex.o
LOAD Drivers/STM32L4xx_HAL_Driver/Src/stm32l4xx_hal_flash_ramfunc.o
LOAD Drivers/STM32L4xx_HAL_Driver/Src/stm32l4xx_hal_gpio.o
LOAD Drivers/STM32L4xx_HAL_Driver/Src/stm32l4xx_hal_i2c.o
LOAD Drivers/STM32L4xx_HAL_Driver/Src/stm32l4xx_hal_i2c_ex.o
LOAD Drivers/STM32L4xx_HAL_Driver/Src/stm32l4xx_hal_pwr.o
LOAD Drivers/STM32L4xx_HAL_Driver/Src/stm32l4xx_hal_pwr_ex.o
LOAD Drivers/STM32L4xx_HAL_Driver/Src/stm32l4xx_hal_rcc.o
LOAD Drivers/STM32L4xx_HAL_Driver/Src/stm32l4xx_hal_rcc_ex.o
LOAD Drivers/STM32L4xx_HAL_Driver/Src/stm32l4xx_hal_tim.o
LOAD Drivers/STM32L4xx_HAL_Driver/Src/stm32l4xx_hal_tim_ex.o
LOAD Drivers/STM32L4xx_HAL_Driver/Src/stm32l4xx_hal_uart.o
LOAD Drivers/STM32L4xx_HAL_Driver/Src/stm32l4xx_hal_uart_ex.o
LOAD Src/KeyMng.o
LOAD Src/SHE.o
LOAD Src/aes.o
LOAD Src/cmac.o
LOAD Src/common.o
LOAD Src/flash_if.o
LOAD Src/main.o
LOAD Src/menu.o
LOAD Src/stm32l4xx_hal_msp.o
LOAD Src/stm32l4xx_it.o
LOAD Src/syscalls.o
LOAD Src/system_stm32l4xx.o
LOAD Src/ymodem.o
LOAD startup/startup_stm32l476xx.o
LOAD c:/ac6/systemworkbench/plugins/fr.ac6.mcu.externaltools.arm-none.win32_1.17.0.201812190825/tools/compiler/bin/../lib/gcc/arm-none-eabi/7.3.1/../../../../arm-none-eabi/lib/thumb/v7e-m/fpv4-sp/hard\libm.a
START GROUP
LOAD c:/ac6/systemworkbench/plugins/fr.ac6.mcu.externaltools.arm-none.win32_1.17.0.201812190825/tools/compiler/bin/../lib/gcc/arm-none-eabi/7.3.1/thumb/v7e-m/fpv4-sp/hard\libgcc.a
LOAD c:/ac6/systemworkbench/plugins/fr.ac6.mcu.externaltools.arm-none.win32_1.17.0.201812190825/tools/compiler/bin/../lib/gcc/arm-none-eabi/7.3.1/../../../../arm-none-eabi/lib/thumb/v7e-m/fpv4-sp/hard\libc_nano.a
END GROUP
START GROUP
LOAD c:/ac6/systemworkbench/plugins/fr.ac6.mcu.externaltools.arm-none.win32_1.17.0.201812190825/tools/compiler/bin/../lib/gcc/arm-none-eabi/7.3.1/thumb/v7e-m/fpv4-sp/hard\libgcc.a
LOAD c:/ac6/systemworkbench/plugins/fr.ac6.mcu.externaltools.arm-none.win32_1.17.0.201812190825/tools/compiler/bin/../lib/gcc/arm-none-eabi/7.3.1/../../../../arm-none-eabi/lib/thumb/v7e-m/fpv4-sp/hard\libc_nano.a
LOAD c:/ac6/systemworkbench/plugins/fr.ac6.mcu.externaltools.arm-none.win32_1.17.0.201812190825/tools/compiler/bin/../lib/gcc/arm-none-eabi/7.3.1/../../../../arm-none-eabi/lib/thumb/v7e-m/fpv4-sp/hard\libnosys.a
END GROUP
START GROUP
LOAD c:/ac6/systemworkbench/plugins/fr.ac6.mcu.externaltools.arm-none.win32_1.17.0.201812190825/tools/compiler/bin/../lib/gcc/arm-none-eabi/7.3.1/thumb/v7e-m/fpv4-sp/hard\libgcc.a
LOAD c:/ac6/systemworkbench/plugins/fr.ac6.mcu.externaltools.arm-none.win32_1.17.0.201812190825/tools/compiler/bin/../lib/gcc/arm-none-eabi/7.3.1/../../../../arm-none-eabi/lib/thumb/v7e-m/fpv4-sp/hard\libc_nano.a
LOAD c:/ac6/systemworkbench/plugins/fr.ac6.mcu.externaltools.arm-none.win32_1.17.0.201812190825/tools/compiler/bin/../lib/gcc/arm-none-eabi/7.3.1/../../../../arm-none-eabi/lib/thumb/v7e-m/fpv4-sp/hard\libnosys.a
END GROUP
LOAD c:/ac6/systemworkbench/plugins/fr.ac6.mcu.externaltools.arm-none.win32_1.17.0.201812190825/tools/compiler/bin/../lib/gcc/arm-none-eabi/7.3.1/thumb/v7e-m/fpv4-sp/hard/crtend.o
LOAD c:/ac6/systemworkbench/plugins/fr.ac6.mcu.externaltools.arm-none.win32_1.17.0.201812190825/tools/compiler/bin/../lib/gcc/arm-none-eabi/7.3.1/thumb/v7e-m/fpv4-sp/hard/crtn.o
                0x20018000                _estack = 0x20018000
                0x00000200                _Min_Heap_Size = 0x200
                0x00000400                _Min_Stack_Size = 0x400

.isr_vector     0x08000000      0x188
                0x08000000                . = ALIGN (0x8)
 *(.isr_vector)
 .isr_vector    0x08000000      0x188 startup/startup_stm32l476xx.o
                0x08000000                g_pfnVectors
                0x08000188                . = ALIGN (0x8)

.text           0x08000188     0x4568
                0x08000188                . = ALIGN (0x8)
                0x08000188                _stext = .
 *(.text)
 .text          0x08000188       0x40 c:/ac6/systemworkbench/plugins/fr.ac6.mcu.externaltools.arm-none.win32_1.17.0.201812190825/tools/compiler/bin/../lib/gcc/arm-none-eabi/7.3.1/thumb/v7e-m/fpv4-sp/hard/crtbegin.o
 .text          0x080001c8      0x378 c:/ac6/systemworkbench/plugins/fr.ac6.mcu.externaltools.arm-none.win32_1.17.0.201812190825/tools/compiler/bin/../lib/gcc/arm-none-eabi/7.3.1/thumb/v7e-m/fpv4-sp/hard\libgcc.a(_arm_addsubdf3.o)
                0x080001c8                __aeabi_drsub
                0x080001d0                __aeabi_dsub
                0x080001d0                __subdf3
                0x080001d4                __aeabi_dadd
                0x080001d4                __adddf3
                0x0800044c                __floatunsidf
                0x0800044c                __aeabi_ui2d
                0x0800046c                __floatsidf
                0x0800046c                __aeabi_i2d
                0x08000490                __aeabi_f2d
                0x08000490                __extendsfdf2
                0x080004d4                __floatundidf
                0x080004d4                __aeabi_ul2d
                0x080004e4                __floatdidf
                0x080004e4                __aeabi_l2d
 .text          0x08000540      0x424 c:/ac6/systemworkbench/plugins/fr.ac6.mcu.externaltools.arm-none.win32_1.17.0.201812190825/tools/compiler/bin/../lib/gcc/arm-none-eabi/7.3.1/thumb/v7e-m/fpv4-sp/hard\libgcc.a(_arm_muldivdf3.o)
                0x08000540                __aeabi_dmul
                0x08000540                __muldf3
                0x08000794                __divdf3
                0x08000794                __aeabi_ddiv
 .text          0x08000964      0x110 c:/ac6/systemworkbench/plugins/fr.ac6.mcu.externaltools.arm-none.win32_1.17.0.201812190825/tools/compiler/bin/../lib/gcc/arm-none-eabi/7.3.1/thumb/v7e-m/fpv4-sp/hard\libgcc.a(_arm_cmpdf2.o)
                0x08000964                __gtdf2
                0x08000964                __gedf2
                0x0800096c                __ltdf2
                0x0800096c                __ledf2
                0x08000974                __nedf2
                0x08000974                __eqdf2
                0x08000974                __cmpdf2
                0x080009f0                __aeabi_cdrcmple
                0x08000a00                __aeabi_cdcmpeq
                0x08000a00                __aeabi_cdcmple
                0x08000a10                __aeabi_dcmpeq
                0x08000a24                __aeabi_dcmplt
                0x08000a38                __aeabi_dcmple
                0x08000a4c                __aeabi_dcmpge
                0x08000a60                __aeabi_dcmpgt
 .text          0x08000a74       0x40 c:/ac6/systemworkbench/plugins/fr.ac6.mcu.externaltools.arm-none.win32_1.17.0.201812190825/tools/compiler/bin/../lib/gcc/arm-none-eabi/7.3.1/thumb/v7e-m/fpv4-sp/hard\libgcc.a(_arm_fixunsdfsi.o)
                0x08000a74                __aeabi_d2uiz
                0x08000a74                __fixunsdfsi
 .text          0x08000ab4       0x30 c:/ac6/systemworkbench/plugins/fr.ac6.mcu.externaltools.arm-none.win32_1.17.0.201812190825/tools/compiler/bin/../lib/gcc/arm-none-eabi/7.3.1/thumb/v7e-m/fpv4-sp/hard\libgcc.a(_aeabi_uldivmod.o)
                0x08000ab4                __aeabi_uldivmod
 .text          0x08000ae4      0x2cc c:/ac6/systemworkbench/plugins/fr.ac6.mcu.externaltools.arm-none.win32_1.17.0.201812190825/tools/compiler/bin/../lib/gcc/arm-none-eabi/7.3.1/thumb/v7e-m/fpv4-sp/hard\libgcc.a(_udivmoddi4.o)
                0x08000ae4                __udivmoddi4
 .text          0x08000db0        0x4 c:/ac6/systemworkbench/plugins/fr.ac6.mcu.externaltools.arm-none.win32_1.17.0.201812190825/tools/compiler/bin/../lib/gcc/arm-none-eabi/7.3.1/thumb/v7e-m/fpv4-sp/hard\libgcc.a(_dvmd_tls.o)
                0x08000db0                __aeabi_idiv0
                0x08000db0                __aeabi_ldiv0
 *(.text*)
 .text.HAL_MspDeInit
                0x08000db4        0x2 Drivers/STM32L4xx_HAL_Driver/Src/stm32l4xx_hal.o
                0x08000db4                HAL_MspDeInit
 *fill*         0x08000db6        0x2 
 .text.HAL_DeInit
                0x08000db8       0x2c Drivers/STM32L4xx_HAL_Driver/Src/stm32l4xx_hal.o
                0x08000db8                HAL_DeInit
 .text.HAL_InitTick
                0x08000de4       0x4c Drivers/STM32L4xx_HAL_Driver/Src/stm32l4xx_hal.o
                0x08000de4                HAL_InitTick
 .text.HAL_Init
                0x08000e30       0x1e Drivers/STM32L4xx_HAL_Driver/Src/stm32l4xx_hal.o
                0x08000e30                HAL_Init
 *fill*         0x08000e4e        0x2 
 .text.HAL_IncTick
                0x08000e50       0x18 Drivers/STM32L4xx_HAL_Driver/Src/stm32l4xx_hal.o
                0x08000e50                HAL_IncTick
 .text.HAL_GetTick
                0x08000e68        0xc Drivers/STM32L4xx_HAL_Driver/Src/stm32l4xx_hal.o
                0x08000e68                HAL_GetTick
 .text.HAL_Delay
                0x08000e74       0x28 Drivers/STM32L4xx_HAL_Driver/Src/stm32l4xx_hal.o
                0x08000e74                HAL_Delay
 .text.HAL_NVIC_SetPriorityGrouping
                0x08000e9c       0x24 Drivers/STM32L4xx_HAL_Driver/Src/stm32l4xx_hal_cortex.o
                0x08000e9c                HAL_NVIC_SetPriorityGrouping
 .text.HAL_NVIC_SetPriority
                0x08000ec0       0x68 Drivers/STM32L4xx_HAL_Driver/Src/stm32l4xx_hal_cortex.o
                0x08000ec0                HAL_NVIC_SetPriority
 .text.HAL_SYSTICK_Config
                0x08000f28       0x2c Drivers/STM32L4xx_HAL_Driver/Src/stm32l4xx_hal_cortex.o
                0x08000f28                HAL_SYSTICK_Config
 .text.CRC_Handle_8
                0x08000f54       0x7e Drivers/STM32L4xx_HAL_Driver/Src/stm32l4xx_hal_crc.o
 .text.CRC_Handle_16
                0x08000fd2       0x4e Drivers/STM32L4xx_HAL_Driver/Src/stm32l4xx_hal_crc.o
 .text.HAL_CRC_Init
                0x08001020       0x80 Drivers/STM32L4xx_HAL_Driver/Src/stm32l4xx_hal_crc.o
                0x08001020                HAL_CRC_Init
 .text.HAL_CRC_Calculate
                0x080010a0       0x50 Drivers/STM32L4xx_HAL_Driver/Src/stm32l4xx_hal_crc.o
                0x080010a0                HAL_CRC_Calculate
 .text.HAL_CRCEx_Polynomial_Set
                0x080010f0       0x6c Drivers/STM32L4xx_HAL_Driver/Src/stm32l4xx_hal_crc_ex.o
                0x080010f0                HAL_CRCEx_Polynomial_Set
 .text.FLASH_Program_DoubleWord
                0x0800115c       0x20 Drivers/STM32L4xx_HAL_Driver/Src/stm32l4xx_hal_flash.o
 .text.FLASH_Program_Fast
                0x0800117c       0x34 Drivers/STM32L4xx_HAL_Driver/Src/stm32l4xx_hal_flash.o
 .text.HAL_FLASH_Unlock
                0x080011b0       0x30 Drivers/STM32L4xx_HAL_Driver/Src/stm32l4xx_hal_flash.o
                0x080011b0                HAL_FLASH_Unlock
 .text.HAL_FLASH_Lock
                0x080011e0       0x14 Drivers/STM32L4xx_HAL_Driver/Src/stm32l4xx_hal_flash.o
                0x080011e0                HAL_FLASH_Lock
 .text.FLASH_WaitForLastOperation
                0x080011f4       0x8c Drivers/STM32L4xx_HAL_Driver/Src/stm32l4xx_hal_flash.o
                0x080011f4                FLASH_WaitForLastOperation
 .text.HAL_FLASH_Program
                0x08001280       0xb0 Drivers/STM32L4xx_HAL_Driver/Src/stm32l4xx_hal_flash.o
                0x08001280                HAL_FLASH_Program
 .text.FLASH_MassErase
                0x08001330       0x30 Drivers/STM32L4xx_HAL_Driver/Src/stm32l4xx_hal_flash_ex.o
 .text.FLASH_PageErase
                0x08001360       0x44 Drivers/STM32L4xx_HAL_Driver/Src/stm32l4xx_hal_flash_ex.o
                0x08001360                FLASH_PageErase
 .text.FLASH_FlushCaches
                0x080013a4       0x5c Drivers/STM32L4xx_HAL_Driver/Src/stm32l4xx_hal_flash_ex.o
                0x080013a4                FLASH_FlushCaches
 .text.HAL_FLASHEx_Erase
                0x08001400       0xfc Drivers/STM32L4xx_HAL_Driver/Src/stm32l4xx_hal_flash_ex.o
                0x08001400                HAL_FLASHEx_Erase
 .text.HAL_GPIO_Init
                0x080014fc      0x1d4 Drivers/STM32L4xx_HAL_Driver/Src/stm32l4xx_hal_gpio.o
                0x080014fc                HAL_GPIO_Init
 .text.HAL_GPIO_DeInit
                0x080016d0      0x120 Drivers/STM32L4xx_HAL_Driver/Src/stm32l4xx_hal_gpio.o
                0x080016d0                HAL_GPIO_DeInit
 .text.HAL_PWREx_GetVoltageRange
                0x080017f0       0x10 Drivers/STM32L4xx_HAL_Driver/Src/stm32l4xx_hal_pwr_ex.o
                0x080017f0                HAL_PWREx_GetVoltageRange
 .text.HAL_PWREx_ControlVoltageScaling
                0x08001800       0x90 Drivers/STM32L4xx_HAL_Driver/Src/stm32l4xx_hal_pwr_ex.o
                0x08001800                HAL_PWREx_ControlVoltageScaling
 .text.RCC_SetFlashLatencyFromMSIRange
                0x08001890       0x90 Drivers/STM32L4xx_HAL_Driver/Src/stm32l4xx_hal_rcc.o
 .text.HAL_RCC_GetSysClockFreq
                0x08001920       0xb4 Drivers/STM32L4xx_HAL_Driver/Src/stm32l4xx_hal_rcc.o
                0x08001920                HAL_RCC_GetSysClockFreq
 .text.HAL_RCC_OscConfig
                0x080019d4      0x5dc Drivers/STM32L4xx_HAL_Driver/Src/stm32l4xx_hal_rcc.o
                0x080019d4                HAL_RCC_OscConfig
 .text.HAL_RCC_ClockConfig
                0x08001fb0      0x158 Drivers/STM32L4xx_HAL_Driver/Src/stm32l4xx_hal_rcc.o
                0x08001fb0                HAL_RCC_ClockConfig
 .text.HAL_RCC_GetHCLKFreq
                0x08002108        0xc Drivers/STM32L4xx_HAL_Driver/Src/stm32l4xx_hal_rcc.o
                0x08002108                HAL_RCC_GetHCLKFreq
 .text.HAL_RCC_GetPCLK1Freq
                0x08002114       0x24 Drivers/STM32L4xx_HAL_Driver/Src/stm32l4xx_hal_rcc.o
                0x08002114                HAL_RCC_GetPCLK1Freq
 .text.HAL_RCC_GetPCLK2Freq
                0x08002138       0x24 Drivers/STM32L4xx_HAL_Driver/Src/stm32l4xx_hal_rcc.o
                0x08002138                HAL_RCC_GetPCLK2Freq
 .text.RCCEx_PLLSAI1_Config
                0x0800215c      0x170 Drivers/STM32L4xx_HAL_Driver/Src/stm32l4xx_hal_rcc_ex.o
 .text.RCCEx_PLLSAI2_Config
                0x080022cc      0x14c Drivers/STM32L4xx_HAL_Driver/Src/stm32l4xx_hal_rcc_ex.o
 .text.HAL_RCCEx_PeriphCLKConfig
                0x08002418      0x450 Drivers/STM32L4xx_HAL_Driver/Src/stm32l4xx_hal_rcc_ex.o
                0x08002418                HAL_RCCEx_PeriphCLKConfig
 .text.HAL_UART_DeInit
                0x08002868       0x38 Drivers/STM32L4xx_HAL_Driver/Src/stm32l4xx_hal_uart.o
                0x08002868                HAL_UART_DeInit
 .text.UART_SetConfig
                0x080028a0      0x424 Drivers/STM32L4xx_HAL_Driver/Src/stm32l4xx_hal_uart.o
                0x080028a0                UART_SetConfig
 .text.UART_AdvFeatureConfig
                0x08002cc4       0xca Drivers/STM32L4xx_HAL_Driver/Src/stm32l4xx_hal_uart.o
                0x08002cc4                UART_AdvFeatureConfig
 .text.UART_WaitOnFlagUntilTimeout
                0x08002d8e       0x60 Drivers/STM32L4xx_HAL_Driver/Src/stm32l4xx_hal_uart.o
                0x08002d8e                UART_WaitOnFlagUntilTimeout
 .text.HAL_UART_Transmit
                0x08002dee       0xd8 Drivers/STM32L4xx_HAL_Driver/Src/stm32l4xx_hal_uart.o
                0x08002dee                HAL_UART_Transmit
 .text.HAL_UART_Receive
                0x08002ec6      0x11c Drivers/STM32L4xx_HAL_Driver/Src/stm32l4xx_hal_uart.o
                0x08002ec6                HAL_UART_Receive
 .text.UART_CheckIdleState
                0x08002fe2       0x6c Drivers/STM32L4xx_HAL_Driver/Src/stm32l4xx_hal_uart.o
                0x08002fe2                UART_CheckIdleState
 .text.HAL_UART_Init
                0x0800304e       0x62 Drivers/STM32L4xx_HAL_Driver/Src/stm32l4xx_hal_uart.o
                0x0800304e                HAL_UART_Init
 .text.KeyMng_UpdateKey
                0x080030b0       0x88 Src/KeyMng.o
                0x080030b0                KeyMng_UpdateKey
 .text.KeyMng_ReadKey
                0x08003138       0xa8 Src/KeyMng.o
                0x08003138                KeyMng_ReadKey
 .text.KeyMng_WriteKey
                0x080031e0       0x30 Src/KeyMng.o
                0x080031e0                KeyMng_WriteKey
 .text.KeyMng_Int
                0x08003210       0x30 Src/KeyMng.o
                0x08003210                KeyMng_Int
 .text.KeyExpansion
                0x08003240       0xcc Src/aes.o
 .text.AddRoundKey
                0x0800330c       0x32 Src/aes.o
 *fill*         0x0800333e        0x2 
 .text.SubBytes
                0x08003340       0x40 Src/aes.o
 .text.ShiftRows
                0x08003380       0x32 Src/aes.o
 .text.xtime    0x080033b2       0x12 Src/aes.o
 .text.MixColumns
                0x080033c4       0x70 Src/aes.o
 .text.Cipher   0x08003434       0x50 Src/aes.o
 .text.AES_init_ctx
                0x08003484        0x8 Src/aes.o
                0x08003484                AES_init_ctx
 .text.AES_ECB_encrypt
                0x0800348c       0x2c Src/aes.o
                0x0800348c                AES_ECB_encrypt
 .text.padding  0x080034b8       0x2e Src/cmac.o
                0x080034b8                padding
 .text.XOR_16bytes
                0x080034e6       0x1c Src/cmac.o
                0x080034e6                XOR_16bytes
 .text.LeftShift_OneBit
                0x08003502       0x22 Src/cmac.o
                0x08003502                LeftShift_OneBit
 .text.Generate_Subkey
                0x08003524       0x70 Src/cmac.o
                0x08003524                Generate_Subkey
 .text.AES_CMAC
                0x08003594       0xd8 Src/cmac.o
                0x08003594                AES_CMAC
 .text.Verify_MAC
                0x0800366c       0x24 Src/cmac.o
                0x0800366c                Verify_MAC
 .text.splitting8to4
                0x08003690        0xc Src/cmac.o
                0x08003690                splitting8to4
 .text.Hex2string
                0x0800369c       0x48 Src/cmac.o
                0x0800369c                Hex2string
 .text.Select_Key
                0x080036e4       0x30 Src/cmac.o
                0x080036e4                Select_Key
 .text.Int2Str  0x08003714       0x4c Src/common.o
                0x08003714                Int2Str
 .text.Str2Int  0x08003760       0xd8 Src/common.o
                0x08003760                Str2Int
 .text.Serial_PutString
                0x08003838       0x20 Src/common.o
                0x08003838                Serial_PutString
 .text.Serial_PutByte
                0x08003858       0x20 Src/common.o
                0x08003858                Serial_PutByte
 .text.FLASH_If_Init
                0x08003878       0x18 Src/flash_if.o
                0x08003878                FLASH_If_Init
 .text.FLASH_If_Erase
                0x08003890       0x8c Src/flash_if.o
                0x08003890                FLASH_If_Erase
 .text.FLASH_If_Write
                0x0800391c       0x60 Src/flash_if.o
                0x0800391c                FLASH_If_Write
 .text.MX_GPIO_Init
                0x0800397c       0x60 Src/main.o
 .text.MX_CRC_Init
                0x080039dc       0x30 Src/main.o
 .text.MX_USART2_UART_Init
                0x08003a0c       0x30 Src/main.o
 .text.SystemClock_Config
                0x08003a3c       0x7a Src/main.o
                0x08003a3c                SystemClock_Config
 *fill*         0x08003ab6        0x2 
 .text.main     0x08003ab8       0x38 Src/main.o
                0x08003ab8                main
 .text.SerialDownload
                0x08003af0       0xa8 Src/menu.o
                0x08003af0                SerialDownload
 .text.SerialUpload
                0x08003b98       0x68 Src/menu.o
                0x08003b98                SerialUpload
 .text.Main_Menu
                0x08003c00      0x1c0 Src/menu.o
                0x08003c00                Main_Menu
 .text.HAL_MspInit
                0x08003dc0       0x30 Src/stm32l4xx_hal_msp.o
                0x08003dc0                HAL_MspInit
 .text.HAL_CRC_MspInit
                0x08003df0       0x2c Src/stm32l4xx_hal_msp.o
                0x08003df0                HAL_CRC_MspInit
 .text.HAL_UART_MspInit
                0x08003e1c       0x68 Src/stm32l4xx_hal_msp.o
                0x08003e1c                HAL_UART_MspInit
 .text.HAL_UART_MspDeInit
                0x08003e84       0x2c Src/stm32l4xx_hal_msp.o
                0x08003e84                HAL_UART_MspDeInit
 .text.NMI_Handler
                0x08003eb0        0x2 Src/stm32l4xx_it.o
                0x08003eb0                NMI_Handler
 .text.HardFault_Handler
                0x08003eb2        0x2 Src/stm32l4xx_it.o
                0x08003eb2                HardFault_Handler
 .text.MemManage_Handler
                0x08003eb4        0x2 Src/stm32l4xx_it.o
                0x08003eb4                MemManage_Handler
 .text.BusFault_Handler
                0x08003eb6        0x2 Src/stm32l4xx_it.o
                0x08003eb6                BusFault_Handler
 .text.UsageFault_Handler
                0x08003eb8        0x2 Src/stm32l4xx_it.o
                0x08003eb8                UsageFault_Handler
 .text.SVC_Handler
                0x08003eba        0x2 Src/stm32l4xx_it.o
                0x08003eba                SVC_Handler
 .text.DebugMon_Handler
                0x08003ebc        0x2 Src/stm32l4xx_it.o
                0x08003ebc                DebugMon_Handler
 .text.PendSV_Handler
                0x08003ebe        0x2 Src/stm32l4xx_it.o
                0x08003ebe                PendSV_Handler
 .text.SysTick_Handler
                0x08003ec0        0x8 Src/stm32l4xx_it.o
                0x08003ec0                SysTick_Handler
 .text.SystemInit
                0x08003ec8       0x48 Src/system_stm32l4xx.o
                0x08003ec8                SystemInit
 .text.PreparePacket
                0x08003f10       0x56 Src/ymodem.o
 *fill*         0x08003f66        0x2 
 .text.ReceivePacket
                0x08003f68       0xf0 Src/ymodem.o
 .text.PrepareIntialPacket
                0x08004058       0x56 Src/ymodem.o
 *fill*         0x080040ae        0x2 
 .text.Ymodem_Receive
                0x080040b0      0x1b0 Src/ymodem.o
                0x080040b0                Ymodem_Receive
 .text.Ymodem_Transmit
                0x08004260      0x298 Src/ymodem.o
                0x08004260                Ymodem_Transmit
 .text.Reset_Handler
                0x080044f8       0x50 startup/startup_stm32l476xx.o
                0x080044f8                Reset_Handler
 .text.Default_Handler
                0x08004548        0x2 startup/startup_stm32l476xx.o
                0x08004548                RTC_Alarm_IRQHandler
                0x08004548                EXTI2_IRQHandler
                0x08004548                TIM8_TRG_COM_IRQHandler
                0x08004548                TIM8_CC_IRQHandler
                0x08004548                TIM1_CC_IRQHandler
                0x08004548                TSC_IRQHandler
                0x08004548                TAMP_STAMP_IRQHandler
                0x08004548                EXTI3_IRQHandler
                0x08004548                LPTIM2_IRQHandler
                0x08004548                DFSDM1_FLT1_IRQHandler
                0x08004548                I2C3_ER_IRQHandler
                0x08004548                DFSDM1_FLT2_IRQHandler
                0x08004548                EXTI0_IRQHandler
                0x08004548                I2C2_EV_IRQHandler
                0x08004548                CAN1_RX0_IRQHandler
                0x08004548                FPU_IRQHandler
                0x08004548                TIM1_UP_TIM16_IRQHandler
                0x08004548                ADC1_2_IRQHandler
                0x08004548                SPI1_IRQHandler
                0x08004548                TIM6_DAC_IRQHandler
                0x08004548                TIM8_UP_IRQHandler
                0x08004548                DMA2_Channel2_IRQHandler
                0x08004548                DMA1_Channel4_IRQHandler
                0x08004548                SAI2_IRQHandler
                0x08004548                DFSDM1_FLT3_IRQHandler
                0x08004548                USART3_IRQHandler
                0x08004548                DMA1_Channel7_IRQHandler
                0x08004548                CAN1_RX1_IRQHandler
                0x08004548                LCD_IRQHandler
                0x08004548                UART5_IRQHandler
                0x08004548                ADC3_IRQHandler
                0x08004548                TIM4_IRQHandler
                0x08004548                DMA2_Channel1_IRQHandler
                0x08004548                QUADSPI_IRQHandler
                0x08004548                I2C1_EV_IRQHandler
                0x08004548                DMA1_Channel6_IRQHandler
                0x08004548                UART4_IRQHandler
                0x08004548                DMA2_Channel4_IRQHandler
                0x08004548                TIM3_IRQHandler
                0x08004548                RCC_IRQHandler
                0x08004548                DMA1_Channel1_IRQHandler
                0x08004548                Default_Handler
                0x08004548                DMA2_Channel7_IRQHandler
                0x08004548                EXTI15_10_IRQHandler
                0x08004548                TIM7_IRQHandler
                0x08004548                SDMMC1_IRQHandler
                0x08004548                TIM5_IRQHandler
                0x08004548                I2C3_EV_IRQHandler
                0x08004548                EXTI9_5_IRQHandler
                0x08004548                RTC_WKUP_IRQHandler
                0x08004548                PVD_PVM_IRQHandler
                0x08004548                SPI2_IRQHandler
                0x08004548                CAN1_TX_IRQHandler
                0x08004548                DMA2_Channel5_IRQHandler
                0x08004548                DMA1_Channel5_IRQHandler
                0x08004548                EXTI4_IRQHandler
                0x08004548                RNG_IRQHandler
                0x08004548                TIM1_TRG_COM_TIM17_IRQHandler
                0x08004548                DMA1_Channel3_IRQHandler
                0x08004548                COMP_IRQHandler
                0x08004548                WWDG_IRQHandler
                0x08004548                LPUART1_IRQHandler
                0x08004548                DMA2_Channel6_IRQHandler
                0x08004548                TIM2_IRQHandler
                0x08004548                EXTI1_IRQHandler
                0x08004548                USART2_IRQHandler
                0x08004548                DFSDM1_FLT0_IRQHandler
                0x08004548                I2C2_ER_IRQHandler
                0x08004548                DMA1_Channel2_IRQHandler
                0x08004548                TIM8_BRK_IRQHandler
                0x08004548                CAN1_SCE_IRQHandler
                0x08004548                FLASH_IRQHandler
                0x08004548                USART1_IRQHandler
                0x08004548                OTG_FS_IRQHandler
                0x08004548                SPI3_IRQHandler
                0x08004548                I2C1_ER_IRQHandler
                0x08004548                FMC_IRQHandler
                0x08004548                SWPMI1_IRQHandler
                0x08004548                LPTIM1_IRQHandler
                0x08004548                SAI1_IRQHandler
                0x08004548                DMA2_Channel3_IRQHandler
                0x08004548                TIM1_BRK_TIM15_IRQHandler
 *fill*         0x0800454a        0x6 
 .text.ceil     0x08004550      0x110 c:/ac6/systemworkbench/plugins/fr.ac6.mcu.externaltools.arm-none.win32_1.17.0.201812190825/tools/compiler/bin/../lib/gcc/arm-none-eabi/7.3.1/../../../../arm-none-eabi/lib/thumb/v7e-m/fpv4-sp/hard\libm.a(lib_a-s_ceil.o)
                0x08004550                ceil
 .text.__libc_init_array
                0x08004660       0x48 c:/ac6/systemworkbench/plugins/fr.ac6.mcu.externaltools.arm-none.win32_1.17.0.201812190825/tools/compiler/bin/../lib/gcc/arm-none-eabi/7.3.1/../../../../arm-none-eabi/lib/thumb/v7e-m/fpv4-sp/hard\libc_nano.a(lib_a-init.o)
                0x08004660                __libc_init_array
 .text.memcmp   0x080046a8       0x1e c:/ac6/systemworkbench/plugins/fr.ac6.mcu.externaltools.arm-none.win32_1.17.0.201812190825/tools/compiler/bin/../lib/gcc/arm-none-eabi/7.3.1/../../../../arm-none-eabi/lib/thumb/v7e-m/fpv4-sp/hard\libc_nano.a(lib_a-memcmp.o)
                0x080046a8                memcmp
 .text.memset   0x080046c6       0x10 c:/ac6/systemworkbench/plugins/fr.ac6.mcu.externaltools.arm-none.win32_1.17.0.201812190825/tools/compiler/bin/../lib/gcc/arm-none-eabi/7.3.1/../../../../arm-none-eabi/lib/thumb/v7e-m/fpv4-sp/hard\libc_nano.a(lib_a-memset.o)
                0x080046c6                memset
 *(.glue_7)
 .glue_7        0x080046d6        0x0 linker stubs
 *(.glue_7t)
 .glue_7t       0x080046d6        0x0 linker stubs
 *(.eh_frame)
 *fill*         0x080046d6        0x2 
 .eh_frame      0x080046d8        0x0 c:/ac6/systemworkbench/plugins/fr.ac6.mcu.externaltools.arm-none.win32_1.17.0.201812190825/tools/compiler/bin/../lib/gcc/arm-none-eabi/7.3.1/thumb/v7e-m/fpv4-sp/hard/crtbegin.o
 *(.init)
 .init          0x080046d8        0x4 c:/ac6/systemworkbench/plugins/fr.ac6.mcu.externaltools.arm-none.win32_1.17.0.201812190825/tools/compiler/bin/../lib/gcc/arm-none-eabi/7.3.1/thumb/v7e-m/fpv4-sp/hard/crti.o
                0x080046d8                _init
 .init          0x080046dc        0x8 c:/ac6/systemworkbench/plugins/fr.ac6.mcu.externaltools.arm-none.win32_1.17.0.201812190825/tools/compiler/bin/../lib/gcc/arm-none-eabi/7.3.1/thumb/v7e-m/fpv4-sp/hard/crtn.o
 *(.fini)
 .fini          0x080046e4        0x4 c:/ac6/systemworkbench/plugins/fr.ac6.mcu.externaltools.arm-none.win32_1.17.0.201812190825/tools/compiler/bin/../lib/gcc/arm-none-eabi/7.3.1/thumb/v7e-m/fpv4-sp/hard/crti.o
                0x080046e4                _fini
 .fini          0x080046e8        0x8 c:/ac6/systemworkbench/plugins/fr.ac6.mcu.externaltools.arm-none.win32_1.17.0.201812190825/tools/compiler/bin/../lib/gcc/arm-none-eabi/7.3.1/thumb/v7e-m/fpv4-sp/hard/crtn.o
                0x080046f0                . = ALIGN (0x8)
                0x080046f0                _etext = .

.vfp11_veneer   0x080046f0        0x0
 .vfp11_veneer  0x080046f0        0x0 linker stubs

.v4_bx          0x080046f0        0x0
 .v4_bx         0x080046f0        0x0 linker stubs

.iplt           0x080046f0        0x0
 .iplt          0x080046f0        0x0 c:/ac6/systemworkbench/plugins/fr.ac6.mcu.externaltools.arm-none.win32_1.17.0.201812190825/tools/compiler/bin/../lib/gcc/arm-none-eabi/7.3.1/thumb/v7e-m/fpv4-sp/hard/crtbegin.o

.rodata         0x080046f0      0x7f8
                0x080046f0                . = ALIGN (0x8)
 *(.rodata)
 .rodata        0x080046f0      0x20c Src/aes.o
 .rodata        0x080048fc       0x10 Src/cmac.o
 .rodata        0x0800490c       0x48 Src/system_stm32l4xx.o
                0x0800490c                MSIRangeTable
                0x0800493c                AHBPrescTable
                0x0800494c                APBPrescTable
 *(.rodata*)
 .rodata.str1.4
                0x08004954      0x590 Src/menu.o
                                0x593 (size before relaxing)
                0x08004ee8                . = ALIGN (0x8)
 *fill*         0x08004ee4        0x4 

.ARM.extab      0x08004ee8        0x0
                0x08004ee8                . = ALIGN (0x8)
 *(.ARM.extab* .gnu.linkonce.armextab.*)
                0x08004ee8                . = ALIGN (0x8)

.ARM            0x08004ee8        0x8
                0x08004ee8                . = ALIGN (0x8)
                0x08004ee8                __exidx_start = .
 *(.ARM.exidx*)
 .ARM.exidx     0x08004ee8        0x8 c:/ac6/systemworkbench/plugins/fr.ac6.mcu.externaltools.arm-none.win32_1.17.0.201812190825/tools/compiler/bin/../lib/gcc/arm-none-eabi/7.3.1/thumb/v7e-m/fpv4-sp/hard\libgcc.a(_udivmoddi4.o)
                0x08004ef0                __exidx_end = .
                0x08004ef0                . = ALIGN (0x8)

.rel.dyn        0x08004ef0        0x0
 .rel.iplt      0x08004ef0        0x0 c:/ac6/systemworkbench/plugins/fr.ac6.mcu.externaltools.arm-none.win32_1.17.0.201812190825/tools/compiler/bin/../lib/gcc/arm-none-eabi/7.3.1/thumb/v7e-m/fpv4-sp/hard/crtbegin.o

.preinit_array  0x08004ef0        0x0
                0x08004ef0                . = ALIGN (0x8)
                0x08004ef0                PROVIDE (__preinit_array_start = .)
 *(.preinit_array*)
                0x08004ef0                PROVIDE (__preinit_array_end = .)
                0x08004ef0                . = ALIGN (0x8)

.init_array     0x08004ef0        0x8
                0x08004ef0                . = ALIGN (0x8)
                0x08004ef0                PROVIDE (__init_array_start = .)
 *(SORT_BY_NAME(.init_array.*))
 *(.init_array*)
 .init_array    0x08004ef0        0x4 c:/ac6/systemworkbench/plugins/fr.ac6.mcu.externaltools.arm-none.win32_1.17.0.201812190825/tools/compiler/bin/../lib/gcc/arm-none-eabi/7.3.1/thumb/v7e-m/fpv4-sp/hard/crtbegin.o
                0x08004ef4                PROVIDE (__init_array_end = .)
                0x08004ef8                . = ALIGN (0x8)
 *fill*         0x08004ef4        0x4 

.fini_array     0x08004ef8        0x8
                0x08004ef8                . = ALIGN (0x8)
                [!provide]                PROVIDE (__fini_array_start = .)
 *(SORT_BY_NAME(.fini_array.*))
 *(.fini_array*)
 .fini_array    0x08004ef8        0x4 c:/ac6/systemworkbench/plugins/fr.ac6.mcu.externaltools.arm-none.win32_1.17.0.201812190825/tools/compiler/bin/../lib/gcc/arm-none-eabi/7.3.1/thumb/v7e-m/fpv4-sp/hard/crtbegin.o
                [!provide]                PROVIDE (__fini_array_end = .)
                0x08004f00                . = ALIGN (0x8)
 *fill*         0x08004efc        0x4 
                0x08004f00                _sidata = LOADADDR (.data)

.data           0x20000000       0x58 load address 0x08004f00
                0x20000000                . = ALIGN (0x8)
                0x20000000                _sdata = .
 *(.data)
 .data          0x20000000        0x8 Drivers/STM32L4xx_HAL_Driver/Src/stm32l4xx_hal.o
                0x20000000                uwTickFreq
                0x20000004                uwTickPrio
 .data          0x20000008       0x20 Drivers/STM32L4xx_HAL_Driver/Src/stm32l4xx_hal_flash.o
                0x20000008                pFlash
 .data          0x20000028        0x8 Src/KeyMng.o
                0x20000028                buff
                0x2000002c                flashdestination
 .data          0x20000030       0x10 Src/cmac.o
                0x20000030                const_Rb
 .data          0x20000040       0x10 Src/menu.o
                0x20000040                Key2
 .data          0x20000050        0x4 Src/system_stm32l4xx.o
                0x20000050                SystemCoreClock
 *(.data*)
                0x20000058                . = ALIGN (0x8)
 *fill*         0x20000054        0x4 
                0x20000058                _edata = .

.igot.plt       0x20000058        0x0 load address 0x08004f58
 .igot.plt      0x20000058        0x0 c:/ac6/systemworkbench/plugins/fr.ac6.mcu.externaltools.arm-none.win32_1.17.0.201812190825/tools/compiler/bin/../lib/gcc/arm-none-eabi/7.3.1/thumb/v7e-m/fpv4-sp/hard/crtbegin.o
                0x20000058                . = ALIGN (0x4)

.bss            0x20000058      0x664 load address 0x08004f58
                0x20000058                _sbss = .
                0x20000058                __bss_start__ = _sbss
 *(.bss)
 .bss           0x20000058       0x1c c:/ac6/systemworkbench/plugins/fr.ac6.mcu.externaltools.arm-none.win32_1.17.0.201812190825/tools/compiler/bin/../lib/gcc/arm-none-eabi/7.3.1/thumb/v7e-m/fpv4-sp/hard/crtbegin.o
 .bss           0x20000074        0x4 Src/KeyMng.o
                0x20000074                i
 .bss           0x20000078       0x20 Src/cmac.o
                0x20000078                const_Zero
                0x20000088                MAC_Bootloader
 .bss           0x20000098        0x4 Src/main.o
                0x20000098                length
 .bss           0x2000009c        0x8 Src/menu.o
                0x2000009c                key
                0x200000a0                FlashProtection
 *(.bss*)
 *(COMMON)
 COMMON         0x200000a4        0x4 Drivers/STM32L4xx_HAL_Driver/Src/stm32l4xx_hal.o
                0x200000a4                uwTick
 COMMON         0x200000a8       0xdd Src/KeyMng.o
                0x200000a8                keyslot_t
                0x20000170                num3
                0x20000174                num2
                0x20000178                num
                0x2000017c                num1
                0x20000180                res
                0x20000184                ErrorCode
 *fill*         0x20000185        0x3 
 COMMON         0x20000188       0xa4 Src/cmac.o
                0x20000188                hcrc
                0x200001ac                huart2
 COMMON         0x2000022c       0x88 Src/menu.o
                0x2000022c                JumpAddress
                0x20000230                T
                0x20000240                T1
                0x20000260                Key
                0x20000270                JumpToApplication
                0x20000274                aFileName
 COMMON         0x200002b4      0x406 Src/ymodem.o
                0x200002b4                aPacketData
                0x200006bc                . = ALIGN (0x4)
 *fill*         0x200006ba        0x2 
                0x200006bc                _ebss = .
                0x200006bc                __bss_end__ = _ebss

._user_heap_stack
                0x200006bc      0x604 load address 0x08004f58
                0x200006c0                . = ALIGN (0x8)
 *fill*         0x200006bc        0x4 
                0x200006c0                PROVIDE (end = .)
                [!provide]                PROVIDE (_end = .)
                0x200008c0                . = (. + _Min_Heap_Size)
 *fill*         0x200006c0      0x200 
                0x20000cc0                . = (. + _Min_Stack_Size)
 *fill*         0x200008c0      0x400 
                0x20000cc0                . = ALIGN (0x8)

/DISCARD/
 libc.a(*)
 libm.a(*)
 libgcc.a(*)

.ARM.attributes
                0x00000000       0x30
 *(.ARM.attributes)
 .ARM.attributes
                0x00000000       0x22 c:/ac6/systemworkbench/plugins/fr.ac6.mcu.externaltools.arm-none.win32_1.17.0.201812190825/tools/compiler/bin/../lib/gcc/arm-none-eabi/7.3.1/thumb/v7e-m/fpv4-sp/hard/crti.o
 .ARM.attributes
                0x00000022       0x34 c:/ac6/systemworkbench/plugins/fr.ac6.mcu.externaltools.arm-none.win32_1.17.0.201812190825/tools/compiler/bin/../lib/gcc/arm-none-eabi/7.3.1/thumb/v7e-m/fpv4-sp/hard/crtbegin.o
 .ARM.attributes
                0x00000056       0x39 Drivers/STM32L4xx_HAL_Driver/Src/stm32l4xx_hal.o
 .ARM.attributes
                0x0000008f       0x39 Drivers/STM32L4xx_HAL_Driver/Src/stm32l4xx_hal_cortex.o
 .ARM.attributes
                0x000000c8       0x39 Drivers/STM32L4xx_HAL_Driver/Src/stm32l4xx_hal_crc.o
 .ARM.attributes
                0x00000101       0x39 Drivers/STM32L4xx_HAL_Driver/Src/stm32l4xx_hal_crc_ex.o
 .ARM.attributes
                0x0000013a       0x39 Drivers/STM32L4xx_HAL_Driver/Src/stm32l4xx_hal_flash.o
 .ARM.attributes
                0x00000173       0x39 Drivers/STM32L4xx_HAL_Driver/Src/stm32l4xx_hal_flash_ex.o
 .ARM.attributes
                0x000001ac       0x39 Drivers/STM32L4xx_HAL_Driver/Src/stm32l4xx_hal_gpio.o
 .ARM.attributes
                0x000001e5       0x39 Drivers/STM32L4xx_HAL_Driver/Src/stm32l4xx_hal_pwr_ex.o
 .ARM.attributes
                0x0000021e       0x39 Drivers/STM32L4xx_HAL_Driver/Src/stm32l4xx_hal_rcc.o
 .ARM.attributes
                0x00000257       0x39 Drivers/STM32L4xx_HAL_Driver/Src/stm32l4xx_hal_rcc_ex.o
 .ARM.attributes
                0x00000290       0x39 Drivers/STM32L4xx_HAL_Driver/Src/stm32l4xx_hal_uart.o
 .ARM.attributes
                0x000002c9       0x39 Src/KeyMng.o
 .ARM.attributes
                0x00000302       0x39 Src/aes.o
 .ARM.attributes
                0x0000033b       0x39 Src/cmac.o
 .ARM.attributes
                0x00000374       0x39 Src/common.o
 .ARM.attributes
                0x000003ad       0x39 Src/flash_if.o
 .ARM.attributes
                0x000003e6       0x39 Src/main.o
 .ARM.attributes
                0x0000041f       0x39 Src/menu.o
 .ARM.attributes
                0x00000458       0x39 Src/stm32l4xx_hal_msp.o
 .ARM.attributes
                0x00000491       0x39 Src/stm32l4xx_it.o
 .ARM.attributes
                0x000004ca       0x39 Src/system_stm32l4xx.o
 .ARM.attributes
                0x00000503       0x39 Src/ymodem.o
 .ARM.attributes
                0x0000053c       0x21 startup/startup_stm32l476xx.o
 .ARM.attributes
                0x0000055d       0x34 c:/ac6/systemworkbench/plugins/fr.ac6.mcu.externaltools.arm-none.win32_1.17.0.201812190825/tools/compiler/bin/../lib/gcc/arm-none-eabi/7.3.1/../../../../arm-none-eabi/lib/thumb/v7e-m/fpv4-sp/hard\libm.a(lib_a-s_ceil.o)
 .ARM.attributes
                0x00000591       0x22 c:/ac6/systemworkbench/plugins/fr.ac6.mcu.externaltools.arm-none.win32_1.17.0.201812190825/tools/compiler/bin/../lib/gcc/arm-none-eabi/7.3.1/thumb/v7e-m/fpv4-sp/hard\libgcc.a(_arm_addsubdf3.o)
 .ARM.attributes
                0x000005b3       0x22 c:/ac6/systemworkbench/plugins/fr.ac6.mcu.externaltools.arm-none.win32_1.17.0.201812190825/tools/compiler/bin/../lib/gcc/arm-none-eabi/7.3.1/thumb/v7e-m/fpv4-sp/hard\libgcc.a(_arm_muldivdf3.o)
 .ARM.attributes
                0x000005d5       0x22 c:/ac6/systemworkbench/plugins/fr.ac6.mcu.externaltools.arm-none.win32_1.17.0.201812190825/tools/compiler/bin/../lib/gcc/arm-none-eabi/7.3.1/thumb/v7e-m/fpv4-sp/hard\libgcc.a(_arm_cmpdf2.o)
 .ARM.attributes
                0x000005f7       0x22 c:/ac6/systemworkbench/plugins/fr.ac6.mcu.externaltools.arm-none.win32_1.17.0.201812190825/tools/compiler/bin/../lib/gcc/arm-none-eabi/7.3.1/thumb/v7e-m/fpv4-sp/hard\libgcc.a(_arm_fixunsdfsi.o)
 .ARM.attributes
                0x00000619       0x22 c:/ac6/systemworkbench/plugins/fr.ac6.mcu.externaltools.arm-none.win32_1.17.0.201812190825/tools/compiler/bin/../lib/gcc/arm-none-eabi/7.3.1/thumb/v7e-m/fpv4-sp/hard\libgcc.a(_aeabi_uldivmod.o)
 .ARM.attributes
                0x0000063b       0x34 c:/ac6/systemworkbench/plugins/fr.ac6.mcu.externaltools.arm-none.win32_1.17.0.201812190825/tools/compiler/bin/../lib/gcc/arm-none-eabi/7.3.1/thumb/v7e-m/fpv4-sp/hard\libgcc.a(_udivmoddi4.o)
 .ARM.attributes
                0x0000066f       0x22 c:/ac6/systemworkbench/plugins/fr.ac6.mcu.externaltools.arm-none.win32_1.17.0.201812190825/tools/compiler/bin/../lib/gcc/arm-none-eabi/7.3.1/thumb/v7e-m/fpv4-sp/hard\libgcc.a(_dvmd_tls.o)
 .ARM.attributes
                0x00000691       0x34 c:/ac6/systemworkbench/plugins/fr.ac6.mcu.externaltools.arm-none.win32_1.17.0.201812190825/tools/compiler/bin/../lib/gcc/arm-none-eabi/7.3.1/../../../../arm-none-eabi/lib/thumb/v7e-m/fpv4-sp/hard\libc_nano.a(lib_a-init.o)
 .ARM.attributes
                0x000006c5       0x34 c:/ac6/systemworkbench/plugins/fr.ac6.mcu.externaltools.arm-none.win32_1.17.0.201812190825/tools/compiler/bin/../lib/gcc/arm-none-eabi/7.3.1/../../../../arm-none-eabi/lib/thumb/v7e-m/fpv4-sp/hard\libc_nano.a(lib_a-memcmp.o)
 .ARM.attributes
                0x000006f9       0x34 c:/ac6/systemworkbench/plugins/fr.ac6.mcu.externaltools.arm-none.win32_1.17.0.201812190825/tools/compiler/bin/../lib/gcc/arm-none-eabi/7.3.1/../../../../arm-none-eabi/lib/thumb/v7e-m/fpv4-sp/hard\libc_nano.a(lib_a-memset.o)
 .ARM.attributes
                0x0000072d       0x22 c:/ac6/systemworkbench/plugins/fr.ac6.mcu.externaltools.arm-none.win32_1.17.0.201812190825/tools/compiler/bin/../lib/gcc/arm-none-eabi/7.3.1/thumb/v7e-m/fpv4-sp/hard/crtn.o
OUTPUT(DEMO1.elf elf32-littlearm)

.debug_info     0x00000000    0x13991
 .debug_info    0x00000000      0xca2 Drivers/STM32L4xx_HAL_Driver/Src/stm32l4xx_hal.o
 .debug_info    0x00000ca2     0x10a0 Drivers/STM32L4xx_HAL_Driver/Src/stm32l4xx_hal_cortex.o
 .debug_info    0x00001d42      0x752 Drivers/STM32L4xx_HAL_Driver/Src/stm32l4xx_hal_crc.o
 .debug_info    0x00002494      0x515 Drivers/STM32L4xx_HAL_Driver/Src/stm32l4xx_hal_crc_ex.o
 .debug_info    0x000029a9      0x8a3 Drivers/STM32L4xx_HAL_Driver/Src/stm32l4xx_hal_flash.o
 .debug_info    0x0000324c      0xab5 Drivers/STM32L4xx_HAL_Driver/Src/stm32l4xx_hal_flash_ex.o
 .debug_info    0x00003d01      0x989 Drivers/STM32L4xx_HAL_Driver/Src/stm32l4xx_hal_gpio.o
 .debug_info    0x0000468a      0xb27 Drivers/STM32L4xx_HAL_Driver/Src/stm32l4xx_hal_pwr_ex.o
 .debug_info    0x000051b1      0xf2a Drivers/STM32L4xx_HAL_Driver/Src/stm32l4xx_hal_rcc.o
 .debug_info    0x000060db     0x12a3 Drivers/STM32L4xx_HAL_Driver/Src/stm32l4xx_hal_rcc_ex.o
 .debug_info    0x0000737e     0x1d7a Drivers/STM32L4xx_HAL_Driver/Src/stm32l4xx_hal_uart.o
 .debug_info    0x000090f8      0x54b Src/KeyMng.o
 .debug_info    0x00009643     0x134b Src/aes.o
 .debug_info    0x0000a98e     0x1b65 Src/cmac.o
 .debug_info    0x0000c4f3      0xb1f Src/common.o
 .debug_info    0x0000d012      0x87f Src/flash_if.o
 .debug_info    0x0000d891     0x12cb Src/main.o
 .debug_info    0x0000eb5c     0x1215 Src/menu.o
 .debug_info    0x0000fd71      0xe09 Src/stm32l4xx_hal_msp.o
 .debug_info    0x00010b7a      0xa21 Src/stm32l4xx_it.o
 .debug_info    0x0001159b      0x6fc Src/system_stm32l4xx.o
 .debug_info    0x00011c97     0x1cd8 Src/ymodem.o
 .debug_info    0x0001396f       0x22 startup/startup_stm32l476xx.o

.debug_abbrev   0x00000000     0x2fdd
 .debug_abbrev  0x00000000      0x209 Drivers/STM32L4xx_HAL_Driver/Src/stm32l4xx_hal.o
 .debug_abbrev  0x00000209      0x328 Drivers/STM32L4xx_HAL_Driver/Src/stm32l4xx_hal_cortex.o
 .debug_abbrev  0x00000531      0x1f9 Drivers/STM32L4xx_HAL_Driver/Src/stm32l4xx_hal_crc.o
 .debug_abbrev  0x0000072a      0x165 Drivers/STM32L4xx_HAL_Driver/Src/stm32l4xx_hal_crc_ex.o
 .debug_abbrev  0x0000088f      0x2e2 Drivers/STM32L4xx_HAL_Driver/Src/stm32l4xx_hal_flash.o
 .debug_abbrev  0x00000b71      0x211 Drivers/STM32L4xx_HAL_Driver/Src/stm32l4xx_hal_flash_ex.o
 .debug_abbrev  0x00000d82      0x1de Drivers/STM32L4xx_HAL_Driver/Src/stm32l4xx_hal_gpio.o
 .debug_abbrev  0x00000f60      0x1de Drivers/STM32L4xx_HAL_Driver/Src/stm32l4xx_hal_pwr_ex.o
 .debug_abbrev  0x0000113e      0x21f Drivers/STM32L4xx_HAL_Driver/Src/stm32l4xx_hal_rcc.o
 .debug_abbrev  0x0000135d      0x24c Drivers/STM32L4xx_HAL_Driver/Src/stm32l4xx_hal_rcc_ex.o
 .debug_abbrev  0x000015a9      0x24d Drivers/STM32L4xx_HAL_Driver/Src/stm32l4xx_hal_uart.o
 .debug_abbrev  0x000017f6      0x19a Src/KeyMng.o
 .debug_abbrev  0x00001990      0x2fb Src/aes.o
 .debug_abbrev  0x00001c8b      0x31b Src/cmac.o
 .debug_abbrev  0x00001fa6      0x1cb Src/common.o
 .debug_abbrev  0x00002171      0x217 Src/flash_if.o
 .debug_abbrev  0x00002388      0x24b Src/main.o
 .debug_abbrev  0x000025d3      0x22a Src/menu.o
 .debug_abbrev  0x000027fd      0x1c3 Src/stm32l4xx_hal_msp.o
 .debug_abbrev  0x000029c0      0x17f Src/stm32l4xx_it.o
 .debug_abbrev  0x00002b3f      0x150 Src/system_stm32l4xx.o
 .debug_abbrev  0x00002c8f      0x33c Src/ymodem.o
 .debug_abbrev  0x00002fcb       0x12 startup/startup_stm32l476xx.o

.debug_loc      0x00000000     0x839e
 .debug_loc     0x00000000      0x1f1 Drivers/STM32L4xx_HAL_Driver/Src/stm32l4xx_hal.o
 .debug_loc     0x000001f1      0x5ce Drivers/STM32L4xx_HAL_Driver/Src/stm32l4xx_hal_cortex.o
 .debug_loc     0x000007bf      0x4f0 Drivers/STM32L4xx_HAL_Driver/Src/stm32l4xx_hal_crc.o
 .debug_loc     0x00000caf      0x1a2 Drivers/STM32L4xx_HAL_Driver/Src/stm32l4xx_hal_crc_ex.o
 .debug_loc     0x00000e51      0x4ca Drivers/STM32L4xx_HAL_Driver/Src/stm32l4xx_hal_flash.o
 .debug_loc     0x0000131b      0x802 Drivers/STM32L4xx_HAL_Driver/Src/stm32l4xx_hal_flash_ex.o
 .debug_loc     0x00001b1d      0x2d3 Drivers/STM32L4xx_HAL_Driver/Src/stm32l4xx_hal_gpio.o
 .debug_loc     0x00001df0      0x960 Drivers/STM32L4xx_HAL_Driver/Src/stm32l4xx_hal_pwr_ex.o
 .debug_loc     0x00002750      0x63a Drivers/STM32L4xx_HAL_Driver/Src/stm32l4xx_hal_rcc.o
 .debug_loc     0x00002d8a     0x1c00 Drivers/STM32L4xx_HAL_Driver/Src/stm32l4xx_hal_rcc_ex.o
 .debug_loc     0x0000498a     0x1840 Drivers/STM32L4xx_HAL_Driver/Src/stm32l4xx_hal_uart.o
 .debug_loc     0x000061ca       0x87 Src/KeyMng.o
 .debug_loc     0x00006251      0x86d Src/aes.o
 .debug_loc     0x00006abe      0x603 Src/cmac.o
 .debug_loc     0x000070c1      0x2a1 Src/common.o
 .debug_loc     0x00007362      0x2a8 Src/flash_if.o
 .debug_loc     0x0000760a       0x52 Src/menu.o
 .debug_loc     0x0000765c       0x74 Src/stm32l4xx_hal_msp.o
 .debug_loc     0x000076d0      0x1b8 Src/system_stm32l4xx.o
 .debug_loc     0x00007888      0xb16 Src/ymodem.o

.debug_aranges  0x00000000      0xc10
 .debug_aranges
                0x00000000      0x130 Drivers/STM32L4xx_HAL_Driver/Src/stm32l4xx_hal.o
 .debug_aranges
                0x00000130       0xa8 Drivers/STM32L4xx_HAL_Driver/Src/stm32l4xx_hal_cortex.o
 .debug_aranges
                0x000001d8       0x60 Drivers/STM32L4xx_HAL_Driver/Src/stm32l4xx_hal_crc.o
 .debug_aranges
                0x00000238       0x30 Drivers/STM32L4xx_HAL_Driver/Src/stm32l4xx_hal_crc_ex.o
 .debug_aranges
                0x00000268       0x88 Drivers/STM32L4xx_HAL_Driver/Src/stm32l4xx_hal_flash.o
 .debug_aranges
                0x000002f0       0x90 Drivers/STM32L4xx_HAL_Driver/Src/stm32l4xx_hal_flash_ex.o
 .debug_aranges
                0x00000380       0x58 Drivers/STM32L4xx_HAL_Driver/Src/stm32l4xx_hal_gpio.o
 .debug_aranges
                0x000003d8      0x148 Drivers/STM32L4xx_HAL_Driver/Src/stm32l4xx_hal_pwr_ex.o
 .debug_aranges
                0x00000520       0x88 Drivers/STM32L4xx_HAL_Driver/Src/stm32l4xx_hal_rcc.o
 .debug_aranges
                0x000005a8       0xc0 Drivers/STM32L4xx_HAL_Driver/Src/stm32l4xx_hal_rcc_ex.o
 .debug_aranges
                0x00000668      0x1f8 Drivers/STM32L4xx_HAL_Driver/Src/stm32l4xx_hal_uart.o
 .debug_aranges
                0x00000860       0x38 Src/KeyMng.o
 .debug_aranges
                0x00000898       0xb8 Src/aes.o
 .debug_aranges
                0x00000950       0x80 Src/cmac.o
 .debug_aranges
                0x000009d0       0x38 Src/common.o
 .debug_aranges
                0x00000a08       0x48 Src/flash_if.o
 .debug_aranges
                0x00000a50       0x48 Src/main.o
 .debug_aranges
                0x00000a98       0x30 Src/menu.o
 .debug_aranges
                0x00000ac8       0x40 Src/stm32l4xx_hal_msp.o
 .debug_aranges
                0x00000b08       0x60 Src/stm32l4xx_it.o
 .debug_aranges
                0x00000b68       0x28 Src/system_stm32l4xx.o
 .debug_aranges
                0x00000b90       0x58 Src/ymodem.o
 .debug_aranges
                0x00000be8       0x28 startup/startup_stm32l476xx.o

.debug_ranges   0x00000000      0xba0
 .debug_ranges  0x00000000      0x120 Drivers/STM32L4xx_HAL_Driver/Src/stm32l4xx_hal.o
 .debug_ranges  0x00000120       0xf8 Drivers/STM32L4xx_HAL_Driver/Src/stm32l4xx_hal_cortex.o
 .debug_ranges  0x00000218       0x50 Drivers/STM32L4xx_HAL_Driver/Src/stm32l4xx_hal_crc.o
 .debug_ranges  0x00000268       0x20 Drivers/STM32L4xx_HAL_Driver/Src/stm32l4xx_hal_crc_ex.o
 .debug_ranges  0x00000288       0x78 Drivers/STM32L4xx_HAL_Driver/Src/stm32l4xx_hal_flash.o
 .debug_ranges  0x00000300       0x80 Drivers/STM32L4xx_HAL_Driver/Src/stm32l4xx_hal_flash_ex.o
 .debug_ranges  0x00000380       0x48 Drivers/STM32L4xx_HAL_Driver/Src/stm32l4xx_hal_gpio.o
 .debug_ranges  0x000003c8      0x138 Drivers/STM32L4xx_HAL_Driver/Src/stm32l4xx_hal_pwr_ex.o
 .debug_ranges  0x00000500       0x90 Drivers/STM32L4xx_HAL_Driver/Src/stm32l4xx_hal_rcc.o
 .debug_ranges  0x00000590       0xd0 Drivers/STM32L4xx_HAL_Driver/Src/stm32l4xx_hal_rcc_ex.o
 .debug_ranges  0x00000660      0x1e8 Drivers/STM32L4xx_HAL_Driver/Src/stm32l4xx_hal_uart.o
 .debug_ranges  0x00000848       0x28 Src/KeyMng.o
 .debug_ranges  0x00000870       0xa8 Src/aes.o
 .debug_ranges  0x00000918       0xd0 Src/cmac.o
 .debug_ranges  0x000009e8       0x28 Src/common.o
 .debug_ranges  0x00000a10       0x38 Src/flash_if.o
 .debug_ranges  0x00000a48       0x38 Src/main.o
 .debug_ranges  0x00000a80       0x20 Src/menu.o
 .debug_ranges  0x00000aa0       0x30 Src/stm32l4xx_hal_msp.o
 .debug_ranges  0x00000ad0       0x50 Src/stm32l4xx_it.o
 .debug_ranges  0x00000b20       0x18 Src/system_stm32l4xx.o
 .debug_ranges  0x00000b38       0x48 Src/ymodem.o
 .debug_ranges  0x00000b80       0x20 startup/startup_stm32l476xx.o

.debug_macro    0x00000000    0x26db3
 .debug_macro   0x00000000      0x237 Drivers/STM32L4xx_HAL_Driver/Src/stm32l4xx_hal.o
 .debug_macro   0x00000237      0xa60 Drivers/STM32L4xx_HAL_Driver/Src/stm32l4xx_hal.o
 .debug_macro   0x00000c97       0xc0 Drivers/STM32L4xx_HAL_Driver/Src/stm32l4xx_hal.o
 .debug_macro   0x00000d57       0x2e Drivers/STM32L4xx_HAL_Driver/Src/stm32l4xx_hal.o
 .debug_macro   0x00000d85       0x28 Drivers/STM32L4xx_HAL_Driver/Src/stm32l4xx_hal.o
 .debug_macro   0x00000dad       0x22 Drivers/STM32L4xx_HAL_Driver/Src/stm32l4xx_hal.o
 .debug_macro   0x00000dcf       0x8e Drivers/STM32L4xx_HAL_Driver/Src/stm32l4xx_hal.o
 .debug_macro   0x00000e5d       0x51 Drivers/STM32L4xx_HAL_Driver/Src/stm32l4xx_hal.o
 .debug_macro   0x00000eae       0xef Drivers/STM32L4xx_HAL_Driver/Src/stm32l4xx_hal.o
 .debug_macro   0x00000f9d       0x6a Drivers/STM32L4xx_HAL_Driver/Src/stm32l4xx_hal.o
 .debug_macro   0x00001007      0x1df Drivers/STM32L4xx_HAL_Driver/Src/stm32l4xx_hal.o
 .debug_macro   0x000011e6       0x1c Drivers/STM32L4xx_HAL_Driver/Src/stm32l4xx_hal.o
 .debug_macro   0x00001202       0x22 Drivers/STM32L4xx_HAL_Driver/Src/stm32l4xx_hal.o
 .debug_macro   0x00001224       0xdf Drivers/STM32L4xx_HAL_Driver/Src/stm32l4xx_hal.o
 .debug_macro   0x00001303     0x102d Drivers/STM32L4xx_HAL_Driver/Src/stm32l4xx_hal.o
 .debug_macro   0x00002330      0x11f Drivers/STM32L4xx_HAL_Driver/Src/stm32l4xx_hal.o
 .debug_macro   0x0000244f    0x1a11f Drivers/STM32L4xx_HAL_Driver/Src/stm32l4xx_hal.o
 .debug_macro   0x0001c56e       0x43 Drivers/STM32L4xx_HAL_Driver/Src/stm32l4xx_hal.o
 .debug_macro   0x0001c5b1     0x3820 Drivers/STM32L4xx_HAL_Driver/Src/stm32l4xx_hal.o
 .debug_macro   0x0001fdd1      0x174 Drivers/STM32L4xx_HAL_Driver/Src/stm32l4xx_hal.o
 .debug_macro   0x0001ff45       0x4e Drivers/STM32L4xx_HAL_Driver/Src/stm32l4xx_hal.o
 .debug_macro   0x0001ff93     0x155f Drivers/STM32L4xx_HAL_Driver/Src/stm32l4xx_hal.o
 .debug_macro   0x000214f2      0x59e Drivers/STM32L4xx_HAL_Driver/Src/stm32l4xx_hal.o
 .debug_macro   0x00021a90      0x241 Drivers/STM32L4xx_HAL_Driver/Src/stm32l4xx_hal.o
 .debug_macro   0x00021cd1      0x13d Drivers/STM32L4xx_HAL_Driver/Src/stm32l4xx_hal.o
 .debug_macro   0x00021e0e      0x18b Drivers/STM32L4xx_HAL_Driver/Src/stm32l4xx_hal.o
 .debug_macro   0x00021f99      0x26b Drivers/STM32L4xx_HAL_Driver/Src/stm32l4xx_hal.o
 .debug_macro   0x00022204      0x236 Drivers/STM32L4xx_HAL_Driver/Src/stm32l4xx_hal.o
 .debug_macro   0x0002243a       0xd5 Drivers/STM32L4xx_HAL_Driver/Src/stm32l4xx_hal.o
 .debug_macro   0x0002250f       0x4c Drivers/STM32L4xx_HAL_Driver/Src/stm32l4xx_hal.o
 .debug_macro   0x0002255b      0x36e Drivers/STM32L4xx_HAL_Driver/Src/stm32l4xx_hal.o
 .debug_macro   0x000228c9       0xe4 Drivers/STM32L4xx_HAL_Driver/Src/stm32l4xx_hal.o
 .debug_macro   0x000229ad      0x22c Drivers/STM32L4xx_HAL_Driver/Src/stm32l4xx_hal.o
 .debug_macro   0x00022bd9       0x5e Drivers/STM32L4xx_HAL_Driver/Src/stm32l4xx_hal.o
 .debug_macro   0x00022c37       0xa5 Drivers/STM32L4xx_HAL_Driver/Src/stm32l4xx_hal.o
 .debug_macro   0x00022cdc      0x122 Drivers/STM32L4xx_HAL_Driver/Src/stm32l4xx_hal.o
 .debug_macro   0x00022dfe      0x3d4 Drivers/STM32L4xx_HAL_Driver/Src/stm32l4xx_hal.o
 .debug_macro   0x000231d2      0x57b Drivers/STM32L4xx_HAL_Driver/Src/stm32l4xx_hal.o
 .debug_macro   0x0002374d       0x44 Drivers/STM32L4xx_HAL_Driver/Src/stm32l4xx_hal.o
 .debug_macro   0x00023791      0x349 Drivers/STM32L4xx_HAL_Driver/Src/stm32l4xx_hal.o
 .debug_macro   0x00023ada      0x1e9 Drivers/STM32L4xx_HAL_Driver/Src/stm32l4xx_hal_cortex.o
 .debug_macro   0x00023cc3      0x1e9 Drivers/STM32L4xx_HAL_Driver/Src/stm32l4xx_hal_crc.o
 .debug_macro   0x00023eac      0x1e9 Drivers/STM32L4xx_HAL_Driver/Src/stm32l4xx_hal_crc_ex.o
 .debug_macro   0x00024095      0x1ef Drivers/STM32L4xx_HAL_Driver/Src/stm32l4xx_hal_flash.o
 .debug_macro   0x00024284      0x1e9 Drivers/STM32L4xx_HAL_Driver/Src/stm32l4xx_hal_flash_ex.o
 .debug_macro   0x0002446d      0x228 Drivers/STM32L4xx_HAL_Driver/Src/stm32l4xx_hal_gpio.o
 .debug_macro   0x00024695      0x20d Drivers/STM32L4xx_HAL_Driver/Src/stm32l4xx_hal_pwr_ex.o
 .debug_macro   0x000248a2      0x22b Drivers/STM32L4xx_HAL_Driver/Src/stm32l4xx_hal_rcc.o
 .debug_macro   0x00024acd      0x21f Drivers/STM32L4xx_HAL_Driver/Src/stm32l4xx_hal_rcc_ex.o
 .debug_macro   0x00024cec      0x214 Drivers/STM32L4xx_HAL_Driver/Src/stm32l4xx_hal_uart.o
 .debug_macro   0x00024f00      0x201 Src/KeyMng.o
 .debug_macro   0x00025101       0x2e Src/KeyMng.o
 .debug_macro   0x0002512f       0x22 Src/KeyMng.o
 .debug_macro   0x00025151      0x15a Src/aes.o
 .debug_macro   0x000252ab      0x330 Src/aes.o
 .debug_macro   0x000255db      0x2f7 Src/cmac.o
 .debug_macro   0x000258d2       0x2e Src/cmac.o
 .debug_macro   0x00025900       0x34 Src/cmac.o
 .debug_macro   0x00025934       0x9a Src/cmac.o
 .debug_macro   0x000259ce      0x1e1 Src/cmac.o
 .debug_macro   0x00025baf      0x21e Src/common.o
 .debug_macro   0x00025dcd       0x40 Src/common.o
 .debug_macro   0x00025e0d      0x20a Src/flash_if.o
 .debug_macro   0x00026017      0x213 Src/main.o
 .debug_macro   0x0002622a      0x240 Src/menu.o
 .debug_macro   0x0002646a       0x46 Src/menu.o
 .debug_macro   0x000264b0      0x20f Src/stm32l4xx_hal_msp.o
 .debug_macro   0x000266bf      0x219 Src/stm32l4xx_it.o
 .debug_macro   0x000268d8      0x1ef Src/system_stm32l4xx.o
 .debug_macro   0x00026ac7      0x2ec Src/ymodem.o

.debug_line     0x00000000     0xc575
 .debug_line    0x00000000      0x952 Drivers/STM32L4xx_HAL_Driver/Src/stm32l4xx_hal.o
 .debug_line    0x00000952      0x900 Drivers/STM32L4xx_HAL_Driver/Src/stm32l4xx_hal_cortex.o
 .debug_line    0x00001252      0x82c Drivers/STM32L4xx_HAL_Driver/Src/stm32l4xx_hal_crc.o
 .debug_line    0x00001a7e      0x707 Drivers/STM32L4xx_HAL_Driver/Src/stm32l4xx_hal_crc_ex.o
 .debug_line    0x00002185      0x8d3 Drivers/STM32L4xx_HAL_Driver/Src/stm32l4xx_hal_flash.o
 .debug_line    0x00002a58      0x980 Drivers/STM32L4xx_HAL_Driver/Src/stm32l4xx_hal_flash_ex.o
 .debug_line    0x000033d8      0x82c Drivers/STM32L4xx_HAL_Driver/Src/stm32l4xx_hal_gpio.o
 .debug_line    0x00003c04      0xb07 Drivers/STM32L4xx_HAL_Driver/Src/stm32l4xx_hal_pwr_ex.o
 .debug_line    0x0000470b      0xa44 Drivers/STM32L4xx_HAL_Driver/Src/stm32l4xx_hal_rcc.o
 .debug_line    0x0000514f      0xca8 Drivers/STM32L4xx_HAL_Driver/Src/stm32l4xx_hal_rcc_ex.o
 .debug_line    0x00005df7     0x124f Drivers/STM32L4xx_HAL_Driver/Src/stm32l4xx_hal_uart.o
 .debug_line    0x00007046      0x735 Src/KeyMng.o
 .debug_line    0x0000777b      0x6cf Src/aes.o
 .debug_line    0x00007e4a      0x91b Src/cmac.o
 .debug_line    0x00008765      0x7a7 Src/common.o
 .debug_line    0x00008f0c      0x7aa Src/flash_if.o
 .debug_line    0x000096b6      0x763 Src/main.o
 .debug_line    0x00009e19      0x777 Src/menu.o
 .debug_line    0x0000a590      0x733 Src/stm32l4xx_hal_msp.o
 .debug_line    0x0000acc3      0x75f Src/stm32l4xx_it.o
 .debug_line    0x0000b422      0x6e3 Src/system_stm32l4xx.o
 .debug_line    0x0000bb05      0x9f2 Src/ymodem.o
 .debug_line    0x0000c4f7       0x7e startup/startup_stm32l476xx.o

.debug_str      0x00000000    0xe9aa2
 .debug_str     0x00000000    0xe29a9 Drivers/STM32L4xx_HAL_Driver/Src/stm32l4xx_hal.o
                              0xe2df1 (size before relaxing)
 .debug_str     0x000e29a9      0x3a1 Drivers/STM32L4xx_HAL_Driver/Src/stm32l4xx_hal_cortex.o
                              0xe2b28 (size before relaxing)
 .debug_str     0x000e2d4a      0x24c Drivers/STM32L4xx_HAL_Driver/Src/stm32l4xx_hal_crc.o
                              0xe2384 (size before relaxing)
 .debug_str     0x000e2f96       0x69 Drivers/STM32L4xx_HAL_Driver/Src/stm32l4xx_hal_crc_ex.o
                              0xe233e (size before relaxing)
 .debug_str     0x000e2fff      0x2c1 Drivers/STM32L4xx_HAL_Driver/Src/stm32l4xx_hal_flash.o
                              0xe240b (size before relaxing)
 .debug_str     0x000e32c0      0x272 Drivers/STM32L4xx_HAL_Driver/Src/stm32l4xx_hal_flash_ex.o
                              0xe247b (size before relaxing)
 .debug_str     0x000e3532      0x2b6 Drivers/STM32L4xx_HAL_Driver/Src/stm32l4xx_hal_gpio.o
                              0xe2554 (size before relaxing)
 .debug_str     0x000e37e8      0x49b Drivers/STM32L4xx_HAL_Driver/Src/stm32l4xx_hal_pwr_ex.o
                              0xe27d7 (size before relaxing)
 .debug_str     0x000e3c83      0x4c6 Drivers/STM32L4xx_HAL_Driver/Src/stm32l4xx_hal_rcc.o
                              0xe28d8 (size before relaxing)
 .debug_str     0x000e4149      0x633 Drivers/STM32L4xx_HAL_Driver/Src/stm32l4xx_hal_rcc_ex.o
                              0xe2ab7 (size before relaxing)
 .debug_str     0x000e477c      0xb8b Drivers/STM32L4xx_HAL_Driver/Src/stm32l4xx_hal_uart.o
                              0xe2ed7 (size before relaxing)
 .debug_str     0x000e5307      0x436 Src/KeyMng.o
                              0xe251b (size before relaxing)
 .debug_str     0x000e573d     0x2dcc Src/aes.o
                               0x6daa (size before relaxing)
 .debug_str     0x000e8509      0xccb Src/cmac.o
                              0xe605e (size before relaxing)
 .debug_str     0x000e91d4      0x22d Src/common.o
                              0xe2ce8 (size before relaxing)
 .debug_str     0x000e9401      0x24c Src/flash_if.o
                              0xe26da (size before relaxing)
 .debug_str     0x000e964d       0x95 Src/main.o
                              0xe3123 (size before relaxing)
 .debug_str     0x000e96e2       0xc3 Src/menu.o
                              0xe2eb6 (size before relaxing)
 .debug_str     0x000e97a5       0x1b Src/stm32l4xx_hal_msp.o
                              0xe2c6e (size before relaxing)
 .debug_str     0x000e97c0       0xb8 Src/stm32l4xx_it.o
                              0xe2b20 (size before relaxing)
 .debug_str     0x000e9878       0x50 Src/system_stm32l4xx.o
                              0xe22d0 (size before relaxing)
 .debug_str     0x000e98c8      0x1ab Src/ymodem.o
                              0xe5ada (size before relaxing)
 .debug_str     0x000e9a73       0x2f startup/startup_stm32l476xx.o
                                 0x4c (size before relaxing)

.comment        0x00000000       0x7f
 .comment       0x00000000       0x7f Drivers/STM32L4xx_HAL_Driver/Src/stm32l4xx_hal.o
                                 0x80 (size before relaxing)
 .comment       0x0000007f       0x80 Drivers/STM32L4xx_HAL_Driver/Src/stm32l4xx_hal_cortex.o
 .comment       0x0000007f       0x80 Drivers/STM32L4xx_HAL_Driver/Src/stm32l4xx_hal_crc.o
 .comment       0x0000007f       0x80 Drivers/STM32L4xx_HAL_Driver/Src/stm32l4xx_hal_crc_ex.o
 .comment       0x0000007f       0x80 Drivers/STM32L4xx_HAL_Driver/Src/stm32l4xx_hal_flash.o
 .comment       0x0000007f       0x80 Drivers/STM32L4xx_HAL_Driver/Src/stm32l4xx_hal_flash_ex.o
 .comment       0x0000007f       0x80 Drivers/STM32L4xx_HAL_Driver/Src/stm32l4xx_hal_gpio.o
 .comment       0x0000007f       0x80 Drivers/STM32L4xx_HAL_Driver/Src/stm32l4xx_hal_pwr_ex.o
 .comment       0x0000007f       0x80 Drivers/STM32L4xx_HAL_Driver/Src/stm32l4xx_hal_rcc.o
 .comment       0x0000007f       0x80 Drivers/STM32L4xx_HAL_Driver/Src/stm32l4xx_hal_rcc_ex.o
 .comment       0x0000007f       0x80 Drivers/STM32L4xx_HAL_Driver/Src/stm32l4xx_hal_uart.o
 .comment       0x0000007f       0x80 Src/KeyMng.o
 .comment       0x0000007f       0x80 Src/aes.o
 .comment       0x0000007f       0x80 Src/cmac.o
 .comment       0x0000007f       0x80 Src/common.o
 .comment       0x0000007f       0x80 Src/flash_if.o
 .comment       0x0000007f       0x80 Src/main.o
 .comment       0x0000007f       0x80 Src/menu.o
 .comment       0x0000007f       0x80 Src/stm32l4xx_hal_msp.o
 .comment       0x0000007f       0x80 Src/stm32l4xx_it.o
 .comment       0x0000007f       0x80 Src/system_stm32l4xx.o
 .comment       0x0000007f       0x80 Src/ymodem.o

.debug_frame    0x00000000     0x2068
 .debug_frame   0x00000000      0x278 Drivers/STM32L4xx_HAL_Driver/Src/stm32l4xx_hal.o
 .debug_frame   0x00000278      0x15c Drivers/STM32L4xx_HAL_Driver/Src/stm32l4xx_hal_cortex.o
 .debug_frame   0x000003d4      0x108 Drivers/STM32L4xx_HAL_Driver/Src/stm32l4xx_hal_crc.o
 .debug_frame   0x000004dc       0x50 Drivers/STM32L4xx_HAL_Driver/Src/stm32l4xx_hal_crc_ex.o
 .debug_frame   0x0000052c      0x140 Drivers/STM32L4xx_HAL_Driver/Src/stm32l4xx_hal_flash.o
 .debug_frame   0x0000066c      0x170 Drivers/STM32L4xx_HAL_Driver/Src/stm32l4xx_hal_flash_ex.o
 .debug_frame   0x000007dc       0xd8 Drivers/STM32L4xx_HAL_Driver/Src/stm32l4xx_hal_gpio.o
 .debug_frame   0x000008b4      0x278 Drivers/STM32L4xx_HAL_Driver/Src/stm32l4xx_hal_pwr_ex.o
 .debug_frame   0x00000b2c      0x18c Drivers/STM32L4xx_HAL_Driver/Src/stm32l4xx_hal_rcc.o
 .debug_frame   0x00000cb8      0x204 Drivers/STM32L4xx_HAL_Driver/Src/stm32l4xx_hal_rcc_ex.o
 .debug_frame   0x00000ebc      0x57c Drivers/STM32L4xx_HAL_Driver/Src/stm32l4xx_hal_uart.o
 .debug_frame   0x00001438       0x7c Src/KeyMng.o
 .debug_frame   0x000014b4      0x25c Src/aes.o
 .debug_frame   0x00001710      0x1a0 Src/cmac.o
 .debug_frame   0x000018b0       0x88 Src/common.o
 .debug_frame   0x00001938       0xc0 Src/flash_if.o
 .debug_frame   0x000019f8       0xa8 Src/main.o
 .debug_frame   0x00001aa0       0x68 Src/menu.o
 .debug_frame   0x00001b08       0x88 Src/stm32l4xx_hal_msp.o
 .debug_frame   0x00001b90       0xa8 Src/stm32l4xx_it.o
 .debug_frame   0x00001c38       0x30 Src/system_stm32l4xx.o
 .debug_frame   0x00001c68      0x114 Src/ymodem.o
 .debug_frame   0x00001d7c       0x30 c:/ac6/systemworkbench/plugins/fr.ac6.mcu.externaltools.arm-none.win32_1.17.0.201812190825/tools/compiler/bin/../lib/gcc/arm-none-eabi/7.3.1/../../../../arm-none-eabi/lib/thumb/v7e-m/fpv4-sp/hard\libm.a(lib_a-s_ceil.o)
 .debug_frame   0x00001dac       0xac c:/ac6/systemworkbench/plugins/fr.ac6.mcu.externaltools.arm-none.win32_1.17.0.201812190825/tools/compiler/bin/../lib/gcc/arm-none-eabi/7.3.1/thumb/v7e-m/fpv4-sp/hard\libgcc.a(_arm_addsubdf3.o)
 .debug_frame   0x00001e58       0x50 c:/ac6/systemworkbench/plugins/fr.ac6.mcu.externaltools.arm-none.win32_1.17.0.201812190825/tools/compiler/bin/../lib/gcc/arm-none-eabi/7.3.1/thumb/v7e-m/fpv4-sp/hard\libgcc.a(_arm_muldivdf3.o)
 .debug_frame   0x00001ea8       0xc4 c:/ac6/systemworkbench/plugins/fr.ac6.mcu.externaltools.arm-none.win32_1.17.0.201812190825/tools/compiler/bin/../lib/gcc/arm-none-eabi/7.3.1/thumb/v7e-m/fpv4-sp/hard\libgcc.a(_arm_cmpdf2.o)
 .debug_frame   0x00001f6c       0x24 c:/ac6/systemworkbench/plugins/fr.ac6.mcu.externaltools.arm-none.win32_1.17.0.201812190825/tools/compiler/bin/../lib/gcc/arm-none-eabi/7.3.1/thumb/v7e-m/fpv4-sp/hard\libgcc.a(_arm_fixunsdfsi.o)
 .debug_frame   0x00001f90       0x2c c:/ac6/systemworkbench/plugins/fr.ac6.mcu.externaltools.arm-none.win32_1.17.0.201812190825/tools/compiler/bin/../lib/gcc/arm-none-eabi/7.3.1/thumb/v7e-m/fpv4-sp/hard\libgcc.a(_aeabi_uldivmod.o)
 .debug_frame   0x00001fbc       0x34 c:/ac6/systemworkbench/plugins/fr.ac6.mcu.externaltools.arm-none.win32_1.17.0.201812190825/tools/compiler/bin/../lib/gcc/arm-none-eabi/7.3.1/thumb/v7e-m/fpv4-sp/hard\libgcc.a(_udivmoddi4.o)
 .debug_frame   0x00001ff0       0x2c c:/ac6/systemworkbench/plugins/fr.ac6.mcu.externaltools.arm-none.win32_1.17.0.201812190825/tools/compiler/bin/../lib/gcc/arm-none-eabi/7.3.1/../../../../arm-none-eabi/lib/thumb/v7e-m/fpv4-sp/hard\libc_nano.a(lib_a-init.o)
 .debug_frame   0x0000201c       0x2c c:/ac6/systemworkbench/plugins/fr.ac6.mcu.externaltools.arm-none.win32_1.17.0.201812190825/tools/compiler/bin/../lib/gcc/arm-none-eabi/7.3.1/../../../../arm-none-eabi/lib/thumb/v7e-m/fpv4-sp/hard\libc_nano.a(lib_a-memcmp.o)
 .debug_frame   0x00002048       0x20 c:/ac6/systemworkbench/plugins/fr.ac6.mcu.externaltools.arm-none.win32_1.17.0.201812190825/tools/compiler/bin/../lib/gcc/arm-none-eabi/7.3.1/../../../../arm-none-eabi/lib/thumb/v7e-m/fpv4-sp/hard\libc_nano.a(lib_a-memset.o)
