15:00:16 **** Incremental Build of configuration Debug for project DEMO1 ****
make all 
make: Nothing to be done for 'all'.
15:00:19 **** Incremental Build of configuration Debug for project DEMO1 ****
make all 
make: Nothing to be done for 'all'.
15:06:36 **** Incremental Build of configuration Debug for project DEMO1 ****
make all 
Building file: ../Src/cmac.c
Invoking: MCU GCC Compiler
C:\Git\SFBL_Tuan\DEMO1\Debug
arm-none-eabi-gcc -mcpu=cortex-m4 -mthumb -mfloat-abi=hard -mfpu=fpv4-sp-d16 '-D__weak=__attribute__((weak))' '-D__packed=__attribute__((__packed__))' -DUSE_HAL_DRIVER -DSTM32L476xx -I"C:/Git/SFBL_Tuan/DEMO1/Inc" -I"C:/Git/SFBL_Tuan/DEMO1/Drivers/STM32L4xx_HAL_Driver/Inc" -I"C:/Git/SFBL_Tuan/DEMO1/Drivers/STM32L4xx_HAL_Driver/Inc/Legacy" -I"C:/Git/SFBL_Tuan/DEMO1/Drivers/CMSIS/Device/ST/STM32L4xx/Include" -I"C:/Git/SFBL_Tuan/DEMO1/Drivers/CMSIS/Include"  -Og -g3 -Wall -fmessage-length=0 -ffunction-sections -c -fmessage-length=0 -MMD -MP -MF"Src/cmac.d" -MT"Src/cmac.o" -o "Src/cmac.o" "../Src/cmac.c"
Finished building: ../Src/cmac.c
 
Building target: DEMO1.elf
Invoking: MCU GCC Linker
arm-none-eabi-gcc -mcpu=cortex-m4 -mthumb -mfloat-abi=hard -mfpu=fpv4-sp-d16 -specs=nosys.specs -specs=nano.specs -T"../STM32L476VGTx_FLASH.ld" -Wl,-Map=output.map -Wl,--gc-sections -o "DEMO1.elf" @"objects.list"   -lm
Finished building target: DEMO1.elf
 
make --no-print-directory post-build
Generating hex and Printing size information:
arm-none-eabi-objcopy -O ihex "DEMO1.elf" "DEMO1.hex"
arm-none-eabi-size "DEMO1.elf"
   text	   data	    bss	    dec	    hex	filename
  19704	     80	   2944	  22728	   58c8	DEMO1.elf
 
15:22:51 **** Incremental Build of configuration Debug for project DEMO1 ****
make all 
Building file: ../Src/cmac.c
Invoking: MCU GCC Compiler
C:\Git\SFBL_Tuan\DEMO1\Debug
arm-none-eabi-gcc -mcpu=cortex-m4 -mthumb -mfloat-abi=hard -mfpu=fpv4-sp-d16 '-D__weak=__attribute__((weak))' '-D__packed=__attribute__((__packed__))' -DUSE_HAL_DRIVER -DSTM32L476xx -I"C:/Git/SFBL_Tuan/DEMO1/Inc" -I"C:/Git/SFBL_Tuan/DEMO1/Drivers/STM32L4xx_HAL_Driver/Inc" -I"C:/Git/SFBL_Tuan/DEMO1/Drivers/STM32L4xx_HAL_Driver/Inc/Legacy" -I"C:/Git/SFBL_Tuan/DEMO1/Drivers/CMSIS/Device/ST/STM32L4xx/Include" -I"C:/Git/SFBL_Tuan/DEMO1/Drivers/CMSIS/Include"  -Og -g3 -Wall -fmessage-length=0 -ffunction-sections -c -fmessage-length=0 -MMD -MP -MF"Src/cmac.d" -MT"Src/cmac.o" -o "Src/cmac.o" "../Src/cmac.c"
Finished building: ../Src/cmac.c
 
Building file: ../Src/main.c
Invoking: MCU GCC Compiler
C:\Git\SFBL_Tuan\DEMO1\Debug
arm-none-eabi-gcc -mcpu=cortex-m4 -mthumb -mfloat-abi=hard -mfpu=fpv4-sp-d16 '-D__weak=__attribute__((weak))' '-D__packed=__attribute__((__packed__))' -DUSE_HAL_DRIVER -DSTM32L476xx -I"C:/Git/SFBL_Tuan/DEMO1/Inc" -I"C:/Git/SFBL_Tuan/DEMO1/Drivers/STM32L4xx_HAL_Driver/Inc" -I"C:/Git/SFBL_Tuan/DEMO1/Drivers/STM32L4xx_HAL_Driver/Inc/Legacy" -I"C:/Git/SFBL_Tuan/DEMO1/Drivers/CMSIS/Device/ST/STM32L4xx/Include" -I"C:/Git/SFBL_Tuan/DEMO1/Drivers/CMSIS/Include"  -Og -g3 -Wall -fmessage-length=0 -ffunction-sections -c -fmessage-length=0 -MMD -MP -MF"Src/main.d" -MT"Src/main.o" -o "Src/main.o" "../Src/main.c"
Finished building: ../Src/main.c
 
Building target: DEMO1.elf
Invoking: MCU GCC Linker
arm-none-eabi-gcc -mcpu=cortex-m4 -mthumb -mfloat-abi=hard -mfpu=fpv4-sp-d16 -specs=nosys.specs -specs=nano.specs -T"../STM32L476VGTx_FLASH.ld" -Wl,-Map=output.map -Wl,--gc-sections -o "DEMO1.elf" @"objects.list"   -lm
Finished building target: DEMO1.elf
 
make --no-print-directory post-build
Generating hex and Printing size information:
arm-none-eabi-objcopy -O ihex "DEMO1.elf" "DEMO1.hex"
arm-none-eabi-size "DEMO1.elf"
   text	   data	    bss	    dec	    hex	filename
  19728	     80	   2944	  22752	   58e0	DEMO1.elf
 
15:22:55 **** Incremental Build of configuration Debug for project LED_LINK ****
make all 
make: Nothing to be done for 'all'.
15:26:48 **** Incremental Build of configuration Debug for project DEMO1 ****
make all 
make: Nothing to be done for 'all'.
15:29:03 **** Incremental Build of configuration Debug for project LED_LINK ****
make all 
Building file: ../Src/main.c
Invoking: MCU GCC Compiler
C:\Git\SFBL_Tuan\LED_LINK\Debug
arm-none-eabi-gcc -mcpu=cortex-m4 -mthumb -mfloat-abi=hard -mfpu=fpv4-sp-d16 '-D__weak=__attribute__((weak))' '-D__packed=__attribute__((__packed__))' -DUSE_HAL_DRIVER -DSTM32L476xx -I"C:/Git/SFBL_Tuan/LED_LINK/Inc" -I"C:/Git/SFBL_Tuan/LED_LINK/Drivers/STM32L4xx_HAL_Driver/Inc" -I"C:/Git/SFBL_Tuan/LED_LINK/Drivers/STM32L4xx_HAL_Driver/Inc/Legacy" -I"C:/Git/SFBL_Tuan/LED_LINK/Drivers/CMSIS/Device/ST/STM32L4xx/Include" -I"C:/Git/SFBL_Tuan/LED_LINK/Drivers/CMSIS/Include"  -Og -g3 -Wall -fmessage-length=0 -ffunction-sections -c -fmessage-length=0 -MMD -MP -MF"Src/main.d" -MT"Src/main.o" -o "Src/main.o" "../Src/main.c"
Finished building: ../Src/main.c
 
Building target: LED_LINK.elf
Invoking: MCU GCC Linker
arm-none-eabi-gcc -mcpu=cortex-m4 -mthumb -mfloat-abi=hard -mfpu=fpv4-sp-d16 -specs=nosys.specs -specs=nano.specs -T"../STM32L476VGTx_FLASH.ld" -Wl,-Map=output.map -Wl,--gc-sections -o "LED_LINK.elf" @"objects.list"   -lm
Finished building target: LED_LINK.elf
 
make --no-print-directory post-build
Generating hex and Printing size information:
arm-none-eabi-objcopy -O binary "LED_LINK.elf" "LED_LINK.bin"
arm-none-eabi-objcopy -O ihex "LED_LINK.elf" "LED_LINK.hex"
arm-none-eabi-size "LED_LINK.elf"
   text	   data	    bss	    dec	    hex	filename
   6176	     52	   1576	   7804	   1e7c	LED_LINK.elf
 
15:29:32 **** Incremental Build of configuration Debug for project DEMO1 ****
make all 
make: Nothing to be done for 'all'.
