###############################################################################
#
# IAR ELF Linker V7.40.1.8447/W32 for ARM                 08/Apr/2015  17:26:22
# Copyright 2007-2015 IAR Systems AB.
#
#    Output file  =  
#        C:\Users\jaroslav
#        houdek\Documents\AN4657-STM32L0_IAP_using_UART\Projects\STM3210C_EVAL\IAP_Binary_Template\EWARM\STM3210C_EVAL\Exe\Project.out
#    Map file     =  
#        C:\Users\jaroslav
#        houdek\Documents\AN4657-STM32L0_IAP_using_UART\Projects\STM3210C_EVAL\IAP_Binary_Template\EWARM\STM3210C_EVAL\List\Project.map
#    Command line =  
#        "C:\Users\jaroslav
#        houdek\Documents\AN4657-STM32L0_IAP_using_UART\Projects\STM3210C_EVAL\IAP_Binary_Template\EWARM\STM3210C_EVAL\Obj\main.o"
#        "C:\Users\jaroslav
#        houdek\Documents\AN4657-STM32L0_IAP_using_UART\Projects\STM3210C_EVAL\IAP_Binary_Template\EWARM\STM3210C_EVAL\Obj\startup_stm32f107xc.o"
#        "C:\Users\jaroslav
#        houdek\Documents\AN4657-STM32L0_IAP_using_UART\Projects\STM3210C_EVAL\IAP_Binary_Template\EWARM\STM3210C_EVAL\Obj\stm3210c_eval.o"
#        "C:\Users\jaroslav
#        houdek\Documents\AN4657-STM32L0_IAP_using_UART\Projects\STM3210C_EVAL\IAP_Binary_Template\EWARM\STM3210C_EVAL\Obj\stm32f1xx_hal.o"
#        "C:\Users\jaroslav
#        houdek\Documents\AN4657-STM32L0_IAP_using_UART\Projects\STM3210C_EVAL\IAP_Binary_Template\EWARM\STM3210C_EVAL\Obj\stm32f1xx_hal_cortex.o"
#        "C:\Users\jaroslav
#        houdek\Documents\AN4657-STM32L0_IAP_using_UART\Projects\STM3210C_EVAL\IAP_Binary_Template\EWARM\STM3210C_EVAL\Obj\stm32f1xx_hal_dma.o"
#        "C:\Users\jaroslav
#        houdek\Documents\AN4657-STM32L0_IAP_using_UART\Projects\STM3210C_EVAL\IAP_Binary_Template\EWARM\STM3210C_EVAL\Obj\stm32f1xx_hal_flash.o"
#        "C:\Users\jaroslav
#        houdek\Documents\AN4657-STM32L0_IAP_using_UART\Projects\STM3210C_EVAL\IAP_Binary_Template\EWARM\STM3210C_EVAL\Obj\stm32f1xx_hal_flash_ex.o"
#        "C:\Users\jaroslav
#        houdek\Documents\AN4657-STM32L0_IAP_using_UART\Projects\STM3210C_EVAL\IAP_Binary_Template\EWARM\STM3210C_EVAL\Obj\stm32f1xx_hal_gpio.o"
#        "C:\Users\jaroslav
#        houdek\Documents\AN4657-STM32L0_IAP_using_UART\Projects\STM3210C_EVAL\IAP_Binary_Template\EWARM\STM3210C_EVAL\Obj\stm32f1xx_hal_gpio_ex.o"
#        "C:\Users\jaroslav
#        houdek\Documents\AN4657-STM32L0_IAP_using_UART\Projects\STM3210C_EVAL\IAP_Binary_Template\EWARM\STM3210C_EVAL\Obj\stm32f1xx_hal_pwr.o"
#        "C:\Users\jaroslav
#        houdek\Documents\AN4657-STM32L0_IAP_using_UART\Projects\STM3210C_EVAL\IAP_Binary_Template\EWARM\STM3210C_EVAL\Obj\stm32f1xx_hal_rcc.o"
#        "C:\Users\jaroslav
#        houdek\Documents\AN4657-STM32L0_IAP_using_UART\Projects\STM3210C_EVAL\IAP_Binary_Template\EWARM\STM3210C_EVAL\Obj\stm32f1xx_hal_rcc_ex.o"
#        "C:\Users\jaroslav
#        houdek\Documents\AN4657-STM32L0_IAP_using_UART\Projects\STM3210C_EVAL\IAP_Binary_Template\EWARM\STM3210C_EVAL\Obj\stm32f1xx_hal_uart.o"
#        "C:\Users\jaroslav
#        houdek\Documents\AN4657-STM32L0_IAP_using_UART\Projects\STM3210C_EVAL\IAP_Binary_Template\EWARM\STM3210C_EVAL\Obj\stm32f1xx_it.o"
#        "C:\Users\jaroslav
#        houdek\Documents\AN4657-STM32L0_IAP_using_UART\Projects\STM3210C_EVAL\IAP_Binary_Template\EWARM\STM3210C_EVAL\Obj\system_stm32f1xx.o"
#        --redirect _Printf=_PrintfSmall --redirect _Scanf=_ScanfSmall -o
#        "C:\Users\jaroslav
#        houdek\Documents\AN4657-STM32L0_IAP_using_UART\Projects\STM3210C_EVAL\IAP_Binary_Template\EWARM\STM3210C_EVAL\Exe\Project.out"
#        --map "C:\Users\jaroslav
#        houdek\Documents\AN4657-STM32L0_IAP_using_UART\Projects\STM3210C_EVAL\IAP_Binary_Template\EWARM\STM3210C_EVAL\List\Project.map"
#        --config "C:\Users\jaroslav
#        houdek\Documents\AN4657-STM32L0_IAP_using_UART\Projects\STM3210C_EVAL\IAP_Binary_Template\EWARM\stm32f107xc_flash_offset.icf"
#        --semihosting --entry __iar_program_start --vfe
#
###############################################################################

*******************************************************************************
*** RUNTIME MODEL ATTRIBUTES
***

CppFlavor       = *
__SystemLibrary = DLib


*******************************************************************************
*** PLACEMENT SUMMARY
***

"A1":  place at 0x08004000 { ro section .intvec };
"P1":  place in [from 0x08004000 to 0x0803ffff] { ro };
"P2":  place in [from 0x20000000 to 0x2000ffff] { rw, block CSTACK, block HEAP };

  Section            Kind        Address   Size  Object
  -------            ----        -------   ----  ------
"A1":                                     0x150
  .intvec            ro code  0x08004000  0x150  startup_stm32f107xc.o [1]
                            - 0x08004150  0x150

"P1":                                     0xdc4
  .text              ro code  0x08004150  0x624  stm32f1xx_hal_rcc_ex.o [1]
  .text              ro code  0x08004774   0x78  stm32f1xx_hal.o [1]
  .text              ro code  0x080047ec   0x56  ABImemcpy_unaligned.o [4]
  .text              ro code  0x08004844   0xc0  stm32f1xx_hal_cortex.o [1]
  .text              ro code  0x08004904   0x38  stm32f1xx_hal_rcc.o [1]
  .text              ro code  0x0800493c  0x1b8  stm32f1xx_hal_gpio.o [1]
  .text              ro code  0x08004af4   0xf2  main.o [1]
  .text              ro code  0x08004be8   0xa0  stm3210c_eval.o [1]
  .text              ro code  0x08004c88    0x6  ABImemclr4.o [4]
  .text              ro code  0x08004c90   0x32  ABImemset48.o [4]
  .text              ro code  0x08004cc4   0x58  system_stm32f1xx.o [1]
  .text              ro code  0x08004d1c   0x2c  copy_init3.o [4]
  .text              ro code  0x08004d48   0x28  data_init.o [4]
  .iar.init_table    const    0x08004d70   0x14  - Linker created -
  .text              ro code  0x08004d84   0x1a  cmain.o [4]
  .text              ro code  0x08004d9e    0x4  low_level_init.o [3]
  .text              ro code  0x08004da2    0x4  exit.o [3]
  .text              ro code  0x08004da8    0xa  cexit.o [4]
  .text              ro code  0x08004db4   0x14  exit.o [5]
  .text              ro code  0x08004dc8   0x14  stm32f1xx_it.o [1]
  .text              ro code  0x08004ddc   0x10  startup_stm32f107xc.o [1]
  .text              ro code  0x08004dec    0xc  cstartup_M.o [4]
  .text              ro code  0x08004df8    0x4  startup_stm32f107xc.o [1]
  .text              ro code  0x08004dfc    0x4  startup_stm32f107xc.o [1]
  .text              ro code  0x08004e00    0x4  startup_stm32f107xc.o [1]
  .text              ro code  0x08004e04    0x4  startup_stm32f107xc.o [1]
  .text              ro code  0x08004e08    0x4  startup_stm32f107xc.o [1]
  .text              ro code  0x08004e0c    0x4  startup_stm32f107xc.o [1]
  .text              ro code  0x08004e10    0x4  startup_stm32f107xc.o [1]
  .text              ro code  0x08004e14    0x4  startup_stm32f107xc.o [1]
  .text              ro code  0x08004e18    0x4  startup_stm32f107xc.o [1]
  .text              ro code  0x08004e1c    0x4  startup_stm32f107xc.o [1]
  .text              ro code  0x08004e20    0x4  startup_stm32f107xc.o [1]
  .text              ro code  0x08004e24    0x4  startup_stm32f107xc.o [1]
  .text              ro code  0x08004e28    0x4  startup_stm32f107xc.o [1]
  .text              ro code  0x08004e2c    0x4  startup_stm32f107xc.o [1]
  .text              ro code  0x08004e30    0x4  startup_stm32f107xc.o [1]
  .text              ro code  0x08004e34    0x4  startup_stm32f107xc.o [1]
  .text              ro code  0x08004e38    0x4  startup_stm32f107xc.o [1]
  .text              ro code  0x08004e3c    0x4  startup_stm32f107xc.o [1]
  .text              ro code  0x08004e40    0x4  startup_stm32f107xc.o [1]
  .text              ro code  0x08004e44    0x4  startup_stm32f107xc.o [1]
  .text              ro code  0x08004e48    0x4  startup_stm32f107xc.o [1]
  .text              ro code  0x08004e4c    0x4  startup_stm32f107xc.o [1]
  .text              ro code  0x08004e50    0x4  startup_stm32f107xc.o [1]
  .text              ro code  0x08004e54    0x4  startup_stm32f107xc.o [1]
  .text              ro code  0x08004e58    0x4  startup_stm32f107xc.o [1]
  .text              ro code  0x08004e5c    0x4  startup_stm32f107xc.o [1]
  .text              ro code  0x08004e60    0x4  startup_stm32f107xc.o [1]
  .text              ro code  0x08004e64    0x4  startup_stm32f107xc.o [1]
  .text              ro code  0x08004e68    0x4  startup_stm32f107xc.o [1]
  .text              ro code  0x08004e6c    0x4  startup_stm32f107xc.o [1]
  .text              ro code  0x08004e70    0x4  startup_stm32f107xc.o [1]
  .text              ro code  0x08004e74    0x4  startup_stm32f107xc.o [1]
  .text              ro code  0x08004e78    0x4  startup_stm32f107xc.o [1]
  .text              ro code  0x08004e7c    0x4  startup_stm32f107xc.o [1]
  .text              ro code  0x08004e80    0x4  startup_stm32f107xc.o [1]
  .text              ro code  0x08004e84    0x4  startup_stm32f107xc.o [1]
  .text              ro code  0x08004e88    0x4  startup_stm32f107xc.o [1]
  .text              ro code  0x08004e8c    0x4  startup_stm32f107xc.o [1]
  .text              ro code  0x08004e90    0x4  startup_stm32f107xc.o [1]
  .text              ro code  0x08004e94    0x4  startup_stm32f107xc.o [1]
  .text              ro code  0x08004e98    0x4  startup_stm32f107xc.o [1]
  .text              ro code  0x08004e9c    0x4  startup_stm32f107xc.o [1]
  .text              ro code  0x08004ea0    0x4  startup_stm32f107xc.o [1]
  .text              ro code  0x08004ea4    0x4  startup_stm32f107xc.o [1]
  .text              ro code  0x08004ea8    0x4  startup_stm32f107xc.o [1]
  .text              ro code  0x08004eac    0x4  startup_stm32f107xc.o [1]
  .text              ro code  0x08004eb0    0x4  startup_stm32f107xc.o [1]
  .text              ro code  0x08004eb4    0x4  startup_stm32f107xc.o [1]
  .text              ro code  0x08004eb8    0x4  startup_stm32f107xc.o [1]
  .text              ro code  0x08004ebc    0x4  startup_stm32f107xc.o [1]
  .text              ro code  0x08004ec0    0x4  startup_stm32f107xc.o [1]
  .text              ro code  0x08004ec4    0x4  startup_stm32f107xc.o [1]
  .text              ro code  0x08004ec8    0x4  startup_stm32f107xc.o [1]
  .text              ro code  0x08004ecc    0x4  startup_stm32f107xc.o [1]
  .text              ro code  0x08004ed0    0x4  startup_stm32f107xc.o [1]
  .text              ro code  0x08004ed4    0x4  startup_stm32f107xc.o [1]
  .text              ro code  0x08004ed8    0x4  startup_stm32f107xc.o [1]
  .text              ro code  0x08004edc    0x4  startup_stm32f107xc.o [1]
  .text              ro code  0x08004ee0    0x4  startup_stm32f107xc.o [1]
  .text              ro code  0x08004ee4    0x4  startup_stm32f107xc.o [1]
  .text              ro code  0x08004ee8    0x4  startup_stm32f107xc.o [1]
  .rodata            const    0x08004eec    0x0  copy_init3.o [4]
  Initializer bytes  const    0x08004eec   0x28  <for P2 s0>
                            - 0x08004f14  0xdc4

"P2":                                     0x528
  P2 s0                       0x20000000   0x28  <Init block>
    .data            inited   0x20000000   0x14  system_stm32f1xx.o [1]
    .data            inited   0x20000014   0x10  stm3210c_eval.o [1]
    .bss             inited   0x20000024    0x4  stm32f1xx_hal.o [1]
  CSTACK                      0x20000028  0x500  <Block>
    CSTACK           uninit   0x20000028  0x500  <Block tail>
                            - 0x20000528  0x528


*******************************************************************************
*** INIT TABLE
***

          Address     Size
          -------     ----
Copy (__iar_copy_init3)
    1 source range, total size 0x28:
          0x08004eec  0x28
    1 destination range, total size 0x28:
          0x20000000  0x28



*******************************************************************************
*** MODULE SUMMARY
***

    Module                  ro code  ro data  rw data
    ------                  -------  -------  -------
C:\Users\jaroslav houdek\Documents\AN4657-STM32L0_IAP_using_UART\Projects\STM3210C_EVAL\IAP_Binary_Template\EWARM\STM3210C_EVAL\Obj: [1]
    main.o                      242
    startup_stm32f107xc.o       596
    stm3210c_eval.o             160       16       16
    stm32f1xx_hal.o             120        4        4
    stm32f1xx_hal_cortex.o      192
    stm32f1xx_hal_gpio.o        440
    stm32f1xx_hal_rcc.o          56
    stm32f1xx_hal_rcc_ex.o    1 572
    stm32f1xx_it.o               20
    system_stm32f1xx.o           88       20       20
    -------------------------------------------------
    Total:                    3 486       40       40

command line: [2]
    -------------------------------------------------
    Total:

dl7M_tlf.a: [3]
    exit.o                        4
    low_level_init.o              4
    -------------------------------------------------
    Total:                        8

rt7M_tl.a: [4]
    ABImemclr4.o                  6
    ABImemcpy_unaligned.o        86
    ABImemset48.o                50
    cexit.o                      10
    cmain.o                      26
    copy_init3.o                 44
    cstartup_M.o                 12
    data_init.o                  40
    -------------------------------------------------
    Total:                      274

shb_l.a: [5]
    exit.o                       20
    -------------------------------------------------
    Total:                       20

    Gaps                         12
    Linker created                        20    1 280
-----------------------------------------------------
    Grand Total:              3 800       60    1 320


*******************************************************************************
*** ENTRY LIST
***

Entry                      Address   Size  Type      Object
-----                      -------   ----  ----      ------
.iar.init_table$$Base   0x08004d70          --   Gb  - Linker created -
.iar.init_table$$Limit  0x08004d84          --   Gb  - Linker created -
?main                   0x08004d85         Code  Gb  cmain.o [4]
AHBPrescTable           0x20000000   0x10  Data  Gb  system_stm32f1xx.o [1]
BSP_LED_Init            0x08004be9   0x62  Code  Gb  stm3210c_eval.o [1]
BSP_LED_On              0x08004c4b   0x14  Code  Gb  stm3210c_eval.o [1]
BSP_LED_Toggle          0x08004c5f   0x12  Code  Gb  stm3210c_eval.o [1]
BusFault_Handler        0x08004dcf    0x2  Code  Gb  stm32f1xx_it.o [1]
CSTACK$$Base            0x20000028          --   Gb  - Linker created -
CSTACK$$Limit           0x20000528          --   Gb  - Linker created -
DebugMon_Handler        0x08004dd5    0x2  Code  Gb  stm32f1xx_it.o [1]
HAL_Delay               0x080047cb   0x18  Code  Wk  stm32f1xx_hal.o [1]
HAL_GPIO_Init           0x0800493d  0x174  Code  Gb  stm32f1xx_hal_gpio.o [1]
HAL_GPIO_TogglePin      0x08004ab9    0x8  Code  Gb  stm32f1xx_hal_gpio.o [1]
HAL_GPIO_WritePin       0x08004ab1    0x8  Code  Gb  stm32f1xx_hal_gpio.o [1]
HAL_GetTick             0x080047c5    0x6  Code  Wk  stm32f1xx_hal.o [1]
HAL_IncTick             0x080047bb    0xa  Code  Wk  stm32f1xx_hal.o [1]
HAL_Init                0x08004775   0x20  Code  Gb  stm32f1xx_hal.o [1]
HAL_InitTick            0x08004797   0x24  Code  Wk  stm32f1xx_hal.o [1]
HAL_MspInit             0x08004795    0x2  Code  Wk  stm32f1xx_hal.o [1]
HAL_NVIC_SetPriority    0x08004883   0x44  Code  Gb  stm32f1xx_hal_cortex.o [1]
HAL_NVIC_SetPriorityGrouping
                        0x08004869   0x1a  Code  Gb  stm32f1xx_hal_cortex.o [1]
HAL_RCC_ClockConfig     0x080044fd  0x144  Code  Gb  stm32f1xx_hal_rcc_ex.o [1]
HAL_RCC_GetHCLKFreq     0x08004905   0x20  Code  Gb  stm32f1xx_hal_rcc.o [1]
HAL_RCC_GetSysClockFreq
                        0x0800468f   0x88  Code  Gb  stm32f1xx_hal_rcc_ex.o [1]
HAL_RCC_OscConfig       0x08004151  0x384  Code  Gb  stm32f1xx_hal_rcc_ex.o [1]
HAL_SYSTICK_Config      0x080048c7   0x28  Code  Gb  stm32f1xx_hal_cortex.o [1]
HardFault_Handler       0x08004dcb    0x2  Code  Gb  stm32f1xx_it.o [1]
LED_PIN                 0x08004c80    0x8  Data  Gb  stm3210c_eval.o [1]
LED_PORT                0x20000014   0x10  Data  Gb  stm3210c_eval.o [1]
MemManage_Handler       0x08004dcd    0x2  Code  Gb  stm32f1xx_it.o [1]
NMI_Handler             0x08004dc9    0x2  Code  Gb  stm32f1xx_it.o [1]
NVIC_GetPriorityGrouping
                        0x08004845    0xa  Code  Lc  stm32f1xx_hal_cortex.o [1]
NVIC_SetPriority        0x0800484f   0x1a  Code  Lc  stm32f1xx_hal_cortex.o [1]
PendSV_Handler          0x08004dd7    0x2  Code  Gb  stm32f1xx_it.o [1]
Region$$Table$$Base     0x08004d70          --   Gb  - Linker created -
Region$$Table$$Limit    0x08004d84          --   Gb  - Linker created -
SVC_Handler             0x08004dd3    0x2  Code  Gb  stm32f1xx_it.o [1]
SysTick_Handler         0x08004dd9    0x4  Code  Gb  stm32f1xx_it.o [1]
SystemClock_Config      0x08004b7d   0x6a  Code  Gb  main.o [1]
SystemCoreClock         0x20000010    0x4  Data  Gb  system_stm32f1xx.o [1]
SystemInit              0x08004cc5   0x44  Code  Gb  system_stm32f1xx.o [1]
UsageFault_Handler      0x08004dd1    0x2  Code  Gb  stm32f1xx_it.o [1]
__aeabi_memclr4         0x08004c89         Code  Gb  ABImemclr4.o [4]
__cmain                 0x08004d85         Code  Gb  cmain.o [4]
__exit                  0x08004db5   0x14  Code  Gb  exit.o [5]
__iar_Memset4_word      0x08004c91         Code  Gb  ABImemset48.o [4]
__iar_Memset8_word      0x08004c91         Code  Gb  ABImemset48.o [4]
__iar_copy_init3        0x08004d1d   0x2c  Code  Gb  copy_init3.o [4]
__iar_data_init3        0x08004d49   0x28  Code  Gb  data_init.o [4]
__iar_program_start     0x08004ded         Code  Gb  cstartup_M.o [4]
__iar_unaligned___aeabi_memcpy4
                        0x080047ed         Code  Gb  ABImemcpy_unaligned.o [4]
__iar_unaligned___aeabi_memcpy8
                        0x080047ed         Code  Gb  ABImemcpy_unaligned.o [4]
__low_level_init        0x08004d9f    0x4  Code  Gb  low_level_init.o [3]
__vector_table          0x08004000         Data  Gb  startup_stm32f107xc.o [1]
_call_main              0x08004d91         Code  Gb  cmain.o [4]
_exit                   0x08004da9         Code  Gb  cexit.o [4]
_main                   0x08004d9b         Code  Gb  cmain.o [4]
aAPBAHBPrescTable       0x0800492c   0x10  Data  Gb  stm32f1xx_hal_rcc.o [1]
exit                    0x08004da3    0x4  Code  Gb  exit.o [3]
main                    0x08004af5   0x7c  Code  Gb  main.o [1]
uwTick                  0x20000024    0x4  Data  Lc  stm32f1xx_hal.o [1]


[1] = C:\Users\jaroslav houdek\Documents\AN4657-STM32L0_IAP_using_UART\Projects\STM3210C_EVAL\IAP_Binary_Template\EWARM\STM3210C_EVAL\Obj
[2] = command line
[3] = dl7M_tlf.a
[4] = rt7M_tl.a
[5] = shb_l.a

  3 800 bytes of readonly  code memory
     60 bytes of readonly  data memory
  1 320 bytes of readwrite data memory

Errors: none
Warnings: none
